******************************************************************************
                  MSP430 Linker PC v4.4.8                      
******************************************************************************
>> Linked Mon Oct 16 09:54:40 2017

OUTPUT FILE NAME:   <LogAndStream.out>
ENTRY POINT SYMBOL: "_c_int00_noargs_noexit"  address: 00006752


MEMORY CONFIGURATION

         name            origin    length      used     unused   attr    fill
----------------------  --------  ---------  --------  --------  ----  --------
  SFR                   00000000   00000010  00000000  00000010  RWIX
  PERIPHERALS_8BIT      00000010   000000f0  00000000  000000f0  RWIX
  PERIPHERALS_16BIT     00000100   00000100  00000000  00000100  RWIX
  INFOD                 00001800   00000080  00000000  00000080  RWIX
  INFOC                 00001880   00000080  00000000  00000080  RWIX
  INFOB                 00001900   00000080  00000000  00000080  RWIX
  INFOA                 00001980   00000080  00000000  00000080  RWIX
  RAM                   00001c00   00004000  00001f4a  000020b6  RWIX
  FLASH                 00005c00   0000a380  000021ec  00008194  RWIX
  INT00                 0000ff80   00000002  00000000  00000002  RWIX
  INT01                 0000ff82   00000002  00000000  00000002  RWIX
  INT02                 0000ff84   00000002  00000000  00000002  RWIX
  INT03                 0000ff86   00000002  00000000  00000002  RWIX
  INT04                 0000ff88   00000002  00000000  00000002  RWIX
  INT05                 0000ff8a   00000002  00000000  00000002  RWIX
  INT06                 0000ff8c   00000002  00000000  00000002  RWIX
  INT07                 0000ff8e   00000002  00000000  00000002  RWIX
  INT08                 0000ff90   00000002  00000000  00000002  RWIX
  INT09                 0000ff92   00000002  00000000  00000002  RWIX
  INT10                 0000ff94   00000002  00000000  00000002  RWIX
  INT11                 0000ff96   00000002  00000000  00000002  RWIX
  INT12                 0000ff98   00000002  00000000  00000002  RWIX
  INT13                 0000ff9a   00000002  00000000  00000002  RWIX
  INT14                 0000ff9c   00000002  00000000  00000002  RWIX
  INT15                 0000ff9e   00000002  00000000  00000002  RWIX
  INT16                 0000ffa0   00000002  00000000  00000002  RWIX
  INT17                 0000ffa2   00000002  00000000  00000002  RWIX
  INT18                 0000ffa4   00000002  00000000  00000002  RWIX
  INT19                 0000ffa6   00000002  00000000  00000002  RWIX
  INT20                 0000ffa8   00000002  00000000  00000002  RWIX
  INT21                 0000ffaa   00000002  00000000  00000002  RWIX
  INT22                 0000ffac   00000002  00000000  00000002  RWIX
  INT23                 0000ffae   00000002  00000000  00000002  RWIX
  INT24                 0000ffb0   00000002  00000000  00000002  RWIX
  INT25                 0000ffb2   00000002  00000000  00000002  RWIX
  INT26                 0000ffb4   00000002  00000000  00000002  RWIX
  INT27                 0000ffb6   00000002  00000000  00000002  RWIX
  INT28                 0000ffb8   00000002  00000000  00000002  RWIX
  INT29                 0000ffba   00000002  00000000  00000002  RWIX
  INT30                 0000ffbc   00000002  00000000  00000002  RWIX
  INT31                 0000ffbe   00000002  00000000  00000002  RWIX
  INT32                 0000ffc0   00000002  00000000  00000002  RWIX
  INT33                 0000ffc2   00000002  00000000  00000002  RWIX
  INT34                 0000ffc4   00000002  00000000  00000002  RWIX
  INT35                 0000ffc6   00000002  00000000  00000002  RWIX
  INT36                 0000ffc8   00000002  00000000  00000002  RWIX
  INT37                 0000ffca   00000002  00000000  00000002  RWIX
  INT38                 0000ffcc   00000002  00000000  00000002  RWIX
  INT39                 0000ffce   00000002  00000000  00000002  RWIX
  INT40                 0000ffd0   00000002  00000000  00000002  RWIX
  INT41                 0000ffd2   00000002  00000002  00000000  RWIX
  INT42                 0000ffd4   00000002  00000002  00000000  RWIX
  INT43                 0000ffd6   00000002  00000000  00000002  RWIX
  INT44                 0000ffd8   00000002  00000000  00000002  RWIX
  INT45                 0000ffda   00000002  00000002  00000000  RWIX
  INT46                 0000ffdc   00000002  00000002  00000000  RWIX
  INT47                 0000ffde   00000002  00000002  00000000  RWIX
  INT48                 0000ffe0   00000002  00000002  00000000  RWIX
  INT49                 0000ffe2   00000002  00000002  00000000  RWIX
  INT50                 0000ffe4   00000002  00000002  00000000  RWIX
  INT51                 0000ffe6   00000002  00000000  00000002  RWIX
  INT52                 0000ffe8   00000002  00000000  00000002  RWIX
  INT53                 0000ffea   00000002  00000002  00000000  RWIX
  INT54                 0000ffec   00000002  00000002  00000000  RWIX
  INT55                 0000ffee   00000002  00000002  00000000  RWIX
  INT56                 0000fff0   00000002  00000002  00000000  RWIX
  INT57                 0000fff2   00000002  00000002  00000000  RWIX
  INT58                 0000fff4   00000002  00000002  00000000  RWIX
  INT59                 0000fff6   00000002  00000002  00000000  RWIX
  INT60                 0000fff8   00000002  00000002  00000000  RWIX
  INT61                 0000fffa   00000002  00000002  00000000  RWIX
  INT62                 0000fffc   00000002  00000002  00000000  RWIX
  RESET                 0000fffe   00000002  00000002  00000000  RWIX
  FLASH2                00010000   00035c00  000134fa  00022706  RWIX


SECTION ALLOCATION MAP

 output                                  attributes/
section   page    origin      length       input sections
--------  ----  ----------  ----------   ----------------
.bss       0    00001c00    00001d46     UNINITIALIZED
                  00001c00    00000400     (.common:shimmerCalib_ram)
                  00002000    00000400     (.common:shimmerCalib_ramTemp)
                  00002400    0000022e     (.common:fatfs)
                  0000262e    00000224     (.common:fil)
                  00002852    00000200     (.common:LfnBuf)
                  00002a52    00000200     (.common:sdBuff)
                  00002c52    00000200     (.common:storedConfig)
                  00002e52    00000100     (.common:sdHeadText)
                  00002f52    00000096     (.common:clock)
                  00002fe8    0000008a     (.common:uartRespBuf)
                  00003072    0000008a     (.common:uartRxBuf)
                  000030fc    0000008a     (.common:uart_messageBuffer)
                  00003186    00000088     (.common:messageBuffer)
                  0000320e    00000088     (.common:resPacket)
                  00003296    00000084     (.common:args)
                  0000331a    00000084     (.common:btRxBuff)
                  0000339e    00000080     (.common:slave_addresses)
                  0000341e    00000056     (.common:txBuff0)
                  00003474    00000056     (.common:txBuff1)
                  000034ca    00000040     (.common:dirName)
                  0000350a    00000040     (.common:fileName)
                  0000354a    00000022     (.common:dir)
                  0000356c    00000020     (.common:commandbuf)
                  0000358c    00000020     (.common:expDirName)
                  000035ac    0000001c     (.common:channelContents)
                  000035c8    00000018     (.common:bmpX80Calib)
                  000035e0    00000016     (.common:realTimeClockText64)
                  000035f6    00000016     (.common:realTimeDiffText64)
                  0000360c    00000012     (.common:newName)
                  0000361e    00000012     (.common:newPIN)
                  00003630    00000012     (.common:newSvcName)
                  00003642    00000010     (.common:daughtCardId)
                  00003652    00000010     (.common:targetBt)
                  00003662    00000010     (.common:uca0Isr)
                  00003672    0000000e     (.common:expIdName)
                  00003680    0000000e     (.common:mac)
                  0000368e    0000000e     (.common:newAutoMaster)
                  0000369c    0000000e     (.common:realTimeClockText40)
                  000036aa    0000000e     (.common:shimmerName)
                  000036b8    0000000c     (.common:configTimeText)
                  000036c4    0000000a     (.common:chip1Buffer1)
                  000036ce    0000000a     (.common:chip1Buffer2)
                  000036d8    0000000a     (.common:chip2Buffer1)
                  000036e2    0000000a     (.common:chip2Buffer2)
                  000036ec    0000000a     (.common:data)
                  000036f6    00000008     (.common:buttonLastReleaseTs64)
                  000036fe    00000008     (.common:buttonPressTs64)
                  00003706    00000008     (.common:buttonReleaseTs64)
                  0000370e    00000008     (.common:button_press_release_td64)
                  00003716    00000008     (.common:button_two_release_td64)
                  0000371e    00000008     (.common:expectedCommandResponse)
                  00003726    00000008     (.common:fileLastHour)
                  0000372e    00000008     (.common:fileLastMin)
                  00003736    00000008     (.common:firstTs)
                  0000373e    00000008     (.common:realTimeClock64)
                  00003746    00000008     (.common:receiveBuffer)
                  0000374e    00000008     (.common:rwcConfigTime64)
                  00003756    00000008     (.common:rwcTimeDiff64)
                  0000375e    00000008     (.common:startSensingTs64)
                  00003766    00000006     (.common:bmpVal)
                  0000376c    00000006     (.common:macAddr)
                  00003772    00000006     (.common:myTimeDiff)
                  00003778    00000006     (.common:newBaudrate)
                  0000377e    00000006     (.common:newDevClass)
                  00003784    00000006     (.common:newInquiryTime)
                  0000378a    00000006     (.common:newPagingTime)
                  00003790    00000006     (.common:newRawBaudrate)
                  00003796    00000006     (.common:newSvcClass)
                  0000379c    00000006     (.common:rcommResp)
                  000037a2    00000006     (.common:shimmerCalib_macId)
                  000037a8    00000006     (.common:userBaudRate)
                  000037ae    00000004     (.common:FatFs)
                  000037b2    00000004     (.common:activeBuffer)
                  000037b6    00000004     (.common:adcStartPtr)
                  000037ba    00000004     (.common:battInterval)
                  000037be    00000004     (.common:battLastTs64)
                  000037c2    00000004     (.common:battVal)
                  000037c6    00000004     (.common:btRxExp)
                  000037ca    00000004     (.common:clockFreq)
                  000037ce    00000004     (.common:dierecord)
                  000037d2    00000004     (.common:last_resistance)
                  000037d6    00000004     (.common:last_ts)
                  000037da    00000004     (.common:maxLen)
                  000037de    00000004     (.common:maxLenCnt)
                  000037e2    00000004     (.common:rtcLocalTime32h)
                  000037e6    00000004     (.common:runSetCommands_cb)
                  000037ea    00000004     (.common:rx_packet_data)
                  000037ee    00000004     (.common:slave_address_pointer)
                  000037f2    00000004     (.common:this_ts)
                  000037f6    00000004     (.common:tx_packet_data)
                  000037fa    00000004     (.common:uartCallbackFunc)
                  000037fe    00000002     (.common:Fsid)
                  00003800    00000002     (.common:blinkCnt10)
                  00003802    00000002     (.common:blinkCnt20)
                  00003804    00000002     (.common:blinkCnt50)
                  00003806    00000002     (.common:blockLen)
                  00003808    00000002     (.common:bmpPresInterval)
                  0000380a    00000002     (.common:bmpTempInterval)
                  0000380c    00000002     (.common:calibRamOffset)
                  0000380e    00000002     (.common:clk_10)
                  00003810    00000002     (.common:clk_1000)
                  00003812    00000002     (.common:clk_105)
                  00003814    00000002     (.common:clk_115)
                  00003816    00000002     (.common:clk_120)
                  00003818    00000002     (.common:clk_135)
                  0000381a    00000002     (.common:clk_135_90)
                  0000381c    00000002     (.common:clk_145)
                  0000381e    00000002     (.common:clk_150)
                  00003820    00000002     (.common:clk_165)
                  00003822    00000002     (.common:clk_195)
                  00003824    00000002     (.common:clk_195_90)
                  00003826    00000002     (.common:clk_225)
                  00003828    00000002     (.common:clk_250)
                  0000382a    00000002     (.common:clk_2500)
                  0000382c    00000002     (.common:clk_255)
                  0000382e    00000002     (.common:clk_255_90)
                  00003830    00000002     (.common:clk_285)
                  00003832    00000002     (.common:clk_375)
                  00003834    00000002     (.common:clk_375_90)
                  00003836    00000002     (.common:clk_405)
                  00003838    00000002     (.common:clk_45)
                  0000383a    00000002     (.common:clk_50)
                  0000383c    00000002     (.common:clk_55)
                  0000383e    00000002     (.common:clk_75)
                  00003840    00000002     (.common:clk_85)
                  00003842    00000002     (.common:clk_90)
                  00003844    00000002     (.common:clk_90_45)
                  00003846    00000002     (.common:clk_90_55)
                  00003848    00000002     (.common:clk_90_75)
                  0000384a    00000002     (.common:clk_90_85)
                  0000384c    00000002     (.common:dcMemOffset)
                  0000384e    00000002     (.common:dirCounter)
                  00003850    00000002     (.common:ff_result)
                  00003852    00000002     (.common:fileNum)
                  00003854    00000002     (.common:infomemOffset)
                  00003856    00000002     (.common:lastGsrVal)
                  00003858    00000002     (.common:max_resistance_step)
                  0000385a    00000002     (.common:rcommSpecialInt)
                  0000385c    00000002     (.common:rx_byte_ctr)
                  0000385e    00000002     (.common:rx_packet_length)
                  00003860    00000002     (.common:sdBuffLen)
                  00003862    00000002     (.common:secondTry)
                  00003864    00000002     (.common:shimmerCalib_ramLen)
                  00003866    00000002     (.common:shimmerCalib_ramTempLen)
                  00003868    00000002     (.common:shimmerCalib_ramTempMax)
                  0000386a    00000002     (.common:starting)
                  0000386c    00000002     (.common:transient_sample)
                  0000386e    00000002     (.common:transient_smoothing_samples)
                  00003870    00000002     (.common:uartDcMemOffset)
                  00003872    00000002     (.common:uartInfoMemOffset)
                  00003874    00000001     (.common:CardType)
                  00003875    00000001     (.common:SD_ERROR)
                  00003876    00000001     (.common:SD_IN_SLOT)
                  00003877    00000001     (.common:aAccelCalibrationResponse)
                  00003878    00000001     (.common:allCalibrationResponse)
                  00003879    00000001     (.common:argsSize)
                  0000387a    00000001     (.common:authenticate)
                  0000387b    00000001     (.common:battRead)
                  0000387c    00000001     (.common:battStat)
                  0000387d    00000001     (.common:battWait)
                  0000387e    00000001     (.common:blinkLedResponse)
                  0000387f    00000001     (.common:blinkStatus)
                  00003880    00000001     (.common:bmp180CalibrationCoefficientsResponse)
                  00003881    00000001     (.common:bmp280CalibrationCoefficientsResponse)
                  00003882    00000001     (.common:bmpInUse)
                  00003883    00000001     (.common:bmpPressCount)
                  00003884    00000001     (.common:bmpPressFreq)
                  00003885    00000001     (.common:bmpX80)
                  00003886    00000001     (.common:bmpX80Address)
                  00003887    00000001     (.common:bmpX80OversamplingRatioResponse)
                  00003888    00000001     (.common:btCommsBaudRateResponse)
                  00003889    00000001     (.common:btConnected)
                  0000388a    00000001     (.common:btIsConnected)
                  0000388b    00000001     (.common:btPowerOn)
                  0000388c    00000001     (.common:btVbattResponse)
                  0000388d    00000001     (.common:bt_getmac_start)
                  0000388e    00000001     (.common:bt_getmac_step)
                  0000388f    00000001     (.common:bt_runmastercommands_start)
                  00003890    00000001     (.common:bt_runmastercommands_step)
                  00003891    00000001     (.common:bt_setbaudrate_start)
                  00003892    00000001     (.common:bt_setbaudrate_step)
                  00003893    00000001     (.common:bt_setcommands_start)
                  00003894    00000001     (.common:bt_setcommands_step)
                  00003895    00000001     (.common:btsdSelfCmd)
                  00003896    00000001     (.common:btstreamReady)
                  00003897    00000001     (.common:bufferSizeResponse)
                  00003898    00000001     (.common:calibRamFlag)
                  00003899    00000001     (.common:calibRamLength)
                  0000389a    00000001     (.common:calibRamResponse)
                  0000389b    00000001     (.common:cb_cnt)
                  0000389c    00000001     (.common:centerResponse)
                  0000389d    00000001     (.common:changeBtBaudRate)
                  0000389e    00000001     (.common:charsReceived)
                  0000389f    00000001     (.common:charsSent)
                  000038a0    00000001     (.common:chip1CurrentFullBuffer)
                  000038a1    00000001     (.common:chip1ReadPending)
                  000038a2    00000001     (.common:chip2CurrentFullBuffer)
                  000038a3    00000001     (.common:chip2ReadPending)
                  000038a4    00000001     (.common:command_received)
                  000038a5    00000001     (.common:configSetupBytesResponse)
                  000038a6    00000001     (.common:configTimeResponse)
                  000038a7    00000001     (.common:configureChannels)
                  000038a8    00000001     (.common:configuring)
                  000038a9    00000001     (.common:crcChecksum)
                  000038aa    00000001     (.common:currentBuffer)
                  000038ab    00000001     (.common:dAccelCalibrationResponse)
                  000038ac    00000001     (.common:dcIdResponse)
                  000038ad    00000001     (.common:dcMemLength)
                  000038ae    00000001     (.common:dcMemResponse)
                  000038af    00000001     (.common:derivedChannelResponse)
                  000038b0    00000001     (.common:deviceConn)
                  000038b1    00000001     (.common:deviceVersionResponse)
                  000038b2    00000001     (.common:dirLen)
                  000038b3    00000001     (.common:dirResponse)
                  000038b4    00000001     (.common:disableRemoteConfig)
                  000038b5    00000001     (.common:discoverable)
                  000038b6    00000001     (.common:docked)
                  000038b7    00000001     (.common:dockedResponse)
                  000038b8    00000001     (.common:eepromIsPresent)
                  000038b9    00000001     (.common:enableBtstream)
                  000038ba    00000001     (.common:enableSdlog)
                  000038bb    00000001     (.common:encrypt)
                  000038bc    00000001     (.common:exgChip)
                  000038bd    00000001     (.common:exgLength)
                  000038be    00000001     (.common:exgRegsResponse)
                  000038bf    00000001     (.common:exgStartAddr)
                  000038c0    00000001     (.common:expIDResponse)
                  000038c1    00000001     (.common:fileBad)
                  000038c2    00000001     (.common:fileBadCnt)
                  000038c3    00000001     (.common:firstTsFlag)
                  000038c4    00000001     (.common:fwVersionResponse)
                  000038c5    00000001     (.common:gAction)
                  000038c6    00000001     (.common:getMacAddress)
                  000038c7    00000001     (.common:getRcomm)
                  000038c8    00000001     (.common:getVersion)
                  000038c9    00000001     (.common:got_first_sample)
                  000038ca    00000001     (.common:gsrActiveResistor)
                  000038cb    00000001     (.common:gsrRangeResponse)
                  000038cc    00000001     (.common:gyroCalibrationResponse)
                  000038cd    00000001     (.common:in_delay_ms)
                  000038ce    00000001     (.common:infomemLength)
                  000038cf    00000001     (.common:infomemResponse)
                  000038d0    00000001     (.common:initializing)
                  000038d1    00000001     (.common:inquiryResponse)
                  000038d2    00000001     (.common:internalExpPowerEnableResponse)
                  000038d3    00000001     (.common:isLogging)
                  000038d4    00000001     (.common:isStreaming)
                  000038d5    00000001     (.common:lastLedGroup2)
                  000038d6    00000001     (.common:last_active_resistor)
                  000038d7    00000001     (.common:lsm303dlhcAccelHRModeResponse)
                  000038d8    00000001     (.common:lsm303dlhcAccelLPModeResponse)
                  000038d9    00000001     (.common:lsm303dlhcAccelRangeResponse)
                  000038da    00000001     (.common:lsm303dlhcAccelSamplingRateResponse)
                  000038db    00000001     (.common:lsm303dlhcMagGainResponse)
                  000038dc    00000001     (.common:lsm303dlhcMagSamplingRateResponse)
                  000038dd    00000001     (.common:lsmInUse)
                  000038de    00000001     (.common:magCalibrationResponse)
                  000038df    00000001     (.common:messageInProgress)
                  000038e0    00000001     (.common:messageLength)
                  000038e1    00000001     (.common:mpu9150AccelRangeResponse)
                  000038e2    00000001     (.common:mpu9150GyroRangeResponse)
                  000038e3    00000001     (.common:mpu9150MagSensAdjValsResponse)
                  000038e4    00000001     (.common:mpu9150SamplingRateResponse)
                  000038e5    00000001     (.common:mpuMagCount)
                  000038e6    00000001     (.common:mpuMagFreq)
                  000038e7    00000001     (.common:myIDResponse)
                  000038e8    00000001     (.common:nbrAdcChans)
                  000038e9    00000001     (.common:nbrDigiChans)
                  000038ea    00000001     (.common:newDirFlag)
                  000038eb    00000001     (.common:newMode)
                  000038ec    00000001     (.common:nshimmerResponse)
                  000038ed    00000001     (.common:onDefault)
                  000038ee    00000001     (.common:onSingleTouch)
                  000038ef    00000001     (.common:onUserButton)
                  000038f0    00000001     (.common:preSampleBmpPress)
                  000038f1    00000001     (.common:preSampleMpuMag)
                  000038f2    00000001     (.common:processCommand)
                  000038f3    00000001     (.common:radioMode)
                  000038f4    00000001     (.common:rcommTimeout)
                  000038f5    00000001     (.common:rcommWindowCenter)
                  000038f6    00000001     (.common:receive_flag)
                  000038f7    00000001     (.common:resetDefaultsRequest)
                  000038f8    00000001     (.common:rwcErrorEn)
                  000038f9    00000001     (.common:rwcErrorFlash)
                  000038fa    00000001     (.common:rwcResponse)
                  000038fb    00000001     (.common:rxCount)
                  000038fc    00000001     (.common:sampleBmp180Press)
                  000038fd    00000001     (.common:sampleBmpTemp)
                  000038fe    00000001     (.common:sampleBmpTempFreq)
                  000038ff    00000001     (.common:sampleMpu9150Mag)
                  00003900    00000001     (.common:sampleTimerStatus)
                  00003901    00000001     (.common:samplingRateResponse)
                  00003902    00000001     (.common:sdErrorFlash)
                  00003903    00000001     (.common:sdInfoSyncDelayed)
                  00003904    00000001     (.common:sdWrite)
                  00003905    00000001     (.common:sdlogReady)
                  00003906    00000001     (.common:sdlogcfgUpdate)
                  00003907    00000001     (.common:sendAck)
                  00003908    00000001     (.common:sendResponse)
                  00003909    00000001     (.common:sensing)
                  0000390a    00000001     (.common:setBaudrate)
                  0000390b    00000001     (.common:setConfig)
                  0000390c    00000001     (.common:setCustomInquiryTime)
                  0000390d    00000001     (.common:setCustomPagingTime)
                  0000390e    00000001     (.common:setDevClassRequest)
                  0000390f    00000001     (.common:setNameRequest)
                  00003910    00000001     (.common:setPINRequest)
                  00003911    00000001     (.common:setRawBaudrate)
                  00003912    00000001     (.common:setSvcClassRequest)
                  00003913    00000001     (.common:setSvcNameRequest)
                  00003914    00000001     (.common:setUndock)
                  00003915    00000001     (.common:shimmerNameResponse)
                  00003916    00000001     (.common:skip65ms)
                  00003917    00000001     (.common:slowRate)
                  00003918    00000001     (.common:startSensing)
                  00003919    00000001     (.common:stopLogging)
                  0000391a    00000001     (.common:stopSensing)
                  0000391b    00000001     (.common:stopStreaming)
                  0000391c    00000001     (.common:streamData)
                  0000391d    00000001     (.common:streamDataInProc)
                  0000391e    00000001     (.common:syncEnabled)
                  0000391f    00000001     (.common:toggleLedRed)
                  00003920    00000001     (.common:transient_active_resistor)
                  00003921    00000001     (.common:transmissionOverflow)
                  00003922    00000001     (.common:transmit_flag)
                  00003923    00000001     (.common:trialConfigResponse)
                  00003924    00000001     (.common:tx_byte_ctr)
                  00003925    00000001     (.common:tx_packet_length)
                  00003926    00000001     (.common:txie_reg)
                  00003927    00000001     (.common:uartAction)
                  00003928    00000001     (.common:uartArg2Wait)
                  00003929    00000001     (.common:uartArgSize)
                  0000392a    00000001     (.common:uartCrc2Wait)
                  0000392b    00000001     (.common:uartDcMemLength)
                  0000392c    00000001     (.common:uartInfoMemLength)
                  0000392d    00000001     (.common:uartProcessCmds)
                  0000392e    00000001     (.common:uartSendResponses)
                  0000392f    00000001     (.common:uartSendRspAck)
                  00003930    00000001     (.common:uartSendRspBadArg)
                  00003931    00000001     (.common:uartSendRspBadCmd)
                  00003932    00000001     (.common:uartSendRspBadCrc)
                  00003933    00000001     (.common:uartSendRspBat)
                  00003934    00000001     (.common:uartSendRspCurrentTime)
                  00003935    00000001     (.common:uartSendRspGdi)
                  00003936    00000001     (.common:uartSendRspGdm)
                  00003937    00000001     (.common:uartSendRspGim)
                  00003938    00000001     (.common:uartSendRspMac)
                  00003939    00000001     (.common:uartSendRspRtcConfigTime)
                  0000393a    00000001     (.common:uartSendRspVer)
                  0000393b    00000001     (.common:uartSteps)
                  0000393c    00000001     (.common:uart_charsSent)
                  0000393d    00000001     (.common:uart_messageInProgress)
                  0000393e    00000001     (.common:uart_messageLength)
                  0000393f    00000001     (.common:uca0ActivatedIsr)
                  00003940    00000001     (.common:uca0NumIsr)
                  00003941    00000001     (.common:undockSimulate)
                  00003942    00000001     (.common:uniqueSerialResponse)
                  00003943    00000001     (.common:waitingForArgs)
                  00003944    00000001     (.common:waitingForArgsLength)
                  00003945    00000001     (.common:waitpress)

.data      0    00003946    00000164     UNINITIALIZED
                  00003946    000000b0     rts430x_lc_rd_eabi.lib : signal.obj (.data:sigtable)
                  000039f6    00000080                            : xvalues.obj (.data)
                  00003a76    0000000c     hal_DMA.obj (.data)
                  00003a82    00000008     rts430x_lc_rd_eabi.lib : feraiseexcept.obj (.data)
                  00003a8a    00000007     lsm303ahtr.obj (.data:last_data$1)
                  00003a91    00000001     --HOLE--
                  00003a92    00000007     lsm303dlhc.obj (.data:last_data$1)
                  00003a99    00000001     --HOLE--
                  00003a9a    00000004     rts430x_lc_rd_eabi.lib : _lock.obj (.data:_lock)
                  00003a9e    00000004                            : _lock.obj (.data:_unlock)
                  00003aa2    00000004     hal_ADC.obj (.data)
                  00003aa6    00000002     mmc.obj (.data)
                  00003aa8    00000002     rts430x_lc_rd_eabi.lib : errno.obj (.data)

.stack     0    00005b60    000000a0     UNINITIALIZED
                  00005b60    00000004     rts430x_lc_rd_eabi.lib : boot.obj (.stack)
                  00005b64    0000009c     --HOLE--

.text:_isr 
*          0    00005c00    00000b94     
                  00005c00    0000044a     main.obj (.text:_isr:TIMER0_B1_ISR)
                  0000604a    00000212     main.obj (.text:_isr:Port1_ISR)
                  0000625c    00000176     msp430_clock.obj (.text:_isr:TIMER1_A0_ISR)
                  000063d2    00000130     hal_I2C.obj (.text:_isr:USCI_I2C_ISR)
                  00006502    000000a8     main.obj (.text:_isr:TIMER0_B0_ISR)
                  000065aa    00000078     main.obj (.text:_isr:Port2_ISR)
                  00006622    00000060     hal_UCA0.obj (.text:_isr:USCI_A0_ISR)
                  00006682    00000058     hal_ADC.obj (.text:_isr:ADC12_ISR)
                  000066da    0000004c     hal_DMA.obj (.text:_isr:DMA_ISR)
                  00006726    0000002c     main.obj (.text:_isr:TIMER0_A1_ISR)
                  00006752    0000001a     rts430x_lc_rd_eabi.lib : boot_special.obj (.text:_isr:_c_int00_noargs_noexit)
                  0000676c    00000016     RN42.obj (.text:_isr:USCI_A1_ISR)
                  00006782    00000010     hal_RTC.obj (.text:_isr:RTC_ISR)
                  00006792    00000002     main.obj (.text:_isr:TrapIsr)

.const     0    00006794    000015f0     
                  00006794    00000d5c     main.obj (.const:.string)
                  000074f0    000001e0     ccsbcs.obj (.const:tbl_lower$1)
                  000076d0    000001e0     ccsbcs.obj (.const:tbl_upper$2)
                  000078b0    00000126     RN42.obj (.const:.string)
                  000079d6    00000101     rts430x_lc_rd_eabi.lib : ctype.obj (.const:.string:_ctypes_)
                  00007ad7    00000001     --HOLE-- [fill = 0]
                  00007ad8    00000100     ccsbcs.obj (.const:Tbl)
                  00007bd8    00000080     ff.obj (.const:.string:excvt$1)
                  00007c58    00000050     rts430x_lc_rd_eabi.lib : strtod.obj (.const:digits)
                  00007ca8    00000048                            : strtod.obj (.const:powerof10)
                  00007cf0    00000024     shimmer_calibration.obj (.const:.string)
                  00007d14    00000020     rts430x_lc_rd_eabi.lib : xdint.obj (.const:mask$1)
                  00007d34    00000014                            : _printfi_min.obj (.const:.string)
                  00007d48    00000012     ff.obj (.const:.string)
                  00007d5a    0000000d     ff.obj (.const:.string:LfnOfs)
                  00007d67    00000001     --HOLE-- [fill = 0]
                  00007d68    0000000a     main.obj (.const:.string:$P$T0$1)
                  00007d72    0000000a     main.obj (.const:.string:$P$T1$2)
                  00007d7c    00000008     rts430x_lc_rd_eabi.lib : xdint.obj (.const:sub$2)

.cinit     0    00007d84    00000068     
                  00007d84    00000046     (.cinit..data.load) [load image, compression = rle]
                  00007dca    0000000c     (__TI_handler_table)
                  00007dd6    00000006     (.cinit..bss.load) [load image, compression = zero_init]
                  00007ddc    00000010     (__TI_cinit_table)

.init_array 
*          0    00005c00    00000000     UNINITIALIZED

RTC        0    0000ffd2    00000002     
                  0000ffd2    00000002     hal_RTC.obj (.int41)

PORT2      0    0000ffd4    00000002     
                  0000ffd4    00000002     main.obj (.int42)

.TI.noinit 
*          0    00001c00    00000000     UNINITIALIZED

.TI.persistent 
*          0    00003946    00000000     UNINITIALIZED

USCI_B1    0    0000ffda    00000002     
                  0000ffda    00000002     main.obj (.int45)

USCI_A1    0    0000ffdc    00000002     
                  0000ffdc    00000002     RN42.obj (.int46)

PORT1      0    0000ffde    00000002     
                  0000ffde    00000002     main.obj (.int47)

TIMER1_A1 
*          0    0000ffe0    00000002     
                  0000ffe0    00000002     main.obj (.int48)

TIMER1_A0 
*          0    0000ffe2    00000002     
                  0000ffe2    00000002     msp430_clock.obj (.int49)

DMA        0    0000ffe4    00000002     
                  0000ffe4    00000002     hal_DMA.obj (.int50)

TIMER0_A1 
*          0    0000ffea    00000002     
                  0000ffea    00000002     main.obj (.int53)

TIMER0_A0 
*          0    0000ffec    00000002     
                  0000ffec    00000002     main.obj (.int54)

ADC12      0    0000ffee    00000002     
                  0000ffee    00000002     hal_ADC.obj (.int55)

USCI_B0    0    0000fff0    00000002     
                  0000fff0    00000002     hal_I2C.obj (.int56)

USCI_A0    0    0000fff2    00000002     
                  0000fff2    00000002     hal_UCA0.obj (.int57)

WDT        0    0000fff4    00000002     
                  0000fff4    00000002     main.obj (.int58)

TIMER0_B1 
*          0    0000fff6    00000002     
                  0000fff6    00000002     main.obj (.int59)

TIMER0_B0 
*          0    0000fff8    00000002     
                  0000fff8    00000002     main.obj (.int60)

UNMI       0    0000fffa    00000002     
                  0000fffa    00000002     main.obj (.int61)

SYSNMI     0    0000fffc    00000002     
                  0000fffc    00000002     main.obj (.int62)

.reset     0    0000fffe    00000002     
                  0000fffe    00000002     rts430x_lc_rd_eabi.lib : boot.obj (.reset)

.text      0    00010000    000134fa     
                  00010000    000013de     main.obj (.text:UpdateSdConfig)
                  000113de    00001298     main.obj (.text:ProcessCommand)
                  00012676    00000fa8     main.obj (.text:ParseConfig)
                  0001361e    00000e8c     main.obj (.text:SendResponse)
                  000144aa    00000860     main.obj (.text:CalibNewFile)
                  00014d0a    000006f2     main.obj (.text:Init)
                  000153fc    000006d6     main.obj (.text:Dma2ConversionDone)
                  00015ad2    0000063c     main.obj (.text:StreamData)
                  0001610e    00000628     main.obj (.text:StartStreaming)
                  00016736    000005a4     main.obj (.text:UartSendRsp)
                  00016cda    0000054c     main.obj (.text:ConfigureChannels)
                  00017226    000004ee     ff.obj (.text:chk_mounted)
                  00017714    00000452     rts430x_lc_rd_eabi.lib : frcdivd.obj (.text:__TI_frcdivd)
                  00017b66    00000410     RN42.obj (.text:runSetCommands)
                  00017f76    000003ca     shimmer_calibration.obj (.text:ShimmerCalib_default)
                  00018340    0000039a     rts430x_lc_rd_eabi.lib : div64u.obj (.text:__mspabi_divull)
                  000186da    0000034a     main.obj (.text:UartProcessCmd)
                  00018a24    0000031a     rts430x_lc_rd_eabi.lib : fmod.obj (.text:fmod)
                  00018d3e    000002e4                            : frcmpyd.obj (.text:__TI_frcmpyd)
                  00019022    000002e4                            : strtod.obj (.text:strtod)
                  00019306    000002dc     ff.obj (.text:f_write)
                  000195e2    000002d8     rts430x_lc_rd_eabi.lib : addd.obj (.text:__mspabi_addd)
                  000198ba    000002ba     hal_InfoMem.obj (.text:InfoMem_write)
                  00019b74    000002b0     ff.obj (.text:f_lseek)
                  00019e24    00000286     ff.obj (.text:create_name)
                  0001a0aa    00000282     rts430x_lc_rd_eabi.lib : mpyd.obj (.text:__mspabi_mpyd)
                  0001a32c    00000252                            : frcaddd.obj (.text:__TI_frcaddd)
                  0001a57e    00000250     main.obj (.text:SampleTimerStart)
                  0001a7ce    00000248     RN42.obj (.text:setupUART)
                  0001aa16    0000023c     ff.obj (.text:f_read)
                  0001ac52    0000022c     ff.obj (.text:f_open)
                  0001ae7e    00000228     ff.obj (.text:f_mkdir)
                  0001b0a6    00000222     rts430x_lc_rd_eabi.lib : divd.obj (.text:__mspabi_divd)
                  0001b2c8    00000202     main.obj (.text:main)
                  0001b4ca    000001fc     main.obj (.text:Config2SdHead)
                  0001b6c6    000001cc     rts430x_lc_rd_eabi.lib : strtoul.obj (.text:strtoul)
                  0001b892    000001c4                            : floor.obj (.text:floor)
                  0001ba56    000001b2                            : ceil.obj (.text:ceil)
                  0001bc08    000001b0     main.obj (.text:SetBasedir)
                  0001bdb8    000001ae     hal_Board.obj (.text:Board_init)
                  0001bf66    000001a8     ff.obj (.text:dir_register)
                  0001c10e    0000019e     rts430x_lc_rd_eabi.lib : xdscale.obj (.text:_Dscale)
                  0001c2ac    0000018e     RN42.obj (.text:BT_setTempBaudRate)
                  0001c43a    0000018c     main.obj (.text:ShimmerCalibFromInfo)
                  0001c5c6    0000018c     ff.obj (.text:put_fat)
                  0001c752    00000188     main.obj (.text:WriteFile)
                  0001c8da    0000017e     shimmer_calibration.obj (.text:ShimmerCalib_file2Ram)
                  0001ca58    0000017e     ff.obj (.text:dir_next)
                  0001cbd6    0000017a     ff.obj (.text:get_fileinfo)
                  0001cd50    00000176     main.obj (.text:ClkAssignment)
                  0001cec6    0000016c     exg.obj (.text:EXG_readData)
                  0001d032    00000162     main.obj (.text:FindError)
                  0001d194    00000156     shimmer_calibration.obj (.text:ShimmerCalib_ram2File)
                  0001d2ea    0000014e     main.obj (.text:StopSensing)
                  0001d438    0000014a     mmc.obj (.text:disk_initialize)
                  0001d582    00000142     ff.obj (.text:get_fat)
                  0001d6c4    00000140     main.obj (.text:ShimmerCalibSyncFromDumpRamSingleSensor)
                  0001d804    00000132     rts430x_lc_rd_eabi.lib : _printfi_min.obj (.text:_setfield)
                  0001d936    00000130                            : fs_add.obj (.text)
                  0001da66    0000012a     main.obj (.text:SetDefaultConfiguration)
                  0001db90    00000120     ff.obj (.text:create_chain)
                  0001dcb0    00000112     main.obj (.text:UartCallback)
                  0001ddc2    00000112     RN42.obj (.text:runSetTempBaudRate)
                  0001ded4    00000106     main.obj (.text:ItoaNo0)
                  0001dfda    00000100     rts430x_lc_rd_eabi.lib : xdnorm.obj (.text:_Dnorm)
                  0001e0da    00000100     ff.obj (.text:dir_sdi)
                  0001e1da    000000fc     shimmer_calibration.obj (.text:ShimmerCalib_singleSensorWrite)
                  0001e2d6    000000f4     mmc.obj (.text:disk_ioctl)
                  0001e3ca    000000ec     ff.obj (.text:sync)
                  0001e4b6    000000e4     hal_ADC.obj (.text:ADC_init)
                  0001e59a    000000da     ff.obj (.text:f_sync)
                  0001e674    000000d8     rts430x_lc_rd_eabi.lib : cmpd.obj (.text:__mspabi_cmpd)
                  0001e74c    000000d8     ff.obj (.text:dir_find)
                  0001e824    000000d8     RN42.obj (.text:runMasterCommands)
                  0001e8fc    000000d4     main.obj (.text:Dma0ConversionDone)
                  0001e9d0    000000d2     main.obj (.text:GsrRange)
                  0001eaa2    000000d2     rts430x_lc_rd_eabi.lib : _printfi_min.obj (.text:__TI_printfi_minimal)
                  0001eb74    000000cc                            : xdint.obj (.text:_Dint)
                  0001ec40    000000ca     main.obj (.text:MakeBasedir)
                  0001ed0a    000000ca     hal_pmm.obj (.text:SetVCoreUp)
                  0001edd4    000000c6     main.obj (.text:SetBattDma)
                  0001ee9a    000000c4     ff.obj (.text:dir_read)
                  0001ef5e    000000c4     rts430x_lc_rd_eabi.lib : round.obj (.text:round)
                  0001f022    000000be     ff.obj (.text:move_window)
                  0001f0e0    000000bc     mmc.obj (.text:disk_write)
                  0001f19c    000000ba     cat24c16.obj (.text:CAT24C16_write)
                  0001f256    000000b8     ff.obj (.text:gen_numname)
                  0001f30e    000000b6     main.obj (.text:SetBtBaudRate)
                  0001f3c4    000000b6     rts430x_lc_rd_eabi.lib : fs_mpy.obj (.text)
                  0001f47a    000000b4     ff.obj (.text:follow_path)
                  0001f52e    000000b4     mmc.obj (.text:send_cmd)
                  0001f5e2    000000b2     RN42.obj (.text:BT_init)
                  0001f694    000000b2     rts430x_lc_rd_eabi.lib : renormd.obj (.text:__TI_renormd)
                  0001f746    000000b0     ff.obj (.text:f_opendir)
                  0001f7f6    000000ae     main.obj (.text:i2cSlaveDiscover)
                  0001f8a4    000000aa     hal_I2C.obj (.text:I2C_Read_Packet_From_Sensor)
                  0001f94e    000000aa     hal_I2C.obj (.text:I2C_Write_Packet_To_Sensor)
                  0001f9f8    000000a4     ff.obj (.text:cmp_lfn)
                  0001fa9c    000000a2     main.obj (.text:ItoaWith0)
                  0001fb3e    000000a0     shimmer_calibration.obj (.text:ShimmerCalib_singleSensorRead)
                  0001fbde    0000009c     main.obj (.text:BtsdSelfcmd)
                  0001fc7a    0000009c     hal_pmm.obj (.text:SetVCoreDown)
                  0001fd16    0000009c     ff.obj (.text:remove_chain)
                  0001fdb2    00000098     ads1292.obj (.text:ads1292Uca0RxIsr)
                  0001fe4a    00000096     rts430x_lc_rd_eabi.lib : atoll.obj (.text:atoll)
                  0001fee0    00000096     mmc.obj (.text:disk_read)
                  0001ff76    00000094     main.obj (.text:DockSdPowerCycle)
                  0002000a    00000094     ff.obj (.text:pick_lfn)
                  0002009e    00000092     gsr.obj (.text:GSR_controlRange)
                  00020130    00000092     ff.obj (.text:fit_lfn)
                  000201c2    00000090     ff.obj (.text:check_fs)
                  00020252    0000008e     main.obj (.text:ReadBatt)
                  000202e0    0000008e     rts430x_lc_rd_eabi.lib : fs_div.obj (.text)
                  0002036e    0000008c     ads1292.obj (.text:ADS1292_init)
                  000203fa    0000008c     rts430x_lc_rd_eabi.lib : cvtdf.obj (.text:__mspabi_cvtdf)
                  00020486    00000084     main.obj (.text:SetCfgTime)
                  0002050a    00000084     main.obj (.text:Skip65ms)
                  0002058e    00000082     exg.obj (.text:EXG_start)
                  00020610    00000080     mpu9150.obj (.text:MPU9150_getMagSensitivityAdj)
                  00020690    00000078     bmpX80.obj (.text:BMPX80_setWorkMode)
                  00020708    00000078     shimmer_calibration.obj (.text:ShimmerCalib_ramWrite)
                  00020780    00000076     rts430x_lc_rd_eabi.lib : fltuld.obj (.text:__mspabi_fltuld)
                  000207f6    00000074     ads1292.obj (.text:ADS1292_regWrite)
                  0002086a    00000074     main.obj (.text:FreqProd)
                  000208de    00000074     rts430x_lc_rd_eabi.lib : atol.obj (.text:atol)
                  00020952    0000006e     lsm303dlhc.obj (.text:LSM303DLHC_accelInit)
                  000209c0    0000006e     mpu9150.obj (.text:MPU9150_init)
                  00020a2e    0000006c     main.obj (.text:SetShimmerName)
                  00020a9a    0000006c     rts430x_lc_rd_eabi.lib : autoinit_wdt.obj (.text:_auto_init_hold_wdt)
                  00020b06    0000006c     ff.obj (.text:f_readdir)
                  00020b72    00000068     rts430x_lc_rd_eabi.lib : copy_decompress_rle.obj (.text:__TI_decompress_rle_core)
                  00020bda    00000068                            : fixdul.obj (.text:__mspabi_fixdul)
                  00020c42    00000066     main.obj (.text:SetCalibFlag)
                  00020ca8    00000066     main.obj (.text:SetSdCfgFlag)
                  00020d0e    00000066     hal_UCA0.obj (.text:UCA0_isrRegister)
                  00020d74    00000066     main.obj (.text:i2cSlavePresent)
                  00020dda    00000064     RN42.obj (.text:BT_append)
                  00020e3e    00000064     main.obj (.text:FreqDiv)
                  00020ea2    00000064     rts430x_lc_rd_eabi.lib : cvtfd.obj (.text:__mspabi_cvtfd)
                  00020f06    00000062     main.obj (.text:StartLogging)
                  00020f68    00000062     rts430x_lc_rd_eabi.lib : atoi.obj (.text:atoi)
                  00020fca    00000060     lsm303ahtr.obj (.text:LSM303AHTR_accelInit)
                  0002102a    00000060     lsm303dlhc.obj (.text:LSM303DLHC_magInit)
                  0002108a    00000060     shimmer_calibration.obj (.text:ShimmerCalib_init)
                  000210ea    0000005e     RN42.obj (.text:BT_startAll)
                  00021148    0000005e     main.obj (.text:CheckOnDefault)
                  000211a6    0000005e     gsr.obj (.text:GSR_smoothTransition)
                  00021204    0000005e     main.obj (.text:SetExpIdName)
                  00021262    0000005c     lsm303ahtr.obj (.text:LSM303AHTR_getMag)
                  000212be    0000005c     lsm303dlhc.obj (.text:LSM303DLHC_getMag)
                  0002131a    0000005c     shimmer_calibration.obj (.text:ShimmerCalib_ramRead)
                  00021376    0000005c     RN42.obj (.text:writeCommand)
                  000213d2    0000005a     hal_I2C.obj (.text:I2C_Master_Init)
                  0002142c    0000005a     main.obj (.text:SetUndocked)
                  00021486    0000005a     rts430x_lc_rd_eabi.lib : mult64_f5hw.obj (.text:__mpyll)
                  000214e0    0000005a                            : _printfi_min.obj (.text:_ltostr)
                  0002153a    00000058                            : div32u.obj (.text)
                  00021592    00000058     mmc.obj (.text:xmit_datablock)
                  000215ea    00000056     mpu9150.obj (.text:MPU9150_getMag)
                  00021640    00000056     ff.obj (.text:f_gets)
                  00021696    00000054     hal_CRC.obj (.text:CRC_data)
                  000216ea    00000054     main.obj (.text:ChangeBtBaudRateFunc)
                  0002173e    00000054     hal_SDCard.obj (.text:SDCard_init)
                  00021792    00000054     main.obj (.text:SdInfoSync)
                  000217e6    00000054     rts430x_lc_rd_eabi.lib : rem64u.obj (.text:__mspabi_remull)
                  0002183a    00000054     mmc.obj (.text:rcvr_datablock)
                  0002188e    00000052     mpu9150.obj (.text:MPU9150_setAccelRange)
                  000218e0    00000052     mpu9150.obj (.text:MPU9150_setGyroSensitivity)
                  00021932    00000052     ff.obj (.text:clust2sect)
                  00021984    0000004e     cat24c16.obj (.text:CAT24C16_read)
                  000219d2    0000004e     main.obj (.text:UartCheckCrc)
                  00021a20    0000004c     ads1292.obj (.text:ADS1292_dataReadyChip2)
                  00021a6c    0000004c     bmpX80.obj (.text:BMPX80_startPressMeasurement)
                  00021ab8    0000004c     rts430x_lc_rd_eabi.lib : _printfi_min.obj (.text:_pproc_diouxp)
                  00021b04    0000004a     ads1292.obj (.text:ADS1292_dataReadyChip1)
                  00021b4e    0000004a     hal_I2C.obj (.text:TI_USCI_I2C_slave_present)
                  00021b98    0000004a     rts430x_lc_rd_eabi.lib : fs_cmp.obj (.text)
                  00021be2    00000048                            : _printfi_min.obj (.text:_pproc_str)
                  00021c2a    00000048     ccsbcs.obj (.text:ff_convert)
                  00021c72    00000046     mpu9150.obj (.text:MPU9150_wake)
                  00021cb8    00000044     exg.obj (.text:EXG_stop)
                  00021cfc    00000044     rts430x_lc_rd_eabi.lib : sprintf.obj (.text:sprintf)
                  00021d40    00000042     gsr.obj (.text:GSR_setRange)
                  00021d82    00000042     main.obj (.text:Timestamp0ToFirstFile)
                  00021dc4    00000040     ads1292.obj (.text:ADS1292_readDataContinuousMode)
                  00021e04    00000040     RN42.obj (.text:BT_write)
                  00021e44    00000040     hal_pmm.obj (.text:SetVCore)
                  00021e84    00000040     hal_UartA0.obj (.text:UART_activate)
                  00021ec4    0000003e     ads1292.obj (.text:ADS1292_start)
                  00021f02    0000003e     bmpX80.obj (.text:BMPX80_getCalibCoeff)
                  00021f40    0000003e     main.obj (.text:TB0Start)
                  00021f7e    0000003e     rts430x_lc_rd_eabi.lib : _printfi_min.obj (.text:_getarg_diouxp)
                  00021fbc    0000003e                            : asr32.obj (.text:l_asr_const)
                  00021ffa    0000003e                            : lsl32.obj (.text:l_lsl_const)
                  00022038    0000003e                            : lsr32.obj (.text:l_lsr_const)
                  00022076    0000003c     exg.obj (.text:EXG_writeRegs)
                  000220b2    0000003c     main.obj (.text:RwcCheck)
                  000220ee    0000003c     main.obj (.text:SetDocked)
                  0002212a    0000003c     rts430x_lc_rd_eabi.lib : strstr.obj (.text:strstr)
                  00022166    0000003a     ads1292.obj (.text:ADS1292_chip1CsEnable)
                  000221a0    0000003a     ads1292.obj (.text:ADS1292_chip2CsEnable)
                  000221da    0000003a     bmpX80.obj (.text:BMPX80_init)
                  00022214    0000003a     lsm303ahtr.obj (.text:LSM303AHTR_init)
                  0002224e    0000003a     lsm303ahtr.obj (.text:LSM303AHTR_sleep)
                  00022288    0000003a     lsm303dlhc.obj (.text:LSM303DLHC_init)
                  000222c2    0000003a     rts430x_lc_rd_eabi.lib : lsl64.obj (.text:__mspabi_sllll)
                  000222fc    0000003a                            : lsr64.obj (.text:__mspabi_srlll)
                  00022336    00000038     ads1292.obj (.text:ADS1292_resetPulse)
                  0002236e    00000038     lsm303dlhc.obj (.text:LSM303DLHC_sleep)
                  000223a6    00000038     hal_RTC.obj (.text:RTC_get32)
                  000223de    00000038     hal_UartA0.obj (.text:UART_config)
                  00022416    00000038     rts430x_lc_rd_eabi.lib : signal.obj (.text:signal)
                  0002244e    00000038     mmc.obj (.text:wait_ready)
                  00022486    00000036     rts430x_lc_rd_eabi.lib : xferaise.obj (.text:_Feraise)
                  000224bc    00000036                            : fs_itof.obj (.text)
                  000224f2    00000034     ads1292.obj (.text:ADS1292_offsetCal)
                  00022526    00000034     main.obj (.text:CheckSdInslot)
                  0002255a    00000034     rts430x_lc_rd_eabi.lib : feraiseexcept.obj (.text:feraiseexcept)
                  0002258e    00000034     ccsbcs.obj (.text:ff_wtoupper)
                  000225c2    00000032     main.obj (.text:SetName)
                  000225f4    00000032     rts430x_lc_rd_eabi.lib : subd.obj (.text:__mspabi_subd)
                  00022626    00000032     ff.obj (.text:f_mount)
                  00022658    00000032     rts430x_lc_rd_eabi.lib : raise.obj (.text:raise)
                  0002268a    00000030     main.obj (.text:PrepareSDBuffHead)
                  000226ba    0000002e     ads1292.obj (.text:ADS1292_readDataChip1)
                  000226e8    0000002e     ads1292.obj (.text:ADS1292_readDataChip2)
                  00022716    0000002e     bmpX80.obj (.text:BMPX80_getPress)
                  00022744    0000002e     bmpX80.obj (.text:BMPX80_startTempMeasurement)
                  00022772    0000002e     main.obj (.text:BattBlinkOn)
                  000227a0    0000002e     rts430x_lc_rd_eabi.lib : negd.obj (.text:__mspabi_negd)
                  000227ce    0000002e                            : strncmp.obj (.text:strncmp)
                  000227fc    0000002c     bmpX80.obj (.text:BMPX80_getTemp)
                  00022828    0000002c     hal_Board.obj (.text:Board_ledOff)
                  00022854    0000002c     hal_Board.obj (.text:Board_ledOn)
                  00022880    0000002c     hal_UartA0.obj (.text:UART_deactivate)
                  000228ac    0000002c     rts430x_lc_rd_eabi.lib : div16s.obj (.text)
                  000228d8    0000002c     ff.obj (.text:validate)
                  00022904    0000002a     bmpX80.obj (.text:BMPX80_setup)
                  0002292e    0000002a     hal_UCS.obj (.text:LFXT_Start)
                  00022958    0000002a     lsm303ahtr.obj (.text:LSM303AHTR_magInit)
                  00022982    0000002a     hal_SDCard.obj (.text:SDCard_readFrame)
                  000229ac    0000002a     shimmer_calibration.obj (.text:ShimmerCalib_findLength)
                  000229d6    0000002a     hal_UartA0.obj (.text:UART_write)
                  00022a00    0000002a     hal_UCA0.obj (.text:UCA0_isrInit)
                  00022a2a    0000002a     RN42.obj (.text:sendNextChar)
                  00022a54    0000002a     hal_UartA0.obj (.text:uartSendNextChar)
                  00022a7e    00000028     ads1292.obj (.text:ADS1292_enableDrdyInterrupts)
                  00022aa6    00000028     RN42.obj (.text:BT_setGoodCommand)
                  00022ace    00000028     exg.obj (.text:EXG_init)
                  00022af6    00000028     exg.obj (.text:EXG_offsetCal)
                  00022b1e    00000028     main.obj (.text:GetSdCfgFlag)
                  00022b46    00000028     main.obj (.text:ShimmerCalibInitFromInfoAll)
                  00022b6e    00000028     main.obj (.text:ShimmerCalibUpdateFromInfoAll)
                  00022b96    00000028     shimmer_calibration.obj (.text:ShimmerCalib_initVer)
                  00022bbe    00000026     RN42.obj (.text:BT_rst_MessageProgress)
                  00022be4    00000026     RN42.obj (.text:BT_rtsInterrupt)
                  00022c0a    00000026     gsr.obj (.text:GSR_init)
                  00022c30    00000026     gsr.obj (.text:GSR_initSmoothing)
                  00022c56    00000026     hal_TB0.obj (.text:GetTB0)
                  00022c7c    00000026     mpu9150.obj (.text:MPU9150_setSamplingRate)
                  00022ca2    00000026     hal_RTC.obj (.text:RTC_get64)
                  00022cc8    00000026     rts430x_lc_rd_eabi.lib : memcmp.obj (.text:memcmp)
                  00022cee    00000026     RN42.obj (.text:writeCommandNoRsp)
                  00022d14    00000024     hal_InfoMem.obj (.text:InfoMem_read)
                  00022d38    00000024     rts430x_lc_rd_eabi.lib : copy_zero_init.obj (.text:decompress:ZI:__TI_zero_init)
                  00022d5c    00000024                            : fs_utof.obj (.text)
                  00022d80    00000022     cat24c16.obj (.text:CAT24C16_init)
                  00022da2    00000022     hal_DMA.obj (.text:DMA0_init)
                  00022dc4    00000022     main.obj (.text:IniReadInfoMem)
                  00022de6    00000022     main.obj (.text:Write2SD)
                  00022e08    00000022     RN42.obj (.text:initRN2)
                  00022e2a    00000022     rts430x_lc_rd_eabi.lib : mult32_f5hw.obj (.text)
                  00022e4c    00000020     lsm303ahtr.obj (.text:LSM303AHTR_getAccel)
                  00022e6c    00000020     lsm303dlhc.obj (.text:LSM303DLHC_getAccel)
                  00022e8c    00000020     mpu9150.obj (.text:MPU9150_getAccel)
                  00022eac    00000020     mpu9150.obj (.text:MPU9150_getGyro)
                  00022ecc    00000020     mpu9150.obj (.text:MPU9150_startMagMeasurement)
                  00022eec    00000020     hal_SDCard.obj (.text:SDCard_sendFrame)
                  00022f0c    00000020     main.obj (.text:ShimmerCalibSyncFromDumpRamAll)
                  00022f2c    00000020     rts430x_lc_rd_eabi.lib : sprintf.obj (.text:_outs)
                  00022f4c    00000020     mmc.obj (.text:disk_status)
                  00022f6c    0000001e     hal_ADC.obj (.text:ADC_disable)
                  00022f8a    0000001e     hal_DMA.obj (.text:DMA2_init)
                  00022fa8    0000001e     mpu9150.obj (.text:MPU9150_getId)
                  00022fc6    0000001e     hal_RTC.obj (.text:RTC_init)
                  00022fe4    0000001e     hal_UCS.obj (.text:XT2_Start)
                  00023002    0000001e     rts430x_lc_rd_eabi.lib : memccpy.obj (.text:memccpy)
                  00023020    0000001e                            : strcat.obj (.text:strcat)
                  0002303e    0000001c     main.obj (.text:BlinkTimerStart)
                  0002305a    0000001c     mpu9150.obj (.text:MPU9150_getMagId)
                  00023076    0000001c     main.obj (.text:SampleTimerStop)
                  00023092    0000001c     rts430x_lc_rd_eabi.lib : strchr.obj (.text:strchr)
                  000230ae    0000001a     cat24c16.obj (.text:CAT24C16_powerOff)
                  000230c8    0000001a     cat24c16.obj (.text:CAT24C16_powerOn)
                  000230e2    0000001a     main.obj (.text:ChargeStatusTimerStart)
                  000230fc    0000001a     rts430x_lc_rd_eabi.lib : _printfi_min.obj (.text:_div)
                  00023116    0000001a     ff.obj (.text:sum_sfn)
                  00023130    00000018     main.obj (.text:BtStart)
                  00023148    00000018     mmc.obj (.text:select)
                  00023160    00000016     ff.obj (.text:chk_chr)
                  00023176    00000016     ff.obj (.text:f_close)
                  0002318c    00000016     rts430x_lc_rd_eabi.lib : memset.obj (.text:memset)
                  000231a2    00000016                            : div16u.obj (.text)
                  000231b8    00000016                            : mult16_f5hw.obj (.text)
                  000231ce    00000016     hal_UartA0.obj (.text:uartUca0RxIsr)
                  000231e4    00000014     ads1292.obj (.text:ADS1292_disableDrdyInterrupts)
                  000231f8    00000014     hal_Button.obj (.text:Button_init)
                  0002320c    00000014     hal_Button.obj (.text:Button_interruptEnable)
                  00023220    00000014     rts430x_lc_rd_eabi.lib : sprintf.obj (.text:_outc)
                  00023234    00000014     ff.obj (.text:mem_cmp)
                  00023248    00000014     rts430x_lc_rd_eabi.lib : memcpy.obj (.text:memcpy)
                  0002325c    00000012     main.obj (.text:ReadSdConfiguration)
                  0002326e    00000012     hal_SDCard.obj (.text:SDCard_fastMode)
                  00023280    00000012     main.obj (.text:TB0Stop)
                  00023292    00000012     rts430x_lc_rd_eabi.lib : fixdu.obj (.text:__mspabi_fixdu)
                  000232a4    00000012                            : copy_decompress_none.obj (.text:decompress:none:__TI_decompress_none)
                  000232b6    00000012     mmc.obj (.text:deselect)
                  000232c8    00000012     ff.obj (.text:mem_cpy)
                  000232da    00000012     ff.obj (.text:mem_set)
                  000232ec    00000012     rts430x_lc_rd_eabi.lib : strcpy.obj (.text:strcpy)
                  000232fe    00000010                            : asr32.obj (.text:l_asr)
                  0002330e    00000010                            : lsl32.obj (.text:l_lsl)
                  0002331e    00000010                            : lsr32.obj (.text:l_lsr)
                  0002332e    0000000e     hal_DMA.obj (.text:DMA0_repeatTransfer)
                  0002333c    0000000e     main.obj (.text:Infomem2Names)
                  0002334a    0000000e     main.obj (.text:SetRamCalibFlag)
                  00023358    0000000e     rts430x_lc_rd_eabi.lib : isprint.obj (.text:isprint)
                  00023366    0000000e     mmc.obj (.text:run_mmc_detectsd)
                  00023374    0000000e     rts430x_lc_rd_eabi.lib : strlen.obj (.text:strlen)
                  00023382    0000000c     hal_DMA.obj (.text:DMA0_enable)
                  0002338e    0000000c     hal_DMA.obj (.text:DMA2_disable)
                  0002339a    0000000c     hal_DMA.obj (.text:DMA2_enable)
                  000233a6    0000000c     main.obj (.text:Dma0BatteryRead)
                  000233b2    0000000a     RN42.obj (.text:BT_setRadioMode)
                  000233bc    0000000a     main.obj (.text:BtStartDone)
                  000233c6    0000000a     main.obj (.text:SetStartSensing)
                  000233d0    0000000a     shimmer_calibration.obj (.text:ShimmerCalib_ramTempInit)
                  000233da    0000000a     system_pre_init.obj (.text:_system_pre_init)
                  000233e4    0000000a     rts430x_lc_rd_eabi.lib : abs.obj (.text:abs)
                  000233ee    0000000a     mmc.obj (.text:get_fattime)
                  000233f8    0000000a     rts430x_lc_rd_eabi.lib : lsl16.obj (.text)
                  00023402    0000000a                            : lsr16.obj (.text)
                  0002340c    00000008     hal_ADC.obj (.text:ADC_startConversion)
                  00023414    00000008     hal_Button.obj (.text:Button_waitpress)
                  0002341c    00000008     hal_DMA.obj (.text:DMA0_disable)
                  00023424    00000008     hal_I2C.obj (.text:I2C_Set_Slave_Address)
                  0002342c    00000008     RN42.obj (.text:initRN1)
                  00023434    00000008     hal_UartA0.obj (.text:uartUca0TxIsr)
                  0002343c    00000006     ads1292.obj (.text:ADS1292_powerOff)
                  00023442    00000006     RN42.obj (.text:BT_connectionInterrupt)
                  00023448    00000006     RN42.obj (.text:BT_disableRemoteConfig)
                  0002344e    00000006     RN42.obj (.text:BT_getExpResp)
                  00023454    00000006     RN42.obj (.text:BT_getMacAddress)
                  0002345a    00000006     RN42.obj (.text:BT_getVersion)
                  00023460    00000006     RN42.obj (.text:BT_setGetMacAddress)
                  00023466    00000006     RN42.obj (.text:BT_setGetVersion)
                  0002346c    00000006     RN42.obj (.text:BT_startDone_cb)
                  00023472    00000006     hal_DMA.obj (.text:DMA0_transferDoneFunction)
                  00023478    00000006     hal_DMA.obj (.text:DMA2_transferDoneFunction)
                  0002347e    00000006     main.obj (.text:GetRamCalibFlag)
                  00023484    00000006     hal_I2C.obj (.text:I2C_Disable)
                  0002348a    00000006     hal_I2C.obj (.text:I2C_Enable)
                  00023490    00000006     hal_I2C.obj (.text:I2C_Interrupt_Disable)
                  00023496    00000006     hal_I2C.obj (.text:I2C_Interrupt_Enable)
                  0002349c    00000006     hal_SDCard.obj (.text:SDCard_setCSHigh)
                  000234a2    00000006     hal_SDCard.obj (.text:SDCard_setCSLow)
                  000234a8    00000006     main.obj (.text:SdPowerOff)
                  000234ae    00000006     main.obj (.text:SdPowerOn)
                  000234b4    00000006     hal_UartA0.obj (.text:UART_init)
                  000234ba    00000006     hal_UCA0.obj (.text:UCA0_isrActivate)
                  000234c0    00000006     rts430x_lc_rd_eabi.lib : fltud.obj (.text:__mspabi_fltud)
                  000234c6    00000006                            : atof.obj (.text:atof)
                  000234cc    00000006                            : copy_decompress_rle.obj (.text:decompress:rle24:__TI_decompress_rle24)
                  000234d2    00000006     RN42.obj (.text:initRN3)
                  000234d8    00000006     mmc.obj (.text:rcvr_mmc)
                  000234de    00000006     hal_UartA0.obj (.text:uartRxEnable)
                  000234e4    00000006     hal_UartA0.obj (.text:uartTxEnable)
                  000234ea    00000006     mmc.obj (.text:xmit_mmc)
                  000234f0    00000004     rts430x_lc_rd_eabi.lib : exit.obj (.text:abort)
                  000234f4    00000004     ads1292.obj (.text:ads1292Uca0TxIsr)
                  000234f8    00000002     rts430x_lc_rd_eabi.lib : _lock.obj (.text:_nop)


LINKER GENERATED COPY TABLES

__TI_cinit_table @ 00007ddc records: 2, size/record: 8, table size: 16
	.data: load addr=00007d84, load size=00000046 bytes, run addr=00003946, run size=00000164 bytes, compression=rle
	.bss: load addr=00007dd6, load size=00000006 bytes, run addr=00001c00, run size=00001d46 bytes, compression=zero_init


LINKER GENERATED HANDLER TABLE

__TI_handler_table @ 00007dca records: 3, size/record: 4, table size: 12
	index: 0, handler: __TI_zero_init
	index: 1, handler: __TI_decompress_rle24
	index: 2, handler: __TI_decompress_none


GLOBAL SYMBOLS: SORTED ALPHABETICALLY BY Name 

address   name                                   
-------   ----                                   
00000700  ADC12CTL0                              
00000701  ADC12CTL0_H                            
00000700  ADC12CTL0_L                            
00000702  ADC12CTL1                              
00000703  ADC12CTL1_H                            
00000702  ADC12CTL1_L                            
00000704  ADC12CTL2                              
00000705  ADC12CTL2_H                            
00000704  ADC12CTL2_L                            
0000070c  ADC12IE                                
0000070d  ADC12IE_H                              
0000070c  ADC12IE_L                              
0000070a  ADC12IFG                               
0000070b  ADC12IFG_H                             
0000070a  ADC12IFG_L                             
0000070e  ADC12IV                                
0000070f  ADC12IV_H                              
0000070e  ADC12IV_L                              
00000710  ADC12MCTL0                             
00000711  ADC12MCTL1                             
0000071a  ADC12MCTL10                            
0000071b  ADC12MCTL11                            
0000071c  ADC12MCTL12                            
0000071d  ADC12MCTL13                            
0000071e  ADC12MCTL14                            
0000071f  ADC12MCTL15                            
00000712  ADC12MCTL2                             
00000713  ADC12MCTL3                             
00000714  ADC12MCTL4                             
00000715  ADC12MCTL5                             
00000716  ADC12MCTL6                             
00000717  ADC12MCTL7                             
00000718  ADC12MCTL8                             
00000719  ADC12MCTL9                             
00000720  ADC12MEM0                              
00000721  ADC12MEM0_H                            
00000720  ADC12MEM0_L                            
00000722  ADC12MEM1                              
00000734  ADC12MEM10                             
00000735  ADC12MEM10_H                           
00000734  ADC12MEM10_L                           
00000736  ADC12MEM11                             
00000737  ADC12MEM11_H                           
00000736  ADC12MEM11_L                           
00000738  ADC12MEM12                             
00000739  ADC12MEM12_H                           
00000738  ADC12MEM12_L                           
0000073a  ADC12MEM13                             
0000073b  ADC12MEM13_H                           
0000073a  ADC12MEM13_L                           
0000073c  ADC12MEM14                             
0000073d  ADC12MEM14_H                           
0000073c  ADC12MEM14_L                           
0000073e  ADC12MEM15                             
0000073f  ADC12MEM15_H                           
0000073e  ADC12MEM15_L                           
00000723  ADC12MEM1_H                            
00000722  ADC12MEM1_L                            
00000724  ADC12MEM2                              
00000725  ADC12MEM2_H                            
00000724  ADC12MEM2_L                            
00000726  ADC12MEM3                              
00000727  ADC12MEM3_H                            
00000726  ADC12MEM3_L                            
00000728  ADC12MEM4                              
00000729  ADC12MEM4_H                            
00000728  ADC12MEM4_L                            
0000072a  ADC12MEM5                              
0000072b  ADC12MEM5_H                            
0000072a  ADC12MEM5_L                            
0000072c  ADC12MEM6                              
0000072d  ADC12MEM6_H                            
0000072c  ADC12MEM6_L                            
0000072e  ADC12MEM7                              
0000072f  ADC12MEM7_H                            
0000072e  ADC12MEM7_L                            
00000730  ADC12MEM8                              
00000731  ADC12MEM8_H                            
00000730  ADC12MEM8_L                            
00000732  ADC12MEM9                              
00000733  ADC12MEM9_H                            
00000732  ADC12MEM9_L                            
00006682  ADC12_ISR                              
00022f6c  ADC_disable                            
0001e4b6  ADC_init                               
0002340c  ADC_startConversion                    
00022166  ADS1292_chip1CsEnable                  
000221a0  ADS1292_chip2CsEnable                  
00021b04  ADS1292_dataReadyChip1                 
00021a20  ADS1292_dataReadyChip2                 
000231e4  ADS1292_disableDrdyInterrupts          
00022a7e  ADS1292_enableDrdyInterrupts           
0002036e  ADS1292_init                           
000224f2  ADS1292_offsetCal                      
0002343c  ADS1292_powerOff                       
000226ba  ADS1292_readDataChip1                  
000226e8  ADS1292_readDataChip2                  
00021dc4  ADS1292_readDataContinuousMode         
000207f6  ADS1292_regWrite                       
00022336  ADS1292_resetPulse                     
00021ec4  ADS1292_start                          
00021f02  BMPX80_getCalibCoeff                   
00022716  BMPX80_getPress                        
000227fc  BMPX80_getTemp                         
000221da  BMPX80_init                            
00020690  BMPX80_setWorkMode                     
00022904  BMPX80_setup                           
00021a6c  BMPX80_startPressMeasurement           
00022744  BMPX80_startTempMeasurement            
00020dda  BT_append                              
00023442  BT_connectionInterrupt                 
00023448  BT_disableRemoteConfig                 
0002344e  BT_getExpResp                          
00023454  BT_getMacAddress                       
0002345a  BT_getVersion                          
0001f5e2  BT_init                                
00022bbe  BT_rst_MessageProgress                 
00022be4  BT_rtsInterrupt                        
00023460  BT_setGetMacAddress                    
00023466  BT_setGetVersion                       
00022aa6  BT_setGoodCommand                      
000233b2  BT_setRadioMode                        
0001c2ac  BT_setTempBaudRate                     
000210ea  BT_startAll                            
0002346c  BT_startDone_cb                        
00021e04  BT_write                               
00022772  BattBlinkOn                            
0002303e  BlinkTimerStart                        
0001bdb8  Board_init                             
00022828  Board_ledOff                           
00022854  Board_ledOn                            
00023130  BtStart                                
000233bc  BtStartDone                            
0001fbde  BtsdSelfcmd                            
000231f8  Button_init                            
0002320c  Button_interruptEnable                 
00023414  Button_waitpress                       
000234f0  C$$EXIT                                
00022d80  CAT24C16_init                          
000230ae  CAT24C16_powerOff                      
000230c8  CAT24C16_powerOn                       
00021984  CAT24C16_read                          
0001f19c  CAT24C16_write                         
00000150  CRCDI                                  
00000152  CRCDIRB                                
00000153  CRCDIRB_H                              
00000152  CRCDIRB_L                              
00000151  CRCDI_H                                
00000150  CRCDI_L                                
00000154  CRCINIRES                              
00000155  CRCINIRES_H                            
00000154  CRCINIRES_L                            
00000156  CRCRESR                                
00000157  CRCRESR_H                              
00000156  CRCRESR_L                              
00021696  CRC_data                               
000144aa  CalibNewFile                           
000216ea  ChangeBtBaudRateFunc                   
000230e2  ChargeStatusTimerStart                 
00021148  CheckOnDefault                         
00022526  CheckSdInslot                          
0001cd50  ClkAssignment                          
0001b4ca  Config2SdHead                          
00016cda  ConfigureChannels                      
00000510  DMA0CTL                                
00000511  DMA0CTL_H                              
00000510  DMA0CTL_L                              
00000516  DMA0DA                                 
00000518  DMA0DAH                                
00000516  DMA0DAL                                
00000512  DMA0SA                                 
00000514  DMA0SAH                                
00000512  DMA0SAL                                
0000051a  DMA0SZ                                 
0002341c  DMA0_disable                           
00023382  DMA0_enable                            
00022da2  DMA0_init                              
0002332e  DMA0_repeatTransfer                    
00023472  DMA0_transferDoneFunction              
00000520  DMA1CTL                                
00000521  DMA1CTL_H                              
00000520  DMA1CTL_L                              
00000526  DMA1DA                                 
00000528  DMA1DAH                                
00000526  DMA1DAL                                
00000522  DMA1SA                                 
00000524  DMA1SAH                                
00000522  DMA1SAL                                
0000052a  DMA1SZ                                 
00000530  DMA2CTL                                
00000531  DMA2CTL_H                              
00000530  DMA2CTL_L                              
00000536  DMA2DA                                 
00000538  DMA2DAH                                
00000536  DMA2DAL                                
00000532  DMA2SA                                 
00000534  DMA2SAH                                
00000532  DMA2SAL                                
0000053a  DMA2SZ                                 
0002338e  DMA2_disable                           
0002339a  DMA2_enable                            
00022f8a  DMA2_init                              
00023478  DMA2_transferDoneFunction              
[...]
00015ad2  StreamData                             
0001610e  StartStreaming                         
00016736  UartSendRsp                            
00016cda  ConfigureChannels                      
00017714  __TI_frcdivd                           
00017b66  runSetCommands                         
00017f76  ShimmerCalib_default                   
00018340  __mspabi_divull                        
000186da  UartProcessCmd                         
00018a24  fmod                                   
00018d3e  __TI_frcmpyd                           
00019022  strtod                                 
00019022  strtold                                
00019306  f_write                                
000195e2  __mspabi_addd                          
000198ba  InfoMem_write                          
00019b74  f_lseek                                
0001a0aa  __mspabi_mpyd                          
0001a32c  __TI_frcaddd                           
0001a57e  SampleTimerStart                       
0001a7ce  setupUART                              
0001aa16  f_read                                 
0001ac52  f_open                                 
0001ae7e  f_mkdir                                
0001b0a6  __mspabi_divd                          
0001b2c8  main                                   
0001b4ca  Config2SdHead                          
0001b6c6  strtoul                                
0001b892  floor                                  
0001ba56  ceil                                   
0001bc08  SetBasedir                             
0001bdb8  Board_init                             
0001c10e  _Dscale                                
0001c2ac  BT_setTempBaudRate                     
0001c43a  ShimmerCalibFromInfo                   
0001c5c6  put_fat                                
0001c752  WriteFile                              
0001c8da  ShimmerCalib_file2Ram                  
0001cd50  ClkAssignment                          
0001cec6  EXG_readData                           
0001d032  FindError                              
0001d194  ShimmerCalib_ram2File                  
0001d2ea  StopSensing                            
0001d438  disk_initialize                        
0001d582  get_fat                                
0001d6c4  ShimmerCalibSyncFromDumpRamSingleSensor
0001d936  __mspabi_subf                          
0001d93c  __mspabi_addf                          
0001da66  SetDefaultConfiguration                
0001dcb0  UartCallback                           
0001ddc2  runSetTempBaudRate                     
0001ded4  ItoaNo0                                
0001dfda  _Dnorm                                 
0001e1da  ShimmerCalib_singleSensorWrite         
0001e2d6  disk_ioctl                             
0001e4b6  ADC_init                               
0001e59a  f_sync                                 
0001e674  __mspabi_cmpd                          
0001e824  runMasterCommands                      
0001e8fc  Dma0ConversionDone                     
0001e9d0  GsrRange                               
0001eaa2  __TI_printfi_minimal                   
0001eb74  _Dint                                  
0001ec40  MakeBasedir                            
0001ed0a  SetVCoreUp                             
0001edd4  SetBattDma                             
0001ef5e  round                                  
0001f0e0  disk_write                             
0001f19c  CAT24C16_write                         
0001f256  gen_numname                            
0001f30e  SetBtBaudRate                          
0001f3c4  __mspabi_mpyf                          
0001f5e2  BT_init                                
0001f694  __TI_renormd                           
0001f746  f_opendir                              
0001f7f6  i2cSlaveDiscover                       
0001f8a4  I2C_Read_Packet_From_Sensor            
0001f94e  I2C_Write_Packet_To_Sensor             
0001fa9c  ItoaWith0                              
0001fb3e  ShimmerCalib_singleSensorRead          
0001fbde  BtsdSelfcmd                            
0001fc7a  SetVCoreDown                           
0001fdb2  ads1292Uca0RxIsr                       
0001fe4a  atoll                                  
0001fee0  disk_read                              
0001ff76  DockSdPowerCycle                       
0002009e  GSR_controlRange                       
00020252  ReadBatt                               
000202e0  __mspabi_divf                          
0002036e  ADS1292_init                           
000203fa  __mspabi_cvtdf                         
00020486  SetCfgTime                             
0002050a  Skip65ms                               
0002058e  EXG_start                              
00020610  MPU9150_getMagSensitivityAdj           
00020690  BMPX80_setWorkMode                     
00020708  ShimmerCalib_ramWrite                  
00020780  __mspabi_fltuld                        
000207f6  ADS1292_regWrite                       
0002086a  FreqProd                               
000208de  atol                                   
00020952  LSM303DLHC_accelInit                   
000209c0  MPU9150_init                           
00020a2e  SetShimmerName                         
00020a9a  _auto_init_hold_wdt                    
00020b06  f_readdir                              
00020bda  __mspabi_fixdul                        
00020c42  SetCalibFlag                           
00020ca8  SetSdCfgFlag                           
00020d0e  UCA0_isrRegister                       
00020d74  i2cSlavePresent                        
00020dda  BT_append                              
00020e3e  FreqDiv                                
00020ea2  __mspabi_cvtfd                         
00020f06  StartLogging                           
00020f68  atoi                                   
00020fca  LSM303AHTR_accelInit                   
0002102a  LSM303DLHC_magInit                     
0002108a  ShimmerCalib_init                      
000210ea  BT_startAll                            
00021148  CheckOnDefault                         
000211a6  GSR_smoothTransition                   
00021204  SetExpIdName                           
00021262  LSM303AHTR_getMag                      
000212be  LSM303DLHC_getMag                      
0002131a  ShimmerCalib_ramRead                   
00021376  writeCommand                           
000213d2  I2C_Master_Init                        
0002142c  SetUndocked                            
00021486  __mspabi_mpyll_f5hw                    
0002153a  __mspabi_divul                         
0002153a  __mspabi_remul                         
000215ea  MPU9150_getMag                         
00021640  f_gets                                 
00021696  CRC_data                               
000216ea  ChangeBtBaudRateFunc                   
0002173e  SDCard_init                            
00021792  SdInfoSync                             
000217e6  __mspabi_remull                        
0002188e  MPU9150_setAccelRange                  
000218e0  MPU9150_setGyroSensitivity             
00021932  clust2sect                             
00021984  CAT24C16_read                          
000219d2  UartCheckCrc                           
00021a20  ADS1292_dataReadyChip2                 
00021a20  EXG_dataReadyChip2                     
00021a6c  BMPX80_startPressMeasurement           
00021b04  ADS1292_dataReadyChip1                 
00021b04  EXG_dataReadyChip1                     
00021b4e  TI_USCI_I2C_slave_present              
00021b98  __mspabi_cmpf                          
00021c2a  ff_convert                             
00021c72  MPU9150_wake                           
00021cb8  EXG_stop                               
00021cfc  sprintf                                
00021d40  GSR_setRange                           
00021d82  Timestamp0ToFirstFile                  
00021dc4  ADS1292_readDataContinuousMode         
00021e04  BT_write                               
00021e44  SetVCore                               
00021e84  UART_activate                          
00021ec4  ADS1292_start                          
00021f02  BMPX80_getCalibCoeff                   
00021f40  TB0Start                               
00021fbc  __mspabi_sral_15                       
00021fc0  __mspabi_sral_14                       
00021fc4  __mspabi_sral_13                       
00021fc8  __mspabi_sral_12                       
00021fcc  __mspabi_sral_11                       
00021fd0  __mspabi_sral_10                       
00021fd4  __mspabi_sral_9                        
00021fd8  __mspabi_sral_8                        
00021fdc  __mspabi_sral_7                        
00021fe0  __mspabi_sral_6                        
00021fe4  __mspabi_sral_5                        
00021fe8  __mspabi_sral_4                        
00021fec  __mspabi_sral_3                        
00021ff0  __mspabi_sral_2                        
00021ff4  __mspabi_sral_1                        
00021ffa  __mspabi_slll_15                       
00021ffe  __mspabi_slll_14                       
00022002  __mspabi_slll_13                       
00022006  __mspabi_slll_12                       
0002200a  __mspabi_slll_11                       
0002200e  __mspabi_slll_10                       
00022012  __mspabi_slll_9                        
00022016  __mspabi_slll_8                        
0002201a  __mspabi_slll_7                        
0002201e  __mspabi_slll_6                        
00022022  __mspabi_slll_5                        
00022026  __mspabi_slll_4                        
0002202a  __mspabi_slll_3                        
0002202e  __mspabi_slll_2                        
00022032  __mspabi_slll_1                        
00022038  __mspabi_srll_15                       
0002203c  __mspabi_srll_14                       
00022040  __mspabi_srll_13                       
00022044  __mspabi_srll_12                       
00022048  __mspabi_srll_11                       
0002204c  __mspabi_srll_10                       
00022050  __mspabi_srll_9                        
00022054  __mspabi_srll_8                        
00022058  __mspabi_srll_7                        
0002205c  __mspabi_srll_6                        
00022060  __mspabi_srll_5                        
00022064  __mspabi_srll_4                        
00022068  __mspabi_srll_3                        
0002206c  __mspabi_srll_2                        
00022070  __mspabi_srll_1                        
00022076  EXG_writeRegs                          
000220b2  RwcCheck                               
000220ee  SetDocked                              
0002212a  strstr                                 
00022166  ADS1292_chip1CsEnable                  
000221a0  ADS1292_chip2CsEnable                  
000221da  BMPX80_init                            
00022214  LSM303AHTR_init                        
0002224e  LSM303AHTR_sleep                       
00022288  LSM303DLHC_init                        
000222c2  __mspabi_sllll                         
000222fc  __mspabi_srlll                         
00022336  ADS1292_resetPulse                     
0002236e  LSM303DLHC_sleep                       
000223a6  RTC_get32                              
000223de  UART_config                            
00022416  signal                                 
00022486  _Feraise                               
000224bc  __mspabi_fltif                         
000224f2  ADS1292_offsetCal                      
00022526  CheckSdInslot                          
0002255a  feraiseexcept                          
0002258e  ff_wtoupper                            
000225c2  SetName                                
000225f4  __mspabi_subd                          
00022626  f_mount                                
00022658  raise                                  
0002268a  PrepareSDBuffHead                      
000226ba  ADS1292_readDataChip1                  
000226e8  ADS1292_readDataChip2                  
00022716  BMPX80_getPress                        
00022744  BMPX80_startTempMeasurement            
00022772  BattBlinkOn                            
000227a0  __mspabi_negd                          
000227ce  strncmp                                
000227fc  BMPX80_getTemp                         
00022828  Board_ledOff                           
00022854  Board_ledOn                            
00022880  UART_deactivate                        
000228ac  __mspabi_divi                          
000228ac  __mspabi_remi                          
00022904  BMPX80_setup                           
0002292e  LFXT_Start                             
00022958  LSM303AHTR_magInit                     
00022982  SDCard_readFrame                       
000229ac  ShimmerCalib_findLength                
000229d6  UART_write                             
00022a00  UCA0_isrInit                           
00022a2a  sendNextChar                           
00022a54  uartSendNextChar                       
00022a7e  ADS1292_enableDrdyInterrupts           
00022aa6  BT_setGoodCommand                      
00022ace  EXG_init                               
00022af6  EXG_offsetCal                          
00022b1e  GetSdCfgFlag                           
00022b46  ShimmerCalibInitFromInfoAll            
00022b6e  ShimmerCalibUpdateFromInfoAll          
00022b96  ShimmerCalib_initVer                   
00022bbe  BT_rst_MessageProgress                 
00022be4  BT_rtsInterrupt                        
00022c0a  GSR_init                               
00022c30  GSR_initSmoothing                      
00022c56  GetTB0                                 
00022c7c  MPU9150_setSamplingRate                
00022ca2  RTC_get64                              
00022cc8  memcmp                                 
00022cee  writeCommandNoRsp                      
00022d14  InfoMem_read                           
00022d38  __TI_zero_init                         
00022d5c  __mspabi_fltuf                         
00022d80  CAT24C16_init                          
00022da2  DMA0_init                              
00022dc4  IniReadInfoMem                         
00022de6  Write2SD                               
00022e08  initRN2                                
00022e2a  __mspabi_mpyl_f5hw                     
00022e4c  LSM303AHTR_getAccel                    
00022e6c  LSM303DLHC_getAccel                    
00022e8c  MPU9150_getAccel                       
00022eac  MPU9150_getGyro                        
00022ecc  MPU9150_startMagMeasurement            
00022eec  SDCard_sendFrame                       
00022f0c  ShimmerCalibSyncFromDumpRamAll         
00022f4c  disk_status                            
00022f6c  ADC_disable                            
00022f8a  DMA2_init                              
00022fa8  MPU9150_getId                          
00022fc6  RTC_init                               
00022fe4  XT2_Start                              
00023002  memccpy                                
00023020  strcat                                 
0002303e  BlinkTimerStart                        
0002305a  MPU9150_getMagId                       
00023076  SampleTimerStop                        
00023092  strchr                                 
000230ae  CAT24C16_powerOff                      
000230c8  CAT24C16_powerOn                       
000230e2  ChargeStatusTimerStart                 
00023130  BtStart                                
00023176  f_close                                
0002318c  memset                                 
000231a2  __mspabi_divu                          
000231a2  __mspabi_remu                          
000231b8  __mspabi_mpyi_f5hw                     
000231ce  uartUca0RxIsr                          
000231e4  ADS1292_disableDrdyInterrupts          
000231f8  Button_init                            
0002320c  Button_interruptEnable                 
00023248  memcpy                                 
0002325c  ReadSdConfiguration                    
0002326e  SDCard_fastMode                        
00023280  TB0Stop                                
00023292  __mspabi_fixdu                         
000232a4  __TI_decompress_none                   
000232ec  strcpy                                 
000232fe  __mspabi_sral                          
0002330e  __mspabi_slll                          
0002331e  __mspabi_srll                          
0002332e  DMA0_repeatTransfer                    
0002333c  Infomem2Names                          
0002334a  SetRamCalibFlag                        
00023358  isprint                                
00023366  run_mmc_detectsd                       
00023366  set_sd_detect                          
00023374  strlen                                 
00023382  DMA0_enable                            
0002338e  DMA2_disable                           
0002339a  DMA2_enable                            
000233a6  Dma0BatteryRead                        
000233b2  BT_setRadioMode                        
000233bc  BtStartDone                            
000233c6  SetStartSensing                        
000233d0  ShimmerCalib_ramTempInit               
000233da  _system_pre_init                       
000233e4  abs                                    
000233ee  get_fattime                            
000233f8  __mspabi_slli                          
00023402  __mspabi_srli                          
0002340c  ADC_startConversion                    
00023414  Button_waitpress                       
0002341c  DMA0_disable                           
00023424  I2C_Set_Slave_Address                  
0002342c  initRN1                                
00023434  uartUca0TxIsr                          
0002343c  ADS1292_powerOff                       
0002343c  EXG_powerOff                           
00023442  BT_connectionInterrupt                 
00023448  BT_disableRemoteConfig                 
0002344e  BT_getExpResp                          
00023454  BT_getMacAddress                       
0002345a  BT_getVersion                          
00023460  BT_setGetMacAddress                    
00023466  BT_setGetVersion                       
0002346c  BT_startDone_cb                        
00023472  DMA0_transferDoneFunction              
00023478  DMA2_transferDoneFunction              
0002347e  GetRamCalibFlag                        
00023484  I2C_Disable                            
0002348a  I2C_Enable                             
00023490  I2C_Interrupt_Disable                  
00023496  I2C_Interrupt_Enable                   
0002349c  SDCard_setCSHigh                       
000234a2  SDCard_setCSLow                        
000234a8  SdPowerOff                             
000234ae  SdPowerOn                              
000234b4  UART_init                              
000234ba  UCA0_isrActivate                       
000234c0  __mspabi_fltud                         
000234c6  atof                                   
000234cc  __TI_decompress_rle24                  
000234d2  initRN3                                
000234de  uartRxEnable                           
000234e4  uartTxEnable                           
000234f0  C$$EXIT                                
000234f0  abort                                  
000234f4  ads1292Uca0TxIsr                       
000234f8  _nop                                   
ffffffff  __binit__                              
ffffffff  __c_args__                             
ffffffff  binit                                  
UNDEFED   __TI_INITARRAY_Base                    
UNDEFED   __TI_INITARRAY_Limit                   

[1415 symbols]
