******************************************************************************
                  MSP430 Linker PC v4.4.8                      
******************************************************************************
>> Linked Tue May 23 12:30:36 2017

OUTPUT FILE NAME:   <LogAndStream.out>
ENTRY POINT SYMBOL: "_c_int00_noargs_noexit"  address: 00006752


MEMORY CONFIGURATION

         name            origin    length      used     unused   attr    fill
----------------------  --------  ---------  --------  --------  ----  --------
  SFR                   00000000   00000010  00000000  00000010  RWIX
  PERIPHERALS_8BIT      00000010   000000f0  00000000  000000f0  RWIX
  PERIPHERALS_16BIT     00000100   00000100  00000000  00000100  RWIX
  INFOD                 00001800   00000080  00000000  00000080  RWIX
  INFOC                 00001880   00000080  00000000  00000080  RWIX
  INFOB                 00001900   00000080  00000000  00000080  RWIX
  INFOA                 00001980   00000080  00000000  00000080  RWIX
  RAM                   00001c00   00004000  00001f3e  000020c2  RWIX
  FLASH                 00005c00   0000a380  00002178  00008208  RWIX
  INT00                 0000ff80   00000002  00000000  00000002  RWIX
  INT01                 0000ff82   00000002  00000000  00000002  RWIX
  INT02                 0000ff84   00000002  00000000  00000002  RWIX
  INT03                 0000ff86   00000002  00000000  00000002  RWIX
  INT04                 0000ff88   00000002  00000000  00000002  RWIX
  INT05                 0000ff8a   00000002  00000000  00000002  RWIX
  INT06                 0000ff8c   00000002  00000000  00000002  RWIX
  INT07                 0000ff8e   00000002  00000000  00000002  RWIX
  INT08                 0000ff90   00000002  00000000  00000002  RWIX
  INT09                 0000ff92   00000002  00000000  00000002  RWIX
  INT10                 0000ff94   00000002  00000000  00000002  RWIX
  INT11                 0000ff96   00000002  00000000  00000002  RWIX
  INT12                 0000ff98   00000002  00000000  00000002  RWIX
  INT13                 0000ff9a   00000002  00000000  00000002  RWIX
  INT14                 0000ff9c   00000002  00000000  00000002  RWIX
  INT15                 0000ff9e   00000002  00000000  00000002  RWIX
  INT16                 0000ffa0   00000002  00000000  00000002  RWIX
  INT17                 0000ffa2   00000002  00000000  00000002  RWIX
  INT18                 0000ffa4   00000002  00000000  00000002  RWIX
  INT19                 0000ffa6   00000002  00000000  00000002  RWIX
  INT20                 0000ffa8   00000002  00000000  00000002  RWIX
  INT21                 0000ffaa   00000002  00000000  00000002  RWIX
  INT22                 0000ffac   00000002  00000000  00000002  RWIX
  INT23                 0000ffae   00000002  00000000  00000002  RWIX
  INT24                 0000ffb0   00000002  00000000  00000002  RWIX
  INT25                 0000ffb2   00000002  00000000  00000002  RWIX
  INT26                 0000ffb4   00000002  00000000  00000002  RWIX
  INT27                 0000ffb6   00000002  00000000  00000002  RWIX
  INT28                 0000ffb8   00000002  00000000  00000002  RWIX
  INT29                 0000ffba   00000002  00000000  00000002  RWIX
  INT30                 0000ffbc   00000002  00000000  00000002  RWIX
  INT31                 0000ffbe   00000002  00000000  00000002  RWIX
  INT32                 0000ffc0   00000002  00000000  00000002  RWIX
  INT33                 0000ffc2   00000002  00000000  00000002  RWIX
  INT34                 0000ffc4   00000002  00000000  00000002  RWIX
  INT35                 0000ffc6   00000002  00000000  00000002  RWIX
  INT36                 0000ffc8   00000002  00000000  00000002  RWIX
  INT37                 0000ffca   00000002  00000000  00000002  RWIX
  INT38                 0000ffcc   00000002  00000000  00000002  RWIX
  INT39                 0000ffce   00000002  00000000  00000002  RWIX
  INT40                 0000ffd0   00000002  00000000  00000002  RWIX
  INT41                 0000ffd2   00000002  00000002  00000000  RWIX
  INT42                 0000ffd4   00000002  00000002  00000000  RWIX
  INT43                 0000ffd6   00000002  00000000  00000002  RWIX
  INT44                 0000ffd8   00000002  00000000  00000002  RWIX
  INT45                 0000ffda   00000002  00000002  00000000  RWIX
  INT46                 0000ffdc   00000002  00000002  00000000  RWIX
  INT47                 0000ffde   00000002  00000002  00000000  RWIX
  INT48                 0000ffe0   00000002  00000002  00000000  RWIX
  INT49                 0000ffe2   00000002  00000002  00000000  RWIX
  INT50                 0000ffe4   00000002  00000002  00000000  RWIX
  INT51                 0000ffe6   00000002  00000000  00000002  RWIX
  INT52                 0000ffe8   00000002  00000000  00000002  RWIX
  INT53                 0000ffea   00000002  00000002  00000000  RWIX
  INT54                 0000ffec   00000002  00000002  00000000  RWIX
  INT55                 0000ffee   00000002  00000002  00000000  RWIX
  INT56                 0000fff0   00000002  00000002  00000000  RWIX
  INT57                 0000fff2   00000002  00000002  00000000  RWIX
  INT58                 0000fff4   00000002  00000002  00000000  RWIX
  INT59                 0000fff6   00000002  00000002  00000000  RWIX
  INT60                 0000fff8   00000002  00000002  00000000  RWIX
  INT61                 0000fffa   00000002  00000002  00000000  RWIX
  INT62                 0000fffc   00000002  00000002  00000000  RWIX
  RESET                 0000fffe   00000002  00000002  00000000  RWIX
  FLASH2                00010000   00035c00  00012da4  00022e5c  RWIX


SECTION ALLOCATION MAP

 output                                  attributes/
section   page    origin      length       input sections
--------  ----  ----------  ----------   ----------------
.bss       0    00001c00    00001d42     UNINITIALIZED
                  00001c00    00000400     (.common:shimmerCalib_ram)
                  00002000    00000400     (.common:shimmerCalib_ramTemp)
                  00002400    0000022e     (.common:fatfs)
                  0000262e    00000224     (.common:fil)
                  00002852    00000200     (.common:LfnBuf)
                  00002a52    00000200     (.common:sdBuff)
                  00002c52    00000200     (.common:storedConfig)
                  00002e52    00000100     (.common:sdHeadText)
                  00002f52    00000096     (.common:clock)
                  00002fe8    0000008a     (.common:uartRespBuf)
                  00003072    0000008a     (.common:uartRxBuf)
                  000030fc    0000008a     (.common:uart_messageBuffer)
                  00003186    00000088     (.common:messageBuffer)
                  0000320e    00000088     (.common:resPacket)
                  00003296    00000084     (.common:args)
                  0000331a    00000084     (.common:btRxBuff)
                  0000339e    00000080     (.common:slave_addresses)
                  0000341e    00000056     (.common:txBuff0)
                  00003474    00000056     (.common:txBuff1)
                  000034ca    00000040     (.common:dirName)
                  0000350a    00000040     (.common:fileName)
                  0000354a    00000022     (.common:dir)
                  0000356c    00000020     (.common:commandbuf)
                  0000358c    00000020     (.common:expDirName)
                  000035ac    0000001c     (.common:channelContents)
                  000035c8    00000018     (.common:bmpX80Calib)
                  000035e0    00000016     (.common:realTimeClockText64)
                  000035f6    00000016     (.common:realTimeDiffText64)
                  0000360c    00000012     (.common:newName)
                  0000361e    00000012     (.common:newPIN)
                  00003630    00000012     (.common:newSvcName)
                  00003642    00000010     (.common:daughtCardId)
                  00003652    00000010     (.common:targetBt)
                  00003662    00000010     (.common:uca0Isr)
                  00003672    0000000e     (.common:expIdName)
                  00003680    0000000e     (.common:mac)
                  0000368e    0000000e     (.common:newAutoMaster)
                  0000369c    0000000e     (.common:realTimeClockText40)
                  000036aa    0000000e     (.common:shimmerName)
                  000036b8    0000000c     (.common:configTimeText)
                  000036c4    0000000a     (.common:chip1Buffer1)
                  000036ce    0000000a     (.common:chip1Buffer2)
                  000036d8    0000000a     (.common:chip2Buffer1)
                  000036e2    0000000a     (.common:chip2Buffer2)
                  000036ec    0000000a     (.common:data)
                  000036f6    00000008     (.common:buttonLastReleaseTs64)
                  000036fe    00000008     (.common:buttonPressTs64)
                  00003706    00000008     (.common:buttonReleaseTs64)
                  0000370e    00000008     (.common:button_press_release_td64)
                  00003716    00000008     (.common:button_two_release_td64)
                  0000371e    00000008     (.common:expectedCommandResponse)
                  00003726    00000008     (.common:fileLastHour)
                  0000372e    00000008     (.common:fileLastMin)
                  00003736    00000008     (.common:firstTs)
                  0000373e    00000008     (.common:realTimeClock64)
                  00003746    00000008     (.common:receiveBuffer)
                  0000374e    00000008     (.common:rwcConfigTime64)
                  00003756    00000008     (.common:rwcTimeDiff64)
                  0000375e    00000008     (.common:startSensingTs64)
                  00003766    00000006     (.common:bmpVal)
                  0000376c    00000006     (.common:macAddr)
                  00003772    00000006     (.common:myTimeDiff)
                  00003778    00000006     (.common:newBaudrate)
                  0000377e    00000006     (.common:newDevClass)
                  00003784    00000006     (.common:newInquiryTime)
                  0000378a    00000006     (.common:newPagingTime)
                  00003790    00000006     (.common:newRawBaudrate)
                  00003796    00000006     (.common:newSvcClass)
                  0000379c    00000006     (.common:rcommResp)
                  000037a2    00000006     (.common:shimmerCalib_macId)
                  000037a8    00000006     (.common:userBaudRate)
                  000037ae    00000004     (.common:FatFs)
                  000037b2    00000004     (.common:activeBuffer)
                  000037b6    00000004     (.common:adcStartPtr)
                  000037ba    00000004     (.common:battInterval)
                  000037be    00000004     (.common:battLastTs64)
                  000037c2    00000004     (.common:battVal)
                  000037c6    00000004     (.common:btRxExp)
                  000037ca    00000004     (.common:clockFreq)
                  000037ce    00000004     (.common:dierecord)
                  000037d2    00000004     (.common:last_resistance)
                  000037d6    00000004     (.common:last_ts)
                  000037da    00000004     (.common:maxLen)
                  000037de    00000004     (.common:maxLenCnt)
                  000037e2    00000004     (.common:rtcLocalTime32h)
                  000037e6    00000004     (.common:runSetCommands_cb)
                  000037ea    00000004     (.common:rx_packet_data)
                  000037ee    00000004     (.common:slave_address_pointer)
                  000037f2    00000004     (.common:this_ts)
                  000037f6    00000004     (.common:tx_packet_data)
                  000037fa    00000004     (.common:uartCallbackFunc)
                  000037fe    00000002     (.common:Fsid)
                  00003800    00000002     (.common:blinkCnt10)
                  00003802    00000002     (.common:blinkCnt20)
                  00003804    00000002     (.common:blinkCnt50)
                  00003806    00000002     (.common:blockLen)
                  00003808    00000002     (.common:bmpPresInterval)
                  0000380a    00000002     (.common:bmpTempInterval)
                  0000380c    00000002     (.common:calibRamOffset)
                  0000380e    00000002     (.common:clk_10)
                  00003810    00000002     (.common:clk_1000)
                  00003812    00000002     (.common:clk_105)
                  00003814    00000002     (.common:clk_115)
                  00003816    00000002     (.common:clk_120)
                  00003818    00000002     (.common:clk_135)
                  0000381a    00000002     (.common:clk_135_90)
                  0000381c    00000002     (.common:clk_145)
                  0000381e    00000002     (.common:clk_150)
                  00003820    00000002     (.common:clk_165)
                  00003822    00000002     (.common:clk_195)
                  00003824    00000002     (.common:clk_195_90)
                  00003826    00000002     (.common:clk_225)
                  00003828    00000002     (.common:clk_250)
                  0000382a    00000002     (.common:clk_2500)
                  0000382c    00000002     (.common:clk_255)
                  0000382e    00000002     (.common:clk_255_90)
                  00003830    00000002     (.common:clk_285)
                  00003832    00000002     (.common:clk_375)
                  00003834    00000002     (.common:clk_375_90)
                  00003836    00000002     (.common:clk_405)
                  00003838    00000002     (.common:clk_45)
                  0000383a    00000002     (.common:clk_50)
                  0000383c    00000002     (.common:clk_55)
                  0000383e    00000002     (.common:clk_75)
                  00003840    00000002     (.common:clk_85)
                  00003842    00000002     (.common:clk_90)
                  00003844    00000002     (.common:clk_90_45)
                  00003846    00000002     (.common:clk_90_55)
                  00003848    00000002     (.common:clk_90_75)
                  0000384a    00000002     (.common:clk_90_85)
                  0000384c    00000002     (.common:dcMemOffset)
                  0000384e    00000002     (.common:dirCounter)
                  00003850    00000002     (.common:ff_result)
                  00003852    00000002     (.common:fileNum)
                  00003854    00000002     (.common:infomemOffset)
                  00003856    00000002     (.common:lastGsrVal)
                  00003858    00000002     (.common:max_resistance_step)
                  0000385a    00000002     (.common:rcommSpecialInt)
                  0000385c    00000002     (.common:rx_byte_ctr)
                  0000385e    00000002     (.common:rx_packet_length)
                  00003860    00000002     (.common:sdBuffLen)
                  00003862    00000002     (.common:secondTry)
                  00003864    00000002     (.common:shimmerCalib_ramLen)
                  00003866    00000002     (.common:shimmerCalib_ramTempLen)
                  00003868    00000002     (.common:shimmerCalib_ramTempMax)
                  0000386a    00000002     (.common:starting)
                  0000386c    00000002     (.common:transient_sample)
                  0000386e    00000002     (.common:transient_smoothing_samples)
                  00003870    00000002     (.common:uartDcMemOffset)
                  00003872    00000002     (.common:uartInfoMemOffset)
                  00003874    00000001     (.common:CardType)
                  00003875    00000001     (.common:SD_ERROR)
                  00003876    00000001     (.common:SD_IN_SLOT)
                  00003877    00000001     (.common:aAccelCalibrationResponse)
                  00003878    00000001     (.common:allCalibrationResponse)
                  00003879    00000001     (.common:argsSize)
                  0000387a    00000001     (.common:authenticate)
                  0000387b    00000001     (.common:battRead)
                  0000387c    00000001     (.common:battStat)
                  0000387d    00000001     (.common:battWait)
                  0000387e    00000001     (.common:blinkLedResponse)
                  0000387f    00000001     (.common:blinkStatus)
                  00003880    00000001     (.common:bmp180CalibrationCoefficientsResponse)
                  00003881    00000001     (.common:bmp180OversamplingRatioResponse)
                  00003882    00000001     (.common:bmpInUse)
                  00003883    00000001     (.common:bmpPressCount)
                  00003884    00000001     (.common:bmpPressFreq)
                  00003885    00000001     (.common:bmpX80)
                  00003886    00000001     (.common:bmpX80Address)
                  00003887    00000001     (.common:btCommsBaudRateResponse)
                  00003888    00000001     (.common:btConnected)
                  00003889    00000001     (.common:btIsConnected)
                  0000388a    00000001     (.common:btPowerOn)
                  0000388b    00000001     (.common:btVbattResponse)
                  0000388c    00000001     (.common:bt_getmac_start)
                  0000388d    00000001     (.common:bt_getmac_step)
                  0000388e    00000001     (.common:bt_runmastercommands_start)
                  0000388f    00000001     (.common:bt_runmastercommands_step)
                  00003890    00000001     (.common:bt_setbaudrate_start)
                  00003891    00000001     (.common:bt_setbaudrate_step)
                  00003892    00000001     (.common:bt_setcommands_start)
                  00003893    00000001     (.common:bt_setcommands_step)
                  00003894    00000001     (.common:btsdSelfCmd)
                  00003895    00000001     (.common:btstreamReady)
                  00003896    00000001     (.common:bufferSizeResponse)
                  00003897    00000001     (.common:calibRamFlag)
                  00003898    00000001     (.common:calibRamLength)
                  00003899    00000001     (.common:calibRamResponse)
                  0000389a    00000001     (.common:cb_cnt)
                  0000389b    00000001     (.common:centerResponse)
                  0000389c    00000001     (.common:changeBtBaudRate)
                  0000389d    00000001     (.common:charsReceived)
                  0000389e    00000001     (.common:charsSent)
                  0000389f    00000001     (.common:chip1CurrentFullBuffer)
                  000038a0    00000001     (.common:chip1ReadPending)
                  000038a1    00000001     (.common:chip2CurrentFullBuffer)
                  000038a2    00000001     (.common:chip2ReadPending)
                  000038a3    00000001     (.common:command_received)
                  000038a4    00000001     (.common:configSetupBytesResponse)
                  000038a5    00000001     (.common:configTimeResponse)
                  000038a6    00000001     (.common:configureChannels)
                  000038a7    00000001     (.common:configuring)
                  000038a8    00000001     (.common:crcChecksum)
                  000038a9    00000001     (.common:currentBuffer)
                  000038aa    00000001     (.common:dAccelCalibrationResponse)
                  000038ab    00000001     (.common:dcIdResponse)
                  000038ac    00000001     (.common:dcMemLength)
                  000038ad    00000001     (.common:dcMemResponse)
                  000038ae    00000001     (.common:derivedChannelResponse)
                  000038af    00000001     (.common:deviceConn)
                  000038b0    00000001     (.common:deviceVersionResponse)
                  000038b1    00000001     (.common:dirLen)
                  000038b2    00000001     (.common:dirResponse)
                  000038b3    00000001     (.common:disableRemoteConfig)
                  000038b4    00000001     (.common:discoverable)
                  000038b5    00000001     (.common:docked)
                  000038b6    00000001     (.common:dockedResponse)
                  000038b7    00000001     (.common:enableBtstream)
                  000038b8    00000001     (.common:enableSdlog)
                  000038b9    00000001     (.common:encrypt)
                  000038ba    00000001     (.common:exgChip)
                  000038bb    00000001     (.common:exgLength)
                  000038bc    00000001     (.common:exgRegsResponse)
                  000038bd    00000001     (.common:exgStartAddr)
                  000038be    00000001     (.common:expIDResponse)
                  000038bf    00000001     (.common:fileBad)
                  000038c0    00000001     (.common:fileBadCnt)
                  000038c1    00000001     (.common:firstTsFlag)
                  000038c2    00000001     (.common:fwVersionResponse)
                  000038c3    00000001     (.common:gAction)
                  000038c4    00000001     (.common:getMacAddress)
                  000038c5    00000001     (.common:getRcomm)
                  000038c6    00000001     (.common:got_first_sample)
                  000038c7    00000001     (.common:gsrActiveResistor)
                  000038c8    00000001     (.common:gsrRangeResponse)
                  000038c9    00000001     (.common:gyroCalibrationResponse)
                  000038ca    00000001     (.common:in_delay_ms)
                  000038cb    00000001     (.common:infomemLength)
                  000038cc    00000001     (.common:infomemResponse)
                  000038cd    00000001     (.common:initializing)
                  000038ce    00000001     (.common:inquiryResponse)
                  000038cf    00000001     (.common:internalExpPowerEnableResponse)
                  000038d0    00000001     (.common:isLogging)
                  000038d1    00000001     (.common:isStreaming)
                  000038d2    00000001     (.common:lastLedGroup2)
                  000038d3    00000001     (.common:last_active_resistor)
                  000038d4    00000001     (.common:lsm303dlhcAccelHRModeResponse)
                  000038d5    00000001     (.common:lsm303dlhcAccelLPModeResponse)
                  000038d6    00000001     (.common:lsm303dlhcAccelRangeResponse)
                  000038d7    00000001     (.common:lsm303dlhcAccelSamplingRateResponse)
                  000038d8    00000001     (.common:lsm303dlhcMagGainResponse)
                  000038d9    00000001     (.common:lsm303dlhcMagSamplingRateResponse)
                  000038da    00000001     (.common:magCalibrationResponse)
                  000038db    00000001     (.common:messageInProgress)
                  000038dc    00000001     (.common:messageLength)
                  000038dd    00000001     (.common:mpu9150AccelRangeResponse)
                  000038de    00000001     (.common:mpu9150GyroRangeResponse)
                  000038df    00000001     (.common:mpu9150MagSensAdjValsResponse)
                  000038e0    00000001     (.common:mpu9150SamplingRateResponse)
                  000038e1    00000001     (.common:mpuMagCount)
                  000038e2    00000001     (.common:mpuMagFreq)
                  000038e3    00000001     (.common:myIDResponse)
                  000038e4    00000001     (.common:nbrAdcChans)
                  000038e5    00000001     (.common:nbrDigiChans)
                  000038e6    00000001     (.common:newDirFlag)
                  000038e7    00000001     (.common:newMode)
                  000038e8    00000001     (.common:nshimmerResponse)
                  000038e9    00000001     (.common:onDefault)
                  000038ea    00000001     (.common:onSingleTouch)
                  000038eb    00000001     (.common:onUserButton)
                  000038ec    00000001     (.common:preSampleBmpPress)
                  000038ed    00000001     (.common:preSampleMpuMag)
                  000038ee    00000001     (.common:processCommand)
                  000038ef    00000001     (.common:radioMode)
                  000038f0    00000001     (.common:rcommTimeout)
                  000038f1    00000001     (.common:rcommWindowCenter)
                  000038f2    00000001     (.common:receive_flag)
                  000038f3    00000001     (.common:resetDefaultsRequest)
                  000038f4    00000001     (.common:rwcErrorEn)
                  000038f5    00000001     (.common:rwcErrorFlash)
                  000038f6    00000001     (.common:rwcResponse)
                  000038f7    00000001     (.common:rxCount)
                  000038f8    00000001     (.common:sampleBmp180Press)
                  000038f9    00000001     (.common:sampleBmpTemp)
                  000038fa    00000001     (.common:sampleBmpTempFreq)
                  000038fb    00000001     (.common:sampleMpu9150Mag)
                  000038fc    00000001     (.common:sampleTimerStatus)
                  000038fd    00000001     (.common:samplingRateResponse)
                  000038fe    00000001     (.common:sdErrorFlash)
                  000038ff    00000001     (.common:sdInfoSyncDelayed)
                  00003900    00000001     (.common:sdWrite)
                  00003901    00000001     (.common:sdlogReady)
                  00003902    00000001     (.common:sdlogcfgUpdate)
                  00003903    00000001     (.common:sendAck)
                  00003904    00000001     (.common:sendResponse)
                  00003905    00000001     (.common:sensing)
                  00003906    00000001     (.common:setBaudrate)
                  00003907    00000001     (.common:setConfig)
                  00003908    00000001     (.common:setCustomInquiryTime)
                  00003909    00000001     (.common:setCustomPagingTime)
                  0000390a    00000001     (.common:setDevClassRequest)
                  0000390b    00000001     (.common:setNameRequest)
                  0000390c    00000001     (.common:setPINRequest)
                  0000390d    00000001     (.common:setRawBaudrate)
                  0000390e    00000001     (.common:setSvcClassRequest)
                  0000390f    00000001     (.common:setSvcNameRequest)
                  00003910    00000001     (.common:setUndock)
                  00003911    00000001     (.common:shimmerNameResponse)
                  00003912    00000001     (.common:skip65ms)
                  00003913    00000001     (.common:slowRate)
                  00003914    00000001     (.common:startSensing)
                  00003915    00000001     (.common:stopLogging)
                  00003916    00000001     (.common:stopSensing)
                  00003917    00000001     (.common:stopStreaming)
                  00003918    00000001     (.common:streamData)
                  00003919    00000001     (.common:streamDataInProc)
                  0000391a    00000001     (.common:syncEnabled)
                  0000391b    00000001     (.common:toggleLedRed)
                  0000391c    00000001     (.common:transient_active_resistor)
                  0000391d    00000001     (.common:transmissionOverflow)
                  0000391e    00000001     (.common:transmit_flag)
                  0000391f    00000001     (.common:trialConfigResponse)
                  00003920    00000001     (.common:tx_byte_ctr)
                  00003921    00000001     (.common:tx_packet_length)
                  00003922    00000001     (.common:txie_reg)
                  00003923    00000001     (.common:uartAction)
                  00003924    00000001     (.common:uartArg2Wait)
                  00003925    00000001     (.common:uartArgSize)
                  00003926    00000001     (.common:uartCrc2Wait)
                  00003927    00000001     (.common:uartDcMemLength)
                  00003928    00000001     (.common:uartInfoMemLength)
                  00003929    00000001     (.common:uartProcessCmds)
                  0000392a    00000001     (.common:uartSendResponses)
                  0000392b    00000001     (.common:uartSendRspAck)
                  0000392c    00000001     (.common:uartSendRspBadArg)
                  0000392d    00000001     (.common:uartSendRspBadCmd)
                  0000392e    00000001     (.common:uartSendRspBadCrc)
                  0000392f    00000001     (.common:uartSendRspBat)
                  00003930    00000001     (.common:uartSendRspCurrentTime)
                  00003931    00000001     (.common:uartSendRspGdi)
                  00003932    00000001     (.common:uartSendRspGdm)
                  00003933    00000001     (.common:uartSendRspGim)
                  00003934    00000001     (.common:uartSendRspMac)
                  00003935    00000001     (.common:uartSendRspRtcConfigTime)
                  00003936    00000001     (.common:uartSendRspVer)
                  00003937    00000001     (.common:uartSteps)
                  00003938    00000001     (.common:uart_charsSent)
                  00003939    00000001     (.common:uart_messageInProgress)
                  0000393a    00000001     (.common:uart_messageLength)
                  0000393b    00000001     (.common:uca0ActivatedIsr)
                  0000393c    00000001     (.common:uca0NumIsr)
                  0000393d    00000001     (.common:undockSimulate)
                  0000393e    00000001     (.common:uniqueSerialResponse)
                  0000393f    00000001     (.common:waitingForArgs)
                  00003940    00000001     (.common:waitingForArgsLength)
                  00003941    00000001     (.common:waitpress)

.data      0    00003942    0000015c     UNINITIALIZED
                  00003942    000000b0     rts430x_lc_rd_eabi.lib : signal.obj (.data:sigtable)
                  000039f2    00000080                            : xvalues.obj (.data)
                  00003a72    0000000c     hal_DMA.obj (.data)
                  00003a7e    00000008     rts430x_lc_rd_eabi.lib : feraiseexcept.obj (.data)
                  00003a86    00000007     lsm303dlhc.obj (.data:last_data$1)
                  00003a8d    00000001     --HOLE--
                  00003a8e    00000004     rts430x_lc_rd_eabi.lib : _lock.obj (.data:_lock)
                  00003a92    00000004                            : _lock.obj (.data:_unlock)
                  00003a96    00000004     hal_ADC.obj (.data)
                  00003a9a    00000002     mmc.obj (.data)
                  00003a9c    00000002     rts430x_lc_rd_eabi.lib : errno.obj (.data)

.stack     0    00005b60    000000a0     UNINITIALIZED
                  00005b60    00000004     rts430x_lc_rd_eabi.lib : boot.obj (.stack)
                  00005b64    0000009c     --HOLE--

.text:_isr 
*          0    00005c00    00000b94     
                  00005c00    0000044a     main.obj (.text:_isr:TIMER0_B1_ISR)
                  0000604a    00000212     main.obj (.text:_isr:Port1_ISR)
                  0000625c    00000176     msp430_clock.obj (.text:_isr:TIMER1_A0_ISR)
                  000063d2    00000130     hal_I2C.obj (.text:_isr:USCI_I2C_ISR)
                  00006502    000000a8     main.obj (.text:_isr:TIMER0_B0_ISR)
                  000065aa    00000078     main.obj (.text:_isr:Port2_ISR)
                  00006622    00000060     hal_UCA0.obj (.text:_isr:USCI_A0_ISR)
                  00006682    00000058     hal_ADC.obj (.text:_isr:ADC12_ISR)
                  000066da    0000004c     hal_DMA.obj (.text:_isr:DMA_ISR)
                  00006726    0000002c     main.obj (.text:_isr:TIMER0_A1_ISR)
                  00006752    0000001a     rts430x_lc_rd_eabi.lib : boot_special.obj (.text:_isr:_c_int00_noargs_noexit)
                  0000676c    00000016     RN42.obj (.text:_isr:USCI_A1_ISR)
                  00006782    00000010     hal_RTC.obj (.text:_isr:RTC_ISR)
                  00006792    00000002     main.obj (.text:_isr:TrapIsr)

.const     0    00006794    0000157c     
                  00006794    00000cee     main.obj (.const:.string)
                  00007482    000001e0     ccsbcs.obj (.const:tbl_lower$1)
                  00007662    000001e0     ccsbcs.obj (.const:tbl_upper$2)
                  00007842    00000120     RN42.obj (.const:.string)
                  00007962    00000101     rts430x_lc_rd_eabi.lib : ctype.obj (.const:.string:_ctypes_)
                  00007a63    00000001     --HOLE-- [fill = 0]
                  00007a64    00000100     ccsbcs.obj (.const:Tbl)
                  00007b64    00000080     ff.obj (.const:.string:excvt$1)
                  00007be4    00000050     rts430x_lc_rd_eabi.lib : strtod.obj (.const:digits)
                  00007c34    00000048                            : strtod.obj (.const:powerof10)
                  00007c7c    00000024     shimmer_calibration.obj (.const:.string)
                  00007ca0    00000020     rts430x_lc_rd_eabi.lib : xdint.obj (.const:mask$1)
                  00007cc0    00000014                            : _printfi_min.obj (.const:.string)
                  00007cd4    00000012     ff.obj (.const:.string)
                  00007ce6    0000000d     ff.obj (.const:.string:LfnOfs)
                  00007cf3    00000001     --HOLE-- [fill = 0]
                  00007cf4    0000000a     main.obj (.const:.string:$P$T0$1)
                  00007cfe    0000000a     main.obj (.const:.string:$P$T1$2)
                  00007d08    00000008     rts430x_lc_rd_eabi.lib : xdint.obj (.const:sub$2)

.cinit     0    00007d10    00000068     
                  00007d10    00000046     (.cinit..data.load) [load image, compression = rle]
                  00007d56    0000000c     (__TI_handler_table)
                  00007d62    00000006     (.cinit..bss.load) [load image, compression = zero_init]
                  00007d68    00000010     (__TI_cinit_table)

.init_array 
*          0    00005c00    00000000     UNINITIALIZED

RTC        0    0000ffd2    00000002     
                  0000ffd2    00000002     hal_RTC.obj (.int41)

PORT2      0    0000ffd4    00000002     
                  0000ffd4    00000002     main.obj (.int42)

.TI.noinit 
*          0    00001c00    00000000     UNINITIALIZED

.TI.persistent 
*          0    00003942    00000000     UNINITIALIZED

USCI_B1    0    0000ffda    00000002     
                  0000ffda    00000002     main.obj (.int45)

USCI_A1    0    0000ffdc    00000002     
                  0000ffdc    00000002     RN42.obj (.int46)

PORT1      0    0000ffde    00000002     
                  0000ffde    00000002     main.obj (.int47)

TIMER1_A1 
*          0    0000ffe0    00000002     
                  0000ffe0    00000002     main.obj (.int48)

TIMER1_A0 
*          0    0000ffe2    00000002     
                  0000ffe2    00000002     msp430_clock.obj (.int49)

DMA        0    0000ffe4    00000002     
                  0000ffe4    00000002     hal_DMA.obj (.int50)

TIMER0_A1 
*          0    0000ffea    00000002     
                  0000ffea    00000002     main.obj (.int53)

TIMER0_A0 
*          0    0000ffec    00000002     
                  0000ffec    00000002     main.obj (.int54)

ADC12      0    0000ffee    00000002     
                  0000ffee    00000002     hal_ADC.obj (.int55)

USCI_B0    0    0000fff0    00000002     
                  0000fff0    00000002     hal_I2C.obj (.int56)

USCI_A0    0    0000fff2    00000002     
                  0000fff2    00000002     hal_UCA0.obj (.int57)

WDT        0    0000fff4    00000002     
                  0000fff4    00000002     main.obj (.int58)

TIMER0_B1 
*          0    0000fff6    00000002     
                  0000fff6    00000002     main.obj (.int59)

TIMER0_B0 
*          0    0000fff8    00000002     
                  0000fff8    00000002     main.obj (.int60)

UNMI       0    0000fffa    00000002     
                  0000fffa    00000002     main.obj (.int61)

SYSNMI     0    0000fffc    00000002     
                  0000fffc    00000002     main.obj (.int62)

.reset     0    0000fffe    00000002     
                  0000fffe    00000002     rts430x_lc_rd_eabi.lib : boot.obj (.reset)

.text      0    00010000    00012da4     
                  00010000    0000133e     main.obj (.text:UpdateSdConfig)
                  0001133e    00001274     main.obj (.text:ProcessCommand)
                  000125b2    00000f6a     main.obj (.text:ParseConfig)
                  0001351c    00000e52     main.obj (.text:SendResponse)
                  0001436e    00000860     main.obj (.text:CalibNewFile)
                  00014bce    00000662     main.obj (.text:Init)
                  00015230    00000602     main.obj (.text:StreamData)
                  00015832    000005cc     main.obj (.text:Dma2ConversionDone)
                  00015dfe    000005a2     main.obj (.text:UartSendRsp)
                  000163a0    00000542     main.obj (.text:StartStreaming)
                  000168e2    0000053e     main.obj (.text:ConfigureChannels)
                  00016e20    000004ee     ff.obj (.text:chk_mounted)
                  0001730e    00000452     rts430x_lc_rd_eabi.lib : frcdivd.obj (.text:__TI_frcdivd)
                  00017760    000003ce     RN42.obj (.text:runSetCommands)
                  00017b2e    0000039a     rts430x_lc_rd_eabi.lib : div64u.obj (.text:__mspabi_divull)
                  00017ec8    00000342     main.obj (.text:UartProcessCmd)
                  0001820a    0000031a     rts430x_lc_rd_eabi.lib : fmod.obj (.text:fmod)
                  00018524    000002e4                            : frcmpyd.obj (.text:__TI_frcmpyd)
                  00018808    000002e4                            : strtod.obj (.text:strtod)
                  00018aec    000002dc     ff.obj (.text:f_write)
                  00018dc8    000002d8     rts430x_lc_rd_eabi.lib : addd.obj (.text:__mspabi_addd)
                  000190a0    000002d2     shimmer_calibration.obj (.text:ShimmerCalib_default)
                  00019372    000002ba     hal_InfoMem.obj (.text:InfoMem_write)
                  0001962c    000002b0     ff.obj (.text:f_lseek)
                  000198dc    00000286     ff.obj (.text:create_name)
                  00019b62    00000282     rts430x_lc_rd_eabi.lib : mpyd.obj (.text:__mspabi_mpyd)
                  00019de4    00000252                            : frcaddd.obj (.text:__TI_frcaddd)
                  0001a036    00000250     main.obj (.text:SampleTimerStart)
                  0001a286    00000248     RN42.obj (.text:setupUART)
                  0001a4ce    0000023c     ff.obj (.text:f_read)
                  0001a70a    0000022c     ff.obj (.text:f_open)
                  0001a936    00000228     ff.obj (.text:f_mkdir)
                  0001ab5e    00000222     rts430x_lc_rd_eabi.lib : divd.obj (.text:__mspabi_divd)
                  0001ad80    00000202     main.obj (.text:main)
                  0001af82    000001fe     main.obj (.text:Config2SdHead)
                  0001b180    000001cc     rts430x_lc_rd_eabi.lib : strtoul.obj (.text:strtoul)
                  0001b34c    000001c4                            : floor.obj (.text:floor)
                  0001b510    000001b2                            : ceil.obj (.text:ceil)
                  0001b6c2    000001b0     main.obj (.text:SetBasedir)
                  0001b872    000001ae     hal_Board.obj (.text:Board_init)
                  0001ba20    000001a8     ff.obj (.text:dir_register)
                  0001bbc8    0000019e     rts430x_lc_rd_eabi.lib : xdscale.obj (.text:_Dscale)
                  0001bd66    0000018e     RN42.obj (.text:BT_setTempBaudRate)
                  0001bef4    0000018c     ff.obj (.text:put_fat)
                  0001c080    00000188     main.obj (.text:WriteFile)
                  0001c208    0000017e     shimmer_calibration.obj (.text:ShimmerCalib_file2Ram)
                  0001c386    0000017e     ff.obj (.text:dir_next)
                  0001c504    0000017a     ff.obj (.text:get_fileinfo)
                  0001c67e    00000176     main.obj (.text:ClkAssignment)
                  0001c7f4    00000172     main.obj (.text:ShimmerCalibFromInfo)
                  0001c966    0000016c     exg.obj (.text:EXG_readData)
                  0001cad2    00000162     main.obj (.text:FindError)
                  0001cc34    00000156     shimmer_calibration.obj (.text:ShimmerCalib_ram2File)
                  0001cd8a    0000014a     mmc.obj (.text:disk_initialize)
                  0001ced4    00000142     main.obj (.text:StopSensing)
                  0001d016    00000142     ff.obj (.text:get_fat)
                  0001d158    00000134     main.obj (.text:ShimmerCalibSyncFromDumpRamSingleSensor)
                  0001d28c    00000132     rts430x_lc_rd_eabi.lib : _printfi_min.obj (.text:_setfield)
                  0001d3be    00000130                            : fs_add.obj (.text)
                  0001d4ee    0000012a     main.obj (.text:SetDefaultConfiguration)
                  0001d618    00000120     ff.obj (.text:create_chain)
                  0001d738    00000112     main.obj (.text:UartCallback)
                  0001d84a    00000112     RN42.obj (.text:runSetTempBaudRate)
                  0001d95c    00000106     main.obj (.text:ItoaNo0)
                  0001da62    00000100     rts430x_lc_rd_eabi.lib : xdnorm.obj (.text:_Dnorm)
                  0001db62    00000100     ff.obj (.text:dir_sdi)
                  0001dc62    000000fc     shimmer_calibration.obj (.text:ShimmerCalib_singleSensorWrite)
                  0001dd5e    000000f4     mmc.obj (.text:disk_ioctl)
                  0001de52    000000f2     main.obj (.text:Dma0ConversionDone)
                  0001df44    000000ec     ff.obj (.text:sync)
                  0001e030    000000e4     hal_ADC.obj (.text:ADC_init)
                  0001e114    000000da     ff.obj (.text:f_sync)
                  0001e1ee    000000d8     rts430x_lc_rd_eabi.lib : cmpd.obj (.text:__mspabi_cmpd)
                  0001e2c6    000000d8     ff.obj (.text:dir_find)
                  0001e39e    000000d8     RN42.obj (.text:runMasterCommands)
                  0001e476    000000d2     main.obj (.text:GsrRange)
                  0001e548    000000d2     rts430x_lc_rd_eabi.lib : _printfi_min.obj (.text:__TI_printfi_minimal)
                  0001e61a    000000cc                            : xdint.obj (.text:_Dint)
                  0001e6e6    000000ca     main.obj (.text:MakeBasedir)
                  0001e7b0    000000ca     hal_pmm.obj (.text:SetVCoreUp)
                  0001e87a    000000c6     main.obj (.text:SetBattDma)
                  0001e940    000000c4     ff.obj (.text:dir_read)
                  0001ea04    000000c4     rts430x_lc_rd_eabi.lib : round.obj (.text:round)
                  0001eac8    000000be     ff.obj (.text:move_window)
                  0001eb86    000000bc     mmc.obj (.text:disk_write)
                  0001ec42    000000ba     cat24c16.obj (.text:CAT24C16_write)
                  0001ecfc    000000b8     ff.obj (.text:gen_numname)
                  0001edb4    000000b6     main.obj (.text:SetBtBaudRate)
                  0001ee6a    000000b6     rts430x_lc_rd_eabi.lib : fs_mpy.obj (.text)
                  0001ef20    000000b4     ff.obj (.text:follow_path)
                  0001efd4    000000b4     mmc.obj (.text:send_cmd)
                  0001f088    000000b2     rts430x_lc_rd_eabi.lib : renormd.obj (.text:__TI_renormd)
                  0001f13a    000000b0     ff.obj (.text:f_opendir)
                  0001f1ea    000000ae     RN42.obj (.text:BT_init)
                  0001f298    000000ae     main.obj (.text:i2cSlaveDiscover)
                  0001f346    000000aa     hal_I2C.obj (.text:I2C_Read_Packet_From_Sensor)
                  0001f3f0    000000aa     hal_I2C.obj (.text:I2C_Write_Packet_To_Sensor)
                  0001f49a    000000a4     ff.obj (.text:cmp_lfn)
                  0001f53e    000000a2     main.obj (.text:ItoaWith0)
                  0001f5e0    000000a0     shimmer_calibration.obj (.text:ShimmerCalib_singleSensorRead)
                  0001f680    0000009c     main.obj (.text:BtsdSelfcmd)
                  0001f71c    0000009c     hal_pmm.obj (.text:SetVCoreDown)
                  0001f7b8    0000009c     ff.obj (.text:remove_chain)
                  0001f854    00000098     ads1292.obj (.text:ads1292Uca0RxIsr)
                  0001f8ec    00000096     rts430x_lc_rd_eabi.lib : atoll.obj (.text:atoll)
                  0001f982    00000096     mmc.obj (.text:disk_read)
                  0001fa18    00000094     main.obj (.text:DockSdPowerCycle)
                  0001faac    00000094     ff.obj (.text:pick_lfn)
                  0001fb40    00000092     gsr.obj (.text:GSR_controlRange)
                  0001fbd2    00000092     ff.obj (.text:fit_lfn)
                  0001fc64    00000090     ff.obj (.text:check_fs)
                  0001fcf4    0000008e     main.obj (.text:ReadBatt)
                  0001fd82    0000008e     rts430x_lc_rd_eabi.lib : fs_div.obj (.text)
                  0001fe10    0000008c     ads1292.obj (.text:ADS1292_init)
                  0001fe9c    0000008c     rts430x_lc_rd_eabi.lib : cvtdf.obj (.text:__mspabi_cvtdf)
                  0001ff28    00000084     main.obj (.text:SetCfgTime)
                  0001ffac    00000084     main.obj (.text:Skip65ms)
                  00020030    00000082     exg.obj (.text:EXG_start)
                  000200b2    00000080     mpu9150.obj (.text:MPU9150_getMagSensitivityAdj)
                  00020132    00000078     bmpX80.obj (.text:BMPX80_setWorkMode)
                  000201aa    00000078     shimmer_calibration.obj (.text:ShimmerCalib_ramWrite)
                  00020222    00000076     rts430x_lc_rd_eabi.lib : fltuld.obj (.text:__mspabi_fltuld)
                  00020298    00000074     ads1292.obj (.text:ADS1292_regWrite)
                  0002030c    00000074     rts430x_lc_rd_eabi.lib : atol.obj (.text:atol)
                  00020380    0000006e     lsm303dlhc.obj (.text:LSM303DLHC_accelInit)
                  000203ee    0000006e     mpu9150.obj (.text:MPU9150_init)
                  0002045c    0000006c     main.obj (.text:SetShimmerName)
                  000204c8    0000006c     rts430x_lc_rd_eabi.lib : autoinit_wdt.obj (.text:_auto_init_hold_wdt)
                  00020534    0000006c     ff.obj (.text:f_readdir)
                  000205a0    00000068     rts430x_lc_rd_eabi.lib : copy_decompress_rle.obj (.text:__TI_decompress_rle_core)
                  00020608    00000068                            : fixdul.obj (.text:__mspabi_fixdul)
                  00020670    00000066     main.obj (.text:SetCalibFlag)
                  000206d6    00000066     main.obj (.text:SetSdCfgFlag)
                  0002073c    00000066     hal_UCA0.obj (.text:UCA0_isrRegister)
                  000207a2    00000066     main.obj (.text:i2cSlavePresent)
                  00020808    00000064     RN42.obj (.text:BT_append)
                  0002086c    00000064     rts430x_lc_rd_eabi.lib : cvtfd.obj (.text:__mspabi_cvtfd)
                  000208d0    00000062     main.obj (.text:StartLogging)
                  00020932    00000062     rts430x_lc_rd_eabi.lib : atoi.obj (.text:atoi)
                  00020994    00000060     lsm303dlhc.obj (.text:LSM303DLHC_magInit)
                  000209f4    00000060     shimmer_calibration.obj (.text:ShimmerCalib_init)
                  00020a54    0000005e     RN42.obj (.text:BT_startAll)
                  00020ab2    0000005e     main.obj (.text:CheckOnDefault)
                  00020b10    0000005e     gsr.obj (.text:GSR_smoothTransition)
                  00020b6e    0000005e     main.obj (.text:SetExpIdName)
                  00020bcc    0000005c     lsm303dlhc.obj (.text:LSM303DLHC_getMag)
                  00020c28    0000005c     shimmer_calibration.obj (.text:ShimmerCalib_ramRead)
                  00020c84    0000005c     RN42.obj (.text:writeCommand)
                  00020ce0    0000005a     hal_I2C.obj (.text:I2C_Master_Init)
                  00020d3a    0000005a     main.obj (.text:SetUndocked)
                  00020d94    0000005a     rts430x_lc_rd_eabi.lib : mult64_f5hw.obj (.text:__mpyll)
                  00020dee    0000005a                            : _printfi_min.obj (.text:_ltostr)
                  00020e48    00000058                            : div32u.obj (.text)
                  00020ea0    00000058     mmc.obj (.text:xmit_datablock)
                  00020ef8    00000056     mpu9150.obj (.text:MPU9150_getMag)
                  00020f4e    00000056     ff.obj (.text:f_gets)
                  00020fa4    00000054     hal_CRC.obj (.text:CRC_data)
                  00020ff8    00000054     main.obj (.text:ChangeBtBaudRateFunc)
                  0002104c    00000054     hal_SDCard.obj (.text:SDCard_init)
                  000210a0    00000054     main.obj (.text:SdInfoSync)
                  000210f4    00000054     rts430x_lc_rd_eabi.lib : rem64u.obj (.text:__mspabi_remull)
                  00021148    00000054     mmc.obj (.text:rcvr_datablock)
                  0002119c    00000052     mpu9150.obj (.text:MPU9150_setAccelRange)
                  000211ee    00000052     mpu9150.obj (.text:MPU9150_setGyroSensitivity)
                  00021240    00000052     ff.obj (.text:clust2sect)
                  00021292    0000004e     cat24c16.obj (.text:CAT24C16_read)
                  000212e0    0000004e     main.obj (.text:UartCheckCrc)
                  0002132e    0000004c     ads1292.obj (.text:ADS1292_dataReadyChip2)
                  0002137a    0000004c     bmpX80.obj (.text:BMPX80_startPressMeasurement)
                  000213c6    0000004c     rts430x_lc_rd_eabi.lib : _printfi_min.obj (.text:_pproc_diouxp)
                  00021412    0000004a     ads1292.obj (.text:ADS1292_dataReadyChip1)
                  0002145c    0000004a     hal_I2C.obj (.text:TI_USCI_I2C_slave_present)
                  000214a6    0000004a     rts430x_lc_rd_eabi.lib : fs_cmp.obj (.text)
                  000214f0    00000048                            : _printfi_min.obj (.text:_pproc_str)
                  00021538    00000048     ccsbcs.obj (.text:ff_convert)
                  00021580    00000046     mpu9150.obj (.text:MPU9150_wake)
                  000215c6    00000044     exg.obj (.text:EXG_stop)
                  0002160a    00000044     rts430x_lc_rd_eabi.lib : sprintf.obj (.text:sprintf)
                  0002164e    00000042     gsr.obj (.text:GSR_setRange)
                  00021690    00000042     main.obj (.text:Timestamp0ToFirstFile)
                  000216d2    00000040     ads1292.obj (.text:ADS1292_readDataContinuousMode)
                  00021712    00000040     RN42.obj (.text:BT_write)
                  00021752    00000040     hal_pmm.obj (.text:SetVCore)
                  00021792    00000040     hal_UartA0.obj (.text:UART_activate)
                  000217d2    0000003e     ads1292.obj (.text:ADS1292_start)
                  00021810    0000003e     bmpX80.obj (.text:BMPX80_getCalibCoeff)
                  0002184e    0000003e     main.obj (.text:TB0Start)
                  0002188c    0000003e     rts430x_lc_rd_eabi.lib : _printfi_min.obj (.text:_getarg_diouxp)
                  000218ca    0000003e                            : asr32.obj (.text:l_asr_const)
                  00021908    0000003e                            : lsl32.obj (.text:l_lsl_const)
                  00021946    0000003e                            : lsr32.obj (.text:l_lsr_const)
                  00021984    0000003c     exg.obj (.text:EXG_writeRegs)
                  000219c0    0000003c     main.obj (.text:RwcCheck)
                  000219fc    0000003c     main.obj (.text:SetDocked)
                  00021a38    0000003c     rts430x_lc_rd_eabi.lib : strstr.obj (.text:strstr)
                  00021a74    0000003a     ads1292.obj (.text:ADS1292_chip1CsEnable)
                  00021aae    0000003a     ads1292.obj (.text:ADS1292_chip2CsEnable)
                  00021ae8    0000003a     bmpX80.obj (.text:BMPX80_init)
                  00021b22    0000003a     lsm303dlhc.obj (.text:LSM303DLHC_init)
                  00021b5c    0000003a     rts430x_lc_rd_eabi.lib : lsl64.obj (.text:__mspabi_sllll)
                  00021b96    0000003a                            : lsr64.obj (.text:__mspabi_srlll)
                  00021bd0    00000038     ads1292.obj (.text:ADS1292_resetPulse)
                  00021c08    00000038     lsm303dlhc.obj (.text:LSM303DLHC_sleep)
                  00021c40    00000038     hal_RTC.obj (.text:RTC_get32)
                  00021c78    00000038     hal_UartA0.obj (.text:UART_config)
                  00021cb0    00000038     rts430x_lc_rd_eabi.lib : signal.obj (.text:signal)
                  00021ce8    00000038     mmc.obj (.text:wait_ready)
                  00021d20    00000036     rts430x_lc_rd_eabi.lib : xferaise.obj (.text:_Feraise)
                  00021d56    00000036                            : fs_itof.obj (.text)
                  00021d8c    00000034     ads1292.obj (.text:ADS1292_offsetCal)
                  00021dc0    00000034     main.obj (.text:CheckSdInslot)
                  00021df4    00000034     rts430x_lc_rd_eabi.lib : feraiseexcept.obj (.text:feraiseexcept)
                  00021e28    00000034     ccsbcs.obj (.text:ff_wtoupper)
                  00021e5c    00000032     main.obj (.text:FreqProd)
                  00021e8e    00000032     main.obj (.text:SetName)
                  00021ec0    00000032     rts430x_lc_rd_eabi.lib : subd.obj (.text:__mspabi_subd)
                  00021ef2    00000032     ff.obj (.text:f_mount)
                  00021f24    00000032     rts430x_lc_rd_eabi.lib : raise.obj (.text:raise)
                  00021f56    00000030     main.obj (.text:FreqDiv)
                  00021f86    00000030     main.obj (.text:PrepareSDBuffHead)
                  00021fb6    0000002e     ads1292.obj (.text:ADS1292_readDataChip1)
                  00021fe4    0000002e     ads1292.obj (.text:ADS1292_readDataChip2)
                  00022012    0000002e     bmpX80.obj (.text:BMPX80_getPress)
                  00022040    0000002e     bmpX80.obj (.text:BMPX80_startTempMeasurement)
                  0002206e    0000002e     main.obj (.text:BattBlinkOn)
                  0002209c    0000002e     rts430x_lc_rd_eabi.lib : negd.obj (.text:__mspabi_negd)
                  000220ca    0000002e                            : strncmp.obj (.text:strncmp)
                  000220f8    0000002c     bmpX80.obj (.text:BMPX80_getTemp)
                  00022124    0000002c     hal_Board.obj (.text:Board_ledOff)
                  00022150    0000002c     hal_Board.obj (.text:Board_ledOn)
                  0002217c    0000002c     hal_UartA0.obj (.text:UART_deactivate)
                  000221a8    0000002c     rts430x_lc_rd_eabi.lib : div16s.obj (.text)
                  000221d4    0000002c     ff.obj (.text:validate)
                  00022200    0000002a     bmpX80.obj (.text:BMPX80_setup)
                  0002222a    0000002a     hal_UCS.obj (.text:LFXT_Start)
                  00022254    0000002a     hal_SDCard.obj (.text:SDCard_readFrame)
                  0002227e    0000002a     shimmer_calibration.obj (.text:ShimmerCalib_findLength)
                  000222a8    0000002a     hal_UartA0.obj (.text:UART_write)
                  000222d2    0000002a     hal_UCA0.obj (.text:UCA0_isrInit)
                  000222fc    0000002a     RN42.obj (.text:sendNextChar)
                  00022326    0000002a     hal_UartA0.obj (.text:uartSendNextChar)
                  00022350    00000028     ads1292.obj (.text:ADS1292_enableDrdyInterrupts)
                  00022378    00000028     RN42.obj (.text:BT_setGoodCommand)
                  000223a0    00000028     exg.obj (.text:EXG_init)
                  000223c8    00000028     exg.obj (.text:EXG_offsetCal)
                  000223f0    00000028     main.obj (.text:GetSdCfgFlag)
                  00022418    00000028     main.obj (.text:ShimmerCalibInitFromInfoAll)
                  00022440    00000028     main.obj (.text:ShimmerCalibUpdateFromInfoAll)
                  00022468    00000026     RN42.obj (.text:BT_rst_MessageProgress)
                  0002248e    00000026     RN42.obj (.text:BT_rtsInterrupt)
                  000224b4    00000026     gsr.obj (.text:GSR_init)
                  000224da    00000026     gsr.obj (.text:GSR_initSmoothing)
                  00022500    00000026     hal_TB0.obj (.text:GetTB0)
                  00022526    00000026     mpu9150.obj (.text:MPU9150_setSamplingRate)
                  0002254c    00000026     hal_RTC.obj (.text:RTC_get64)
                  00022572    00000026     shimmer_calibration.obj (.text:ShimmerCalib_initVer)
                  00022598    00000026     rts430x_lc_rd_eabi.lib : memcmp.obj (.text:memcmp)
                  000225be    00000026     RN42.obj (.text:writeCommandNoRsp)
                  000225e4    00000024     hal_InfoMem.obj (.text:InfoMem_read)
                  00022608    00000024     rts430x_lc_rd_eabi.lib : copy_zero_init.obj (.text:decompress:ZI:__TI_zero_init)
                  0002262c    00000024                            : fs_utof.obj (.text)
                  00022650    00000022     cat24c16.obj (.text:CAT24C16_init)
                  00022672    00000022     hal_DMA.obj (.text:DMA0_init)
                  00022694    00000022     main.obj (.text:IniReadInfoMem)
                  000226b6    00000022     main.obj (.text:Write2SD)
                  000226d8    00000022     RN42.obj (.text:initRN2)
                  000226fa    00000022     rts430x_lc_rd_eabi.lib : mult32_f5hw.obj (.text)
                  0002271c    00000020     lsm303dlhc.obj (.text:LSM303DLHC_getAccel)
                  0002273c    00000020     mpu9150.obj (.text:MPU9150_getAccel)
                  0002275c    00000020     mpu9150.obj (.text:MPU9150_getGyro)
                  0002277c    00000020     mpu9150.obj (.text:MPU9150_startMagMeasurement)
                  0002279c    00000020     hal_SDCard.obj (.text:SDCard_sendFrame)
                  000227bc    00000020     main.obj (.text:ShimmerCalibSyncFromDumpRamAll)
                  000227dc    00000020     rts430x_lc_rd_eabi.lib : sprintf.obj (.text:_outs)
                  000227fc    00000020     mmc.obj (.text:disk_status)
                  0002281c    0000001e     hal_ADC.obj (.text:ADC_disable)
                  0002283a    0000001e     hal_DMA.obj (.text:DMA2_init)
                  00022858    0000001e     mpu9150.obj (.text:MPU9150_getId)
                  00022876    0000001e     hal_RTC.obj (.text:RTC_init)
                  00022894    0000001e     hal_UCS.obj (.text:XT2_Start)
                  000228b2    0000001e     rts430x_lc_rd_eabi.lib : memccpy.obj (.text:memccpy)
                  000228d0    0000001e                            : strcat.obj (.text:strcat)
                  000228ee    0000001c     main.obj (.text:BlinkTimerStart)
                  0002290a    0000001c     mpu9150.obj (.text:MPU9150_getMagId)
                  00022926    0000001c     main.obj (.text:SampleTimerStop)
                  00022942    0000001c     rts430x_lc_rd_eabi.lib : strchr.obj (.text:strchr)
                  0002295e    0000001a     cat24c16.obj (.text:CAT24C16_powerOff)
                  00022978    0000001a     cat24c16.obj (.text:CAT24C16_powerOn)
                  00022992    0000001a     main.obj (.text:ChargeStatusTimerStart)
                  000229ac    0000001a     rts430x_lc_rd_eabi.lib : _printfi_min.obj (.text:_div)
                  000229c6    0000001a     ff.obj (.text:sum_sfn)
                  000229e0    00000018     main.obj (.text:BtStart)
                  000229f8    00000018     mmc.obj (.text:select)
                  00022a10    00000016     ff.obj (.text:chk_chr)
                  00022a26    00000016     ff.obj (.text:f_close)
                  00022a3c    00000016     rts430x_lc_rd_eabi.lib : memset.obj (.text:memset)
                  00022a52    00000016                            : div16u.obj (.text)
                  00022a68    00000016                            : mult16_f5hw.obj (.text)
                  00022a7e    00000016     hal_UartA0.obj (.text:uartUca0RxIsr)
                  00022a94    00000014     ads1292.obj (.text:ADS1292_disableDrdyInterrupts)
                  00022aa8    00000014     hal_Button.obj (.text:Button_init)
                  00022abc    00000014     hal_Button.obj (.text:Button_interruptEnable)
                  00022ad0    00000014     rts430x_lc_rd_eabi.lib : sprintf.obj (.text:_outc)
                  00022ae4    00000014     ff.obj (.text:mem_cmp)
                  00022af8    00000014     rts430x_lc_rd_eabi.lib : memcpy.obj (.text:memcpy)
                  00022b0c    00000012     main.obj (.text:ReadSdConfiguration)
                  00022b1e    00000012     hal_SDCard.obj (.text:SDCard_fastMode)
                  00022b30    00000012     main.obj (.text:TB0Stop)
                  00022b42    00000012     rts430x_lc_rd_eabi.lib : fixdu.obj (.text:__mspabi_fixdu)
                  00022b54    00000012                            : copy_decompress_none.obj (.text:decompress:none:__TI_decompress_none)
                  00022b66    00000012     mmc.obj (.text:deselect)
                  00022b78    00000012     ff.obj (.text:mem_cpy)
                  00022b8a    00000012     ff.obj (.text:mem_set)
                  00022b9c    00000012     rts430x_lc_rd_eabi.lib : strcpy.obj (.text:strcpy)
                  00022bae    00000010                            : asr32.obj (.text:l_asr)
                  00022bbe    00000010                            : lsl32.obj (.text:l_lsl)
                  00022bce    00000010                            : lsr32.obj (.text:l_lsr)
                  00022bde    0000000e     hal_DMA.obj (.text:DMA0_repeatTransfer)
                  00022bec    0000000e     main.obj (.text:Infomem2Names)
                  00022bfa    0000000e     main.obj (.text:SetRamCalibFlag)
                  00022c08    0000000e     rts430x_lc_rd_eabi.lib : isprint.obj (.text:isprint)
                  00022c16    0000000e     mmc.obj (.text:run_mmc_detectsd)
                  00022c24    0000000e     rts430x_lc_rd_eabi.lib : strlen.obj (.text:strlen)
                  00022c32    0000000c     hal_DMA.obj (.text:DMA0_enable)
                  00022c3e    0000000c     hal_DMA.obj (.text:DMA2_disable)
                  00022c4a    0000000c     hal_DMA.obj (.text:DMA2_enable)
                  00022c56    0000000c     main.obj (.text:Dma0BatteryRead)
                  00022c62    0000000a     RN42.obj (.text:BT_setRadioMode)
                  00022c6c    0000000a     main.obj (.text:BtStartDone)
                  00022c76    0000000a     main.obj (.text:SetStartSensing)
                  00022c80    0000000a     shimmer_calibration.obj (.text:ShimmerCalib_ramTempInit)
                  00022c8a    0000000a     system_pre_init.obj (.text:_system_pre_init)
                  00022c94    0000000a     rts430x_lc_rd_eabi.lib : abs.obj (.text:abs)
                  00022c9e    0000000a     mmc.obj (.text:get_fattime)
                  00022ca8    0000000a     rts430x_lc_rd_eabi.lib : lsl16.obj (.text)
                  00022cb2    0000000a                            : lsr16.obj (.text)
                  00022cbc    00000008     hal_ADC.obj (.text:ADC_startConversion)
                  00022cc4    00000008     hal_Button.obj (.text:Button_waitpress)
                  00022ccc    00000008     hal_DMA.obj (.text:DMA0_disable)
                  00022cd4    00000008     hal_I2C.obj (.text:I2C_Set_Slave_Address)
                  00022cdc    00000008     RN42.obj (.text:initRN1)
                  00022ce4    00000008     hal_UartA0.obj (.text:uartUca0TxIsr)
                  00022cec    00000006     ads1292.obj (.text:ADS1292_powerOff)
                  00022cf2    00000006     RN42.obj (.text:BT_connectionInterrupt)
                  00022cf8    00000006     RN42.obj (.text:BT_disableRemoteConfig)
                  00022cfe    00000006     RN42.obj (.text:BT_getExpResp)
                  00022d04    00000006     RN42.obj (.text:BT_getGetMacAddress)
                  00022d0a    00000006     RN42.obj (.text:BT_setGetMacAddress)
                  00022d10    00000006     RN42.obj (.text:BT_startDone_cb)
                  00022d16    00000006     hal_DMA.obj (.text:DMA0_transferDoneFunction)
                  00022d1c    00000006     hal_DMA.obj (.text:DMA2_transferDoneFunction)
                  00022d22    00000006     main.obj (.text:GetRamCalibFlag)
                  00022d28    00000006     hal_I2C.obj (.text:I2C_Disable)
                  00022d2e    00000006     hal_I2C.obj (.text:I2C_Enable)
                  00022d34    00000006     hal_I2C.obj (.text:I2C_Interrupt_Disable)
                  00022d3a    00000006     hal_I2C.obj (.text:I2C_Interrupt_Enable)
                  00022d40    00000006     hal_SDCard.obj (.text:SDCard_setCSHigh)
                  00022d46    00000006     hal_SDCard.obj (.text:SDCard_setCSLow)
                  00022d4c    00000006     main.obj (.text:SdPowerOff)
                  00022d52    00000006     main.obj (.text:SdPowerOn)
                  00022d58    00000006     hal_TB0.obj (.text:StopTB0)
                  00022d5e    00000006     hal_UartA0.obj (.text:UART_init)
                  00022d64    00000006     hal_UCA0.obj (.text:UCA0_isrActivate)
                  00022d6a    00000006     rts430x_lc_rd_eabi.lib : fltud.obj (.text:__mspabi_fltud)
                  00022d70    00000006                            : atof.obj (.text:atof)
                  00022d76    00000006                            : copy_decompress_rle.obj (.text:decompress:rle24:__TI_decompress_rle24)
                  00022d7c    00000006     RN42.obj (.text:initRN3)
                  00022d82    00000006     mmc.obj (.text:rcvr_mmc)
                  00022d88    00000006     hal_UartA0.obj (.text:uartRxEnable)
                  00022d8e    00000006     hal_UartA0.obj (.text:uartTxEnable)
                  00022d94    00000006     mmc.obj (.text:xmit_mmc)
                  00022d9a    00000004     rts430x_lc_rd_eabi.lib : exit.obj (.text:abort)
                  00022d9e    00000004     ads1292.obj (.text:ads1292Uca0TxIsr)
                  00022da2    00000002     rts430x_lc_rd_eabi.lib : _lock.obj (.text:_nop)


LINKER GENERATED COPY TABLES

__TI_cinit_table @ 00007d68 records: 2, size/record: 8, table size: 16
	.data: load addr=00007d10, load size=00000046 bytes, run addr=00003942, run size=0000015c bytes, compression=rle
	.bss: load addr=00007d62, load size=00000006 bytes, run addr=00001c00, run size=00001d42 bytes, compression=zero_init


LINKER GENERATED HANDLER TABLE

__TI_handler_table @ 00007d56 records: 3, size/record: 4, table size: 12
	index: 0, handler: __TI_zero_init
	index: 1, handler: __TI_decompress_rle24
	index: 2, handler: __TI_decompress_none


GLOBAL SYMBOLS: SORTED ALPHABETICALLY BY Name 

address   name                                   
-------   ----                                   
00000700  ADC12CTL0                              
00000701  ADC12CTL0_H                            
00000700  ADC12CTL0_L                            
00000702  ADC12CTL1                              
00000703  ADC12CTL1_H                            
00000702  ADC12CTL1_L                            
00000704  ADC12CTL2                              
00000705  ADC12CTL2_H                            
00000704  ADC12CTL2_L                            
0000070c  ADC12IE                                
0000070d  ADC12IE_H                              
0000070c  ADC12IE_L                              
0000070a  ADC12IFG                               
0000070b  ADC12IFG_H                             
0000070a  ADC12IFG_L                             
0000070e  ADC12IV                                
0000070f  ADC12IV_H                              
0000070e  ADC12IV_L                              
00000710  ADC12MCTL0                             
00000711  ADC12MCTL1                             
0000071a  ADC12MCTL10                            
0000071b  ADC12MCTL11                            
0000071c  ADC12MCTL12                            
0000071d  ADC12MCTL13                            
0000071e  ADC12MCTL14                            
0000071f  ADC12MCTL15                            
00000712  ADC12MCTL2                             
00000713  ADC12MCTL3                             
00000714  ADC12MCTL4                             
00000715  ADC12MCTL5                             
00000716  ADC12MCTL6                             
00000717  ADC12MCTL7                             
00000718  ADC12MCTL8                             
00000719  ADC12MCTL9                             
00000720  ADC12MEM0                              
00000721  ADC12MEM0_H                            
00000720  ADC12MEM0_L                            
00000722  ADC12MEM1                              
00000734  ADC12MEM10                             
00000735  ADC12MEM10_H                           
00000734  ADC12MEM10_L                           
00000736  ADC12MEM11                             
00000737  ADC12MEM11_H                           
00000736  ADC12MEM11_L                           
00000738  ADC12MEM12                             
00000739  ADC12MEM12_H                           
00000738  ADC12MEM12_L                           
0000073a  ADC12MEM13                             
0000073b  ADC12MEM13_H                           
0000073a  ADC12MEM13_L                           
0000073c  ADC12MEM14                             
0000073d  ADC12MEM14_H                           
0000073c  ADC12MEM14_L                           
0000073e  ADC12MEM15                             
0000073f  ADC12MEM15_H                           
0000073e  ADC12MEM15_L                           
00000723  ADC12MEM1_H                            
00000722  ADC12MEM1_L                            
00000724  ADC12MEM2                              
00000725  ADC12MEM2_H                            
00000724  ADC12MEM2_L                            
00000726  ADC12MEM3                              
00000727  ADC12MEM3_H                            
00000726  ADC12MEM3_L                            
00000728  ADC12MEM4                              
00000729  ADC12MEM4_H                            
00000728  ADC12MEM4_L                            
0000072a  ADC12MEM5                              
0000072b  ADC12MEM5_H                            
0000072a  ADC12MEM5_L                            
0000072c  ADC12MEM6                              
0000072d  ADC12MEM6_H                            
0000072c  ADC12MEM6_L                            
0000072e  ADC12MEM7                              
0000072f  ADC12MEM7_H                            
0000072e  ADC12MEM7_L                            
00000730  ADC12MEM8                              
00000731  ADC12MEM8_H                            
00000730  ADC12MEM8_L                            
00000732  ADC12MEM9                              
00000733  ADC12MEM9_H                            
00000732  ADC12MEM9_L                            
00006682  ADC12_ISR                              
0002281c  ADC_disable                            
0001e030  ADC_init                               
00022cbc  ADC_startConversion                    
00021a74  ADS1292_chip1CsEnable                  
00021aae  ADS1292_chip2CsEnable                  
00021412  ADS1292_dataReadyChip1                 
0002132e  ADS1292_dataReadyChip2                 
00022a94  ADS1292_disableDrdyInterrupts          
00022350  ADS1292_enableDrdyInterrupts           
0001fe10  ADS1292_init                           
00021d8c  ADS1292_offsetCal                      
00022cec  ADS1292_powerOff                       
00021fb6  ADS1292_readDataChip1                  
00021fe4  ADS1292_readDataChip2                  
000216d2  ADS1292_readDataContinuousMode         
00020298  ADS1292_regWrite                       
00021bd0  ADS1292_resetPulse                     
000217d2  ADS1292_start                          
00021810  BMPX80_getCalibCoeff                   
00022012  BMPX80_getPress                        
000220f8  BMPX80_getTemp                         
00021ae8  BMPX80_init                            
00020132  BMPX80_setWorkMode                     
00022200  BMPX80_setup                           
0002137a  BMPX80_startPressMeasurement           
00022040  BMPX80_startTempMeasurement            
00020808  BT_append                              
00022cf2  BT_connectionInterrupt                 
00022cf8  BT_disableRemoteConfig                 
00022cfe  BT_getExpResp                          
00022d04  BT_getGetMacAddress                    
0001f1ea  BT_init                                
00022468  BT_rst_MessageProgress                 
0002248e  BT_rtsInterrupt                        
00022d0a  BT_setGetMacAddress                    
00022378  BT_setGoodCommand                      
00022c62  BT_setRadioMode                        
0001bd66  BT_setTempBaudRate                     
00020a54  BT_startAll                            
00022d10  BT_startDone_cb                        
00021712  BT_write                               
0002206e  BattBlinkOn                            
000228ee  BlinkTimerStart                        
0001b872  Board_init                             
00022124  Board_ledOff                           
00022150  Board_ledOn                            
000229e0  BtStart                                
00022c6c  BtStartDone                            
0001f680  BtsdSelfcmd                            
00022aa8  Button_init                            
00022abc  Button_interruptEnable                 
00022cc4  Button_waitpress                       
00022d9a  C$$EXIT                                
00022650  CAT24C16_init                          
0002295e  CAT24C16_powerOff                      
00022978  CAT24C16_powerOn                       
00021292  CAT24C16_read                          
0001ec42  CAT24C16_write                         
00000150  CRCDI                                  
00000152  CRCDIRB                                
00000153  CRCDIRB_H                              
00000152  CRCDIRB_L                              
00000151  CRCDI_H                                
00000150  CRCDI_L                                
00000154  CRCINIRES                              
00000155  CRCINIRES_H                            
00000154  CRCINIRES_L                            
00000156  CRCRESR                                
00000157  CRCRESR_H                              
00000156  CRCRESR_L                              
00020fa4  CRC_data                               
0001436e  CalibNewFile                           
00020ff8  ChangeBtBaudRateFunc                   
00022992  ChargeStatusTimerStart                 
00020ab2  CheckOnDefault                         
00021dc0  CheckSdInslot                          
0001c67e  ClkAssignment                          
0001af82  Config2SdHead                          
000168e2  ConfigureChannels                      
00000510  DMA0CTL                                
00000511  DMA0CTL_H                              
00000510  DMA0CTL_L                              
00000516  DMA0DA                                 
00000518  DMA0DAH                                
00000516  DMA0DAL                                
00000512  DMA0SA                                 
00000514  DMA0SAH                                
00000512  DMA0SAL                                
0000051a  DMA0SZ                                 
00022ccc  DMA0_disable                           
00022c32  DMA0_enable                            
00022672  DMA0_init                              
00022bde  DMA0_repeatTransfer                    
00022d16  DMA0_transferDoneFunction              
00000520  DMA1CTL                                
00000521  DMA1CTL_H                              
00000520  DMA1CTL_L                              
00000526  DMA1DA                                 
00000528  DMA1DAH                                
00000526  DMA1DAL                                
00000522  DMA1SA                                 
00000524  DMA1SAH                                
00000522  DMA1SAL                                
0000052a  DMA1SZ                                 
00000530  DMA2CTL                                
00000531  DMA2CTL_H                              
00000530  DMA2CTL_L                              
00000536  DMA2DA                                 
00000538  DMA2DAH                                
00000536  DMA2DAL                                
00000532  DMA2SA                                 
00000534  DMA2SAH                                
00000532  DMA2SAL                                
0000053a  DMA2SZ                                 
00022c3e  DMA2_disable                           
00022c4a  DMA2_enable                            
0002283a  DMA2_init                              
00022d1c  DMA2_transferDoneFunction              
00000500  DMACTL0                                
00000501  DMACTL0_H                              
00000500  DMACTL0_L                              
00000502  DMACTL1                                
00000503  DMACTL1_H                              
00000502  DMACTL1_L                              
00000504  DMACTL2                                
00000505  DMACTL2_H                              
00000504  DMACTL2_L                              
00000506  DMACTL3                                
00000507  DMACTL3_H                              
00000506  DMACTL3_L                              
00000508  DMACTL4                                
00000509  DMACTL4_H                              
00000508  DMACTL4_L                              
0000050e  DMAIV                                  
0000050f  DMAIV_H                                
0000050e  DMAIV_L                                
000066da  DMA_ISR                                
00022c56  Dma0BatteryRead                        
0001de52  Dma0ConversionDone                     
00015832  Dma2ConversionDone                     
[...]
00010000  UpdateSdConfig                         
0001133e  ProcessCommand                         
000125b2  ParseConfig                            
0001351c  SendResponse                           
0001436e  CalibNewFile                           
00014bce  Init                                   
00015230  StreamData                             
00015832  Dma2ConversionDone                     
00015dfe  UartSendRsp                            
000163a0  StartStreaming                         
000168e2  ConfigureChannels                      
0001730e  __TI_frcdivd                           
00017760  runSetCommands                         
00017b2e  __mspabi_divull                        
00017ec8  UartProcessCmd                         
0001820a  fmod                                   
00018524  __TI_frcmpyd                           
00018808  strtod                                 
00018808  strtold                                
00018aec  f_write                                
00018dc8  __mspabi_addd                          
000190a0  ShimmerCalib_default                   
00019372  InfoMem_write                          
0001962c  f_lseek                                
00019b62  __mspabi_mpyd                          
00019de4  __TI_frcaddd                           
0001a036  SampleTimerStart                       
0001a286  setupUART                              
0001a4ce  f_read                                 
0001a70a  f_open                                 
0001a936  f_mkdir                                
0001ab5e  __mspabi_divd                          
0001ad80  main                                   
0001af82  Config2SdHead                          
0001b180  strtoul                                
0001b34c  floor                                  
0001b510  ceil                                   
0001b6c2  SetBasedir                             
0001b872  Board_init                             
0001bbc8  _Dscale                                
0001bd66  BT_setTempBaudRate                     
0001bef4  put_fat                                
0001c080  WriteFile                              
0001c208  ShimmerCalib_file2Ram                  
0001c67e  ClkAssignment                          
0001c7f4  ShimmerCalibFromInfo                   
0001c966  EXG_readData                           
0001cad2  FindError                              
0001cc34  ShimmerCalib_ram2File                  
0001cd8a  disk_initialize                        
0001ced4  StopSensing                            
0001d016  get_fat                                
0001d158  ShimmerCalibSyncFromDumpRamSingleSensor
0001d3be  __mspabi_subf                          
0001d3c4  __mspabi_addf                          
0001d4ee  SetDefaultConfiguration                
0001d738  UartCallback                           
0001d84a  runSetTempBaudRate                     
0001d95c  ItoaNo0                                
0001da62  _Dnorm                                 
0001dc62  ShimmerCalib_singleSensorWrite         
0001dd5e  disk_ioctl                             
0001de52  Dma0ConversionDone                     
0001e030  ADC_init                               
0001e114  f_sync                                 
0001e1ee  __mspabi_cmpd                          
0001e39e  runMasterCommands                      
0001e476  GsrRange                               
0001e548  __TI_printfi_minimal                   
0001e61a  _Dint                                  
0001e6e6  MakeBasedir                            
0001e7b0  SetVCoreUp                             
0001e87a  SetBattDma                             
0001ea04  round                                  
0001eb86  disk_write                             
0001ec42  CAT24C16_write                         
0001ecfc  gen_numname                            
0001edb4  SetBtBaudRate                          
0001ee6a  __mspabi_mpyf                          
0001f088  __TI_renormd                           
0001f13a  f_opendir                              
0001f1ea  BT_init                                
0001f298  i2cSlaveDiscover                       
0001f346  I2C_Read_Packet_From_Sensor            
0001f3f0  I2C_Write_Packet_To_Sensor             
0001f53e  ItoaWith0                              
0001f5e0  ShimmerCalib_singleSensorRead          
0001f680  BtsdSelfcmd                            
0001f71c  SetVCoreDown                           
0001f854  ads1292Uca0RxIsr                       
0001f8ec  atoll                                  
0001f982  disk_read                              
0001fa18  DockSdPowerCycle                       
0001fb40  GSR_controlRange                       
0001fcf4  ReadBatt                               
0001fd82  __mspabi_divf                          
0001fe10  ADS1292_init                           
0001fe9c  __mspabi_cvtdf                         
0001ff28  SetCfgTime                             
0001ffac  Skip65ms                               
00020030  EXG_start                              
000200b2  MPU9150_getMagSensitivityAdj           
00020132  BMPX80_setWorkMode                     
000201aa  ShimmerCalib_ramWrite                  
00020222  __mspabi_fltuld                        
00020298  ADS1292_regWrite                       
0002030c  atol                                   
00020380  LSM303DLHC_accelInit                   
000203ee  MPU9150_init                           
0002045c  SetShimmerName                         
000204c8  _auto_init_hold_wdt                    
00020534  f_readdir                              
00020608  __mspabi_fixdul                        
00020670  SetCalibFlag                           
000206d6  SetSdCfgFlag                           
0002073c  UCA0_isrRegister                       
000207a2  i2cSlavePresent                        
00020808  BT_append                              
0002086c  __mspabi_cvtfd                         
000208d0  StartLogging                           
00020932  atoi                                   
00020994  LSM303DLHC_magInit                     
000209f4  ShimmerCalib_init                      
00020a54  BT_startAll                            
00020ab2  CheckOnDefault                         
00020b10  GSR_smoothTransition                   
00020b6e  SetExpIdName                           
00020bcc  LSM303DLHC_getMag                      
00020c28  ShimmerCalib_ramRead                   
00020c84  writeCommand                           
00020ce0  I2C_Master_Init                        
00020d3a  SetUndocked                            
00020d94  __mspabi_mpyll_f5hw                    
00020e48  __mspabi_divul                         
00020e48  __mspabi_remul                         
00020ef8  MPU9150_getMag                         
00020f4e  f_gets                                 
00020fa4  CRC_data                               
00020ff8  ChangeBtBaudRateFunc                   
0002104c  SDCard_init                            
000210a0  SdInfoSync                             
000210f4  __mspabi_remull                        
0002119c  MPU9150_setAccelRange                  
000211ee  MPU9150_setGyroSensitivity             
00021240  clust2sect                             
00021292  CAT24C16_read                          
000212e0  UartCheckCrc                           
0002132e  ADS1292_dataReadyChip2                 
0002132e  EXG_dataReadyChip2                     
0002137a  BMPX80_startPressMeasurement           
00021412  ADS1292_dataReadyChip1                 
00021412  EXG_dataReadyChip1                     
0002145c  TI_USCI_I2C_slave_present              
000214a6  __mspabi_cmpf                          
00021538  ff_convert                             
00021580  MPU9150_wake                           
000215c6  EXG_stop                               
0002160a  sprintf                                
0002164e  GSR_setRange                           
00021690  Timestamp0ToFirstFile                  
000216d2  ADS1292_readDataContinuousMode         
00021712  BT_write                               
00021752  SetVCore                               
00021792  UART_activate                          
000217d2  ADS1292_start                          
00021810  BMPX80_getCalibCoeff                   
0002184e  TB0Start                               
000218ca  __mspabi_sral_15                       
000218ce  __mspabi_sral_14                       
000218d2  __mspabi_sral_13                       
000218d6  __mspabi_sral_12                       
000218da  __mspabi_sral_11                       
000218de  __mspabi_sral_10                       
000218e2  __mspabi_sral_9                        
000218e6  __mspabi_sral_8                        
000218ea  __mspabi_sral_7                        
000218ee  __mspabi_sral_6                        
000218f2  __mspabi_sral_5                        
000218f6  __mspabi_sral_4                        
000218fa  __mspabi_sral_3                        
000218fe  __mspabi_sral_2                        
00021902  __mspabi_sral_1                        
00021908  __mspabi_slll_15                       
0002190c  __mspabi_slll_14                       
00021910  __mspabi_slll_13                       
00021914  __mspabi_slll_12                       
00021918  __mspabi_slll_11                       
0002191c  __mspabi_slll_10                       
00021920  __mspabi_slll_9                        
00021924  __mspabi_slll_8                        
00021928  __mspabi_slll_7                        
0002192c  __mspabi_slll_6                        
00021930  __mspabi_slll_5                        
00021934  __mspabi_slll_4                        
00021938  __mspabi_slll_3                        
0002193c  __mspabi_slll_2                        
00021940  __mspabi_slll_1                        
00021946  __mspabi_srll_15                       
0002194a  __mspabi_srll_14                       
0002194e  __mspabi_srll_13                       
00021952  __mspabi_srll_12                       
00021956  __mspabi_srll_11                       
0002195a  __mspabi_srll_10                       
0002195e  __mspabi_srll_9                        
00021962  __mspabi_srll_8                        
00021966  __mspabi_srll_7                        
0002196a  __mspabi_srll_6                        
0002196e  __mspabi_srll_5                        
00021972  __mspabi_srll_4                        
00021976  __mspabi_srll_3                        
0002197a  __mspabi_srll_2                        
0002197e  __mspabi_srll_1                        
00021984  EXG_writeRegs                          
000219c0  RwcCheck                               
000219fc  SetDocked                              
00021a38  strstr                                 
00021a74  ADS1292_chip1CsEnable                  
00021aae  ADS1292_chip2CsEnable                  
00021ae8  BMPX80_init                            
00021b22  LSM303DLHC_init                        
00021b5c  __mspabi_sllll                         
00021b96  __mspabi_srlll                         
00021bd0  ADS1292_resetPulse                     
00021c08  LSM303DLHC_sleep                       
00021c40  RTC_get32                              
00021c78  UART_config                            
00021cb0  signal                                 
00021d20  _Feraise                               
00021d56  __mspabi_fltif                         
00021d8c  ADS1292_offsetCal                      
00021dc0  CheckSdInslot                          
00021df4  feraiseexcept                          
00021e28  ff_wtoupper                            
00021e5c  FreqProd                               
00021e8e  SetName                                
00021ec0  __mspabi_subd                          
00021ef2  f_mount                                
00021f24  raise                                  
00021f56  FreqDiv                                
00021f86  PrepareSDBuffHead                      
00021fb6  ADS1292_readDataChip1                  
00021fe4  ADS1292_readDataChip2                  
00022012  BMPX80_getPress                        
00022040  BMPX80_startTempMeasurement            
0002206e  BattBlinkOn                            
0002209c  __mspabi_negd                          
000220ca  strncmp                                
000220f8  BMPX80_getTemp                         
00022124  Board_ledOff                           
00022150  Board_ledOn                            
0002217c  UART_deactivate                        
000221a8  __mspabi_divi                          
000221a8  __mspabi_remi                          
00022200  BMPX80_setup                           
0002222a  LFXT_Start                             
00022254  SDCard_readFrame                       
0002227e  ShimmerCalib_findLength                
000222a8  UART_write                             
000222d2  UCA0_isrInit                           
000222fc  sendNextChar                           
00022326  uartSendNextChar                       
00022350  ADS1292_enableDrdyInterrupts           
00022378  BT_setGoodCommand                      
000223a0  EXG_init                               
000223c8  EXG_offsetCal                          
000223f0  GetSdCfgFlag                           
00022418  ShimmerCalibInitFromInfoAll            
00022440  ShimmerCalibUpdateFromInfoAll          
00022468  BT_rst_MessageProgress                 
0002248e  BT_rtsInterrupt                        
000224b4  GSR_init                               
000224da  GSR_initSmoothing                      
00022500  GetTB0                                 
00022526  MPU9150_setSamplingRate                
0002254c  RTC_get64                              
00022572  ShimmerCalib_initVer                   
00022598  memcmp                                 
000225be  writeCommandNoRsp                      
000225e4  InfoMem_read                           
00022608  __TI_zero_init                         
0002262c  __mspabi_fltuf                         
00022650  CAT24C16_init                          
00022672  DMA0_init                              
00022694  IniReadInfoMem                         
000226b6  Write2SD                               
000226d8  initRN2                                
000226fa  __mspabi_mpyl_f5hw                     
0002271c  LSM303DLHC_getAccel                    
0002273c  MPU9150_getAccel                       
0002275c  MPU9150_getGyro                        
0002277c  MPU9150_startMagMeasurement            
0002279c  SDCard_sendFrame                       
000227bc  ShimmerCalibSyncFromDumpRamAll         
000227fc  disk_status                            
0002281c  ADC_disable                            
0002283a  DMA2_init                              
00022858  MPU9150_getId                          
00022876  RTC_init                               
00022894  XT2_Start                              
000228b2  memccpy                                
000228d0  strcat                                 
000228ee  BlinkTimerStart                        
0002290a  MPU9150_getMagId                       
00022926  SampleTimerStop                        
00022942  strchr                                 
0002295e  CAT24C16_powerOff                      
00022978  CAT24C16_powerOn                       
00022992  ChargeStatusTimerStart                 
000229e0  BtStart                                
00022a26  f_close                                
00022a3c  memset                                 
00022a52  __mspabi_divu                          
00022a52  __mspabi_remu                          
00022a68  __mspabi_mpyi_f5hw                     
00022a7e  uartUca0RxIsr                          
00022a94  ADS1292_disableDrdyInterrupts          
00022aa8  Button_init                            
00022abc  Button_interruptEnable                 
00022af8  memcpy                                 
00022b0c  ReadSdConfiguration                    
00022b1e  SDCard_fastMode                        
00022b30  TB0Stop                                
00022b42  __mspabi_fixdu                         
00022b54  __TI_decompress_none                   
00022b9c  strcpy                                 
00022bae  __mspabi_sral                          
00022bbe  __mspabi_slll                          
00022bce  __mspabi_srll                          
00022bde  DMA0_repeatTransfer                    
00022bec  Infomem2Names                          
00022bfa  SetRamCalibFlag                        
00022c08  isprint                                
00022c16  run_mmc_detectsd                       
00022c16  set_sd_detect                          
00022c24  strlen                                 
00022c32  DMA0_enable                            
00022c3e  DMA2_disable                           
00022c4a  DMA2_enable                            
00022c56  Dma0BatteryRead                        
00022c62  BT_setRadioMode                        
00022c6c  BtStartDone                            
00022c76  SetStartSensing                        
00022c80  ShimmerCalib_ramTempInit               
00022c8a  _system_pre_init                       
00022c94  abs                                    
00022c9e  get_fattime                            
00022ca8  __mspabi_slli                          
00022cb2  __mspabi_srli                          
00022cbc  ADC_startConversion                    
00022cc4  Button_waitpress                       
00022ccc  DMA0_disable                           
00022cd4  I2C_Set_Slave_Address                  
00022cdc  initRN1                                
00022ce4  uartUca0TxIsr                          
00022cec  ADS1292_powerOff                       
00022cec  EXG_powerOff                           
00022cf2  BT_connectionInterrupt                 
00022cf8  BT_disableRemoteConfig                 
00022cfe  BT_getExpResp                          
00022d04  BT_getGetMacAddress                    
00022d0a  BT_setGetMacAddress                    
00022d10  BT_startDone_cb                        
00022d16  DMA0_transferDoneFunction              
00022d1c  DMA2_transferDoneFunction              
00022d22  GetRamCalibFlag                        
00022d28  I2C_Disable                            
00022d2e  I2C_Enable                             
00022d34  I2C_Interrupt_Disable                  
00022d3a  I2C_Interrupt_Enable                   
00022d40  SDCard_setCSHigh                       
00022d46  SDCard_setCSLow                        
00022d4c  SdPowerOff                             
00022d52  SdPowerOn                              
00022d58  StopTB0                                
00022d5e  UART_init                              
00022d64  UCA0_isrActivate                       
00022d6a  __mspabi_fltud                         
00022d70  atof                                   
00022d76  __TI_decompress_rle24                  
00022d7c  initRN3                                
00022d88  uartRxEnable                           
00022d8e  uartTxEnable                           
00022d9a  C$$EXIT                                
00022d9a  abort                                  
00022d9e  ads1292Uca0TxIsr                       
00022da2  _nop                                   
ffffffff  __binit__                              
ffffffff  __c_args__                             
ffffffff  binit                                  
UNDEFED   __TI_INITARRAY_Base                    
UNDEFED   __TI_INITARRAY_Limit                   

[1404 symbols]
