<?xml version="1.0"?>
<link_info>
   <banner>MSP430 Linker PC v4.4.8</banner>
   <copyright>Copyright (c) 2003-2015 Texas Instruments Incorporated</copyright>
   <link_time>0x5995b350</link_time>
   <link_errors>0x0</link_errors>
   <output_file>SDLog.out</output_file>
   <entry_point>
      <name>_c_int00_noargs_noexit</name>
      <address>0x693c</address>
   </entry_point>
   <input_file_list>
      <input_file id="fl-2">
         <path>.\</path>
         <kind>object</kind>
         <file>main.obj</file>
         <name>main.obj</name>
      </input_file>
      <input_file id="fl-3">
         <path>.\5xx_HAL\</path>
         <kind>object</kind>
         <file>hal_ADC.obj</file>
         <name>hal_ADC.obj</name>
      </input_file>
      <input_file id="fl-4">
         <path>.\5xx_HAL\</path>
         <kind>object</kind>
         <file>hal_Board.obj</file>
         <name>hal_Board.obj</name>
      </input_file>
      <input_file id="fl-5">
         <path>.\5xx_HAL\</path>
         <kind>object</kind>
         <file>hal_Button.obj</file>
         <name>hal_Button.obj</name>
      </input_file>
      <input_file id="fl-6">
         <path>.\5xx_HAL\</path>
         <kind>object</kind>
         <file>hal_CRC.obj</file>
         <name>hal_CRC.obj</name>
      </input_file>
      <input_file id="fl-7">
         <path>.\5xx_HAL\</path>
         <kind>object</kind>
         <file>hal_DMA.obj</file>
         <name>hal_DMA.obj</name>
      </input_file>
      <input_file id="fl-8">
         <path>.\5xx_HAL\</path>
         <kind>object</kind>
         <file>hal_I2C.obj</file>
         <name>hal_I2C.obj</name>
      </input_file>
      <input_file id="fl-9">
         <path>.\5xx_HAL\</path>
         <kind>object</kind>
         <file>hal_InfoMem.obj</file>
         <name>hal_InfoMem.obj</name>
      </input_file>
      <input_file id="fl-a">
         <path>.\5xx_HAL\</path>
         <kind>object</kind>
         <file>hal_RTC.obj</file>
         <name>hal_RTC.obj</name>
      </input_file>
      <input_file id="fl-b">
         <path>.\5xx_HAL\</path>
         <kind>object</kind>
         <file>hal_SDCard.obj</file>
         <name>hal_SDCard.obj</name>
      </input_file>
      <input_file id="fl-c">
         <path>.\5xx_HAL\</path>
         <kind>object</kind>
         <file>hal_TB0.obj</file>
         <name>hal_TB0.obj</name>
      </input_file>
      <input_file id="fl-d">
         <path>.\5xx_HAL\</path>
         <kind>object</kind>
         <file>hal_UCA0.obj</file>
         <name>hal_UCA0.obj</name>
      </input_file>
      <input_file id="fl-e">
         <path>.\5xx_HAL\</path>
         <kind>object</kind>
         <file>hal_UCS.obj</file>
         <name>hal_UCS.obj</name>
      </input_file>
      <input_file id="fl-f">
         <path>.\5xx_HAL\</path>
         <kind>object</kind>
         <file>hal_UartA0.obj</file>
         <name>hal_UartA0.obj</name>
      </input_file>
      <input_file id="fl-10">
         <path>.\5xx_HAL\</path>
         <kind>object</kind>
         <file>hal_pmm.obj</file>
         <name>hal_pmm.obj</name>
      </input_file>
      <input_file id="fl-11">
         <path>.\BMPX80\</path>
         <kind>object</kind>
         <file>bmpX80.obj</file>
         <name>bmpX80.obj</name>
      </input_file>
      <input_file id="fl-12">
         <path>.\Bluetooth_SD\</path>
         <kind>object</kind>
         <file>RN42.obj</file>
         <name>RN42.obj</name>
      </input_file>
      <input_file id="fl-13">
         <path>.\CAT24C16\</path>
         <kind>object</kind>
         <file>cat24c16.obj</file>
         <name>cat24c16.obj</name>
      </input_file>
      <input_file id="fl-14">
         <path>.\EXG\</path>
         <kind>object</kind>
         <file>ads1292.obj</file>
         <name>ads1292.obj</name>
      </input_file>
      <input_file id="fl-15">
         <path>.\EXG\</path>
         <kind>object</kind>
         <file>exg.obj</file>
         <name>exg.obj</name>
      </input_file>
      <input_file id="fl-16">
         <path>.\FatFs\</path>
         <kind>object</kind>
         <file>ff.obj</file>
         <name>ff.obj</name>
      </input_file>
      <input_file id="fl-17">
         <path>.\FatFs\</path>
         <kind>object</kind>
         <file>mmc.obj</file>
         <name>mmc.obj</name>
      </input_file>
      <input_file id="fl-18">
         <path>.\FatFs\option\</path>
         <kind>object</kind>
         <file>ccsbcs.obj</file>
         <name>ccsbcs.obj</name>
      </input_file>
      <input_file id="fl-19">
         <path>.\FatFs\option\</path>
         <kind>object</kind>
         <file>syscall.obj</file>
         <name>syscall.obj</name>
      </input_file>
      <input_file id="fl-1a">
         <path>.\GSR\</path>
         <kind>object</kind>
         <file>gsr.obj</file>
         <name>gsr.obj</name>
      </input_file>
      <input_file id="fl-1b">
         <path>.\LSM303AHTR\</path>
         <kind>object</kind>
         <file>lsm303ahtr.obj</file>
         <name>lsm303ahtr.obj</name>
      </input_file>
      <input_file id="fl-1c">
         <path>.\LSM303DLHC\</path>
         <kind>object</kind>
         <file>lsm303dlhc.obj</file>
         <name>lsm303dlhc.obj</name>
      </input_file>
      <input_file id="fl-1d">
         <path>.\MPU9150\Pansenti\</path>
         <kind>object</kind>
         <file>MPUQuaternion.obj</file>
         <name>MPUQuaternion.obj</name>
      </input_file>
      <input_file id="fl-1e">
         <path>.\MPU9150\Pansenti\</path>
         <kind>object</kind>
         <file>MPUVector3.obj</file>
         <name>MPUVector3.obj</name>
      </input_file>
      <input_file id="fl-1f">
         <path>.\MPU9150\core\driver\eMPL\</path>
         <kind>object</kind>
         <file>inv_gyro.obj</file>
         <name>inv_gyro.obj</name>
      </input_file>
      <input_file id="fl-20">
         <path>.\MPU9150\core\driver\eMPL\</path>
         <kind>object</kind>
         <file>inv_gyro_dmp_android.obj</file>
         <name>inv_gyro_dmp_android.obj</name>
      </input_file>
      <input_file id="fl-21">
         <path>.\MPU9150\core\driver\msp430\F5xx_F6xx_Core_Lib\</path>
         <kind>object</kind>
         <file>HAL_FLASH.obj</file>
         <name>HAL_FLASH.obj</name>
      </input_file>
      <input_file id="fl-22">
         <path>.\MPU9150\core\driver\msp430\F5xx_F6xx_Core_Lib\</path>
         <kind>object</kind>
         <file>HAL_PMAP.obj</file>
         <name>HAL_PMAP.obj</name>
      </input_file>
      <input_file id="fl-23">
         <path>.\MPU9150\core\driver\msp430\F5xx_F6xx_Core_Lib\</path>
         <kind>object</kind>
         <file>HAL_TLV.obj</file>
         <name>HAL_TLV.obj</name>
      </input_file>
      <input_file id="fl-24">
         <path>.\MPU9150\core\driver\msp430\USB_eMPL\</path>
         <kind>object</kind>
         <file>log_msp430.obj</file>
         <name>log_msp430.obj</name>
      </input_file>
      <input_file id="fl-25">
         <path>.\MPU9150\core\driver\msp430\</path>
         <kind>object</kind>
         <file>msp430_i2c.obj</file>
         <name>msp430_i2c.obj</name>
      </input_file>
      <input_file id="fl-26">
         <path>.\MPU9150\core\driver\msp430\</path>
         <kind>object</kind>
         <file>msp430_interrupt.obj</file>
         <name>msp430_interrupt.obj</name>
      </input_file>
      <input_file id="fl-27">
         <path>.\MPU9150\core\driver\msp430\</path>
         <kind>object</kind>
         <file>msp430_uart.obj</file>
         <name>msp430_uart.obj</name>
      </input_file>
      <input_file id="fl-28">
         <path>.\MPU9150\core\eMPL-hal\</path>
         <kind>object</kind>
         <file>eMPL_outputs.obj</file>
         <name>eMPL_outputs.obj</name>
      </input_file>
      <input_file id="fl-29">
         <path>.\MPU9150\core\mllite\</path>
         <kind>object</kind>
         <file>data_builder.obj</file>
         <name>data_builder.obj</name>
      </input_file>
      <input_file id="fl-2a">
         <path>.\MPU9150\core\mllite\</path>
         <kind>object</kind>
         <file>hal_outputs.obj</file>
         <name>hal_outputs.obj</name>
      </input_file>
      <input_file id="fl-2b">
         <path>.\MPU9150\core\mllite\</path>
         <kind>object</kind>
         <file>message_layer.obj</file>
         <name>message_layer.obj</name>
      </input_file>
      <input_file id="fl-2c">
         <path>.\MPU9150\core\mllite\</path>
         <kind>object</kind>
         <file>ml_math_func.obj</file>
         <name>ml_math_func.obj</name>
      </input_file>
      <input_file id="fl-2d">
         <path>.\MPU9150\core\mllite\</path>
         <kind>object</kind>
         <file>mlmath.obj</file>
         <name>mlmath.obj</name>
      </input_file>
      <input_file id="fl-2e">
         <path>.\MPU9150\core\mllite\</path>
         <kind>object</kind>
         <file>mpl.obj</file>
         <name>mpl.obj</name>
      </input_file>
      <input_file id="fl-2f">
         <path>.\MPU9150\core\mllite\</path>
         <kind>object</kind>
         <file>results_holder.obj</file>
         <name>results_holder.obj</name>
      </input_file>
      <input_file id="fl-30">
         <path>.\MPU9150\core\mllite\</path>
         <kind>object</kind>
         <file>start_manager.obj</file>
         <name>start_manager.obj</name>
      </input_file>
      <input_file id="fl-31">
         <path>.\MPU9150\core\mllite\</path>
         <kind>object</kind>
         <file>storage_manager.obj</file>
         <name>storage_manager.obj</name>
      </input_file>
      <input_file id="fl-32">
         <path>.\MPU9150\</path>
         <kind>object</kind>
         <file>mllite.obj</file>
         <name>mllite.obj</name>
      </input_file>
      <input_file id="fl-33">
         <path>.\MPU9150\</path>
         <kind>object</kind>
         <file>mpu9150.obj</file>
         <name>mpu9150.obj</name>
      </input_file>
      <input_file id="fl-34">
         <path>.\msp430_clock\</path>
         <kind>object</kind>
         <file>msp430_clock.obj</file>
         <name>msp430_clock.obj</name>
      </input_file>
      <input_file id="fl-35">
         <path>.\shimmer_calibration\</path>
         <kind>object</kind>
         <file>shimmer_calibration.obj</file>
         <name>shimmer_calibration.obj</name>
      </input_file>
      <input_file id="fl-3e">
         <path>..\MPU9150\core\mpl\</path>
         <kind>archive</kind>
         <file>libmplmpu.lib</file>
         <name>quaternion_supervisor.obj</name>
      </input_file>
      <input_file id="fl-3f">
         <path>..\MPU9150\core\mpl\</path>
         <kind>archive</kind>
         <file>libmplmpu.lib</file>
         <name>motion_no_motion.obj</name>
      </input_file>
      <input_file id="fl-40">
         <path>..\MPU9150\core\mpl\</path>
         <kind>archive</kind>
         <file>libmplmpu.lib</file>
         <name>mag_disturb.obj</name>
      </input_file>
      <input_file id="fl-41">
         <path>..\MPU9150\core\mpl\</path>
         <kind>archive</kind>
         <file>libmplmpu.lib</file>
         <name>gyro_tc.obj</name>
      </input_file>
      <input_file id="fl-42">
         <path>..\MPU9150\core\mpl\</path>
         <kind>archive</kind>
         <file>libmplmpu.lib</file>
         <name>fusion_9axis.obj</name>
      </input_file>
      <input_file id="fl-43">
         <path>..\MPU9150\core\mpl\</path>
         <kind>archive</kind>
         <file>libmplmpu.lib</file>
         <name>fast_no_motion.obj</name>
      </input_file>
      <input_file id="fl-44">
         <path>..\MPU9150\core\mpl\</path>
         <kind>archive</kind>
         <file>libmplmpu.lib</file>
         <name>compass_vec_cal.obj</name>
      </input_file>
      <input_file id="fl-6e">
         <path>C:\ti\ccsv7\tools\compiler\ti-cgt-msp430_4.4.8\lib\</path>
         <kind>archive</kind>
         <file>rts430x_lc_rd.lib</file>
         <name>acos.obj</name>
      </input_file>
      <input_file id="fl-6f">
         <path>C:\ti\ccsv7\tools\compiler\ti-cgt-msp430_4.4.8\lib\</path>
         <kind>archive</kind>
         <file>rts430x_lc_rd.lib</file>
         <name>acosf.obj</name>
      </input_file>
      <input_file id="fl-70">
         <path>C:\ti\ccsv7\tools\compiler\ti-cgt-msp430_4.4.8\lib\</path>
         <kind>archive</kind>
         <file>rts430x_lc_rd.lib</file>
         <name>asin.obj</name>
      </input_file>
      <input_file id="fl-71">
         <path>C:\ti\ccsv7\tools\compiler\ti-cgt-msp430_4.4.8\lib\</path>
         <kind>archive</kind>
         <file>rts430x_lc_rd.lib</file>
         <name>asinf.obj</name>
      </input_file>
      <input_file id="fl-72">
         <path>C:\ti\ccsv7\tools\compiler\ti-cgt-msp430_4.4.8\lib\</path>
         <kind>archive</kind>
         <file>rts430x_lc_rd.lib</file>
         <name>asr32.obj</name>
      </input_file>
      <input_file id="fl-73">
         <path>C:\ti\ccsv7\tools\compiler\ti-cgt-msp430_4.4.8\lib\</path>
         <kind>archive</kind>
         <file>rts430x_lc_rd.lib</file>
         <name>asr64.obj</name>
      </input_file>
      <input_file id="fl-74">
         <path>C:\ti\ccsv7\tools\compiler\ti-cgt-msp430_4.4.8\lib\</path>
         <kind>archive</kind>
         <file>rts430x_lc_rd.lib</file>
         <name>atan.obj</name>
      </input_file>
      <input_file id="fl-75">
         <path>C:\ti\ccsv7\tools\compiler\ti-cgt-msp430_4.4.8\lib\</path>
         <kind>archive</kind>
         <file>rts430x_lc_rd.lib</file>
         <name>atan2.obj</name>
      </input_file>
      <input_file id="fl-76">
         <path>C:\ti\ccsv7\tools\compiler\ti-cgt-msp430_4.4.8\lib\</path>
         <kind>archive</kind>
         <file>rts430x_lc_rd.lib</file>
         <name>atan2f.obj</name>
      </input_file>
      <input_file id="fl-77">
         <path>C:\ti\ccsv7\tools\compiler\ti-cgt-msp430_4.4.8\lib\</path>
         <kind>archive</kind>
         <file>rts430x_lc_rd.lib</file>
         <name>atoi.obj</name>
      </input_file>
      <input_file id="fl-78">
         <path>C:\ti\ccsv7\tools\compiler\ti-cgt-msp430_4.4.8\lib\</path>
         <kind>archive</kind>
         <file>rts430x_lc_rd.lib</file>
         <name>atol.obj</name>
      </input_file>
      <input_file id="fl-79">
         <path>C:\ti\ccsv7\tools\compiler\ti-cgt-msp430_4.4.8\lib\</path>
         <kind>archive</kind>
         <file>rts430x_lc_rd.lib</file>
         <name>atoll.obj</name>
      </input_file>
      <input_file id="fl-7a">
         <path>C:\ti\ccsv7\tools\compiler\ti-cgt-msp430_4.4.8\lib\</path>
         <kind>archive</kind>
         <file>rts430x_lc_rd.lib</file>
         <name>boot.obj</name>
      </input_file>
      <input_file id="fl-7b">
         <path>C:\ti\ccsv7\tools\compiler\ti-cgt-msp430_4.4.8\lib\</path>
         <kind>archive</kind>
         <file>rts430x_lc_rd.lib</file>
         <name>boot_special.obj</name>
      </input_file>
      <input_file id="fl-7c">
         <path>C:\ti\ccsv7\tools\compiler\ti-cgt-msp430_4.4.8\lib\</path>
         <kind>archive</kind>
         <file>rts430x_lc_rd.lib</file>
         <name>ceil.obj</name>
      </input_file>
      <input_file id="fl-7d">
         <path>C:\ti\ccsv7\tools\compiler\ti-cgt-msp430_4.4.8\lib\</path>
         <kind>archive</kind>
         <file>rts430x_lc_rd.lib</file>
         <name>copy_decompress_none.obj</name>
      </input_file>
      <input_file id="fl-7e">
         <path>C:\ti\ccsv7\tools\compiler\ti-cgt-msp430_4.4.8\lib\</path>
         <kind>archive</kind>
         <file>rts430x_lc_rd.lib</file>
         <name>copy_decompress_rle.obj</name>
      </input_file>
      <input_file id="fl-7f">
         <path>C:\ti\ccsv7\tools\compiler\ti-cgt-msp430_4.4.8\lib\</path>
         <kind>archive</kind>
         <file>rts430x_lc_rd.lib</file>
         <name>copy_zero_init.obj</name>
      </input_file>
      <input_file id="fl-80">
         <path>C:\ti\ccsv7\tools\compiler\ti-cgt-msp430_4.4.8\lib\</path>
         <kind>archive</kind>
         <file>rts430x_lc_rd.lib</file>
         <name>cos.obj</name>
      </input_file>
      <input_file id="fl-81">
         <path>C:\ti\ccsv7\tools\compiler\ti-cgt-msp430_4.4.8\lib\</path>
         <kind>archive</kind>
         <file>rts430x_lc_rd.lib</file>
         <name>cosf.obj</name>
      </input_file>
      <input_file id="fl-82">
         <path>C:\ti\ccsv7\tools\compiler\ti-cgt-msp430_4.4.8\lib\</path>
         <kind>archive</kind>
         <file>rts430x_lc_rd.lib</file>
         <name>ctype.obj</name>
      </input_file>
      <input_file id="fl-83">
         <path>C:\ti\ccsv7\tools\compiler\ti-cgt-msp430_4.4.8\lib\</path>
         <kind>archive</kind>
         <file>rts430x_lc_rd.lib</file>
         <name>div16s.obj</name>
      </input_file>
      <input_file id="fl-84">
         <path>C:\ti\ccsv7\tools\compiler\ti-cgt-msp430_4.4.8\lib\</path>
         <kind>archive</kind>
         <file>rts430x_lc_rd.lib</file>
         <name>div16u.obj</name>
      </input_file>
      <input_file id="fl-85">
         <path>C:\ti\ccsv7\tools\compiler\ti-cgt-msp430_4.4.8\lib\</path>
         <kind>archive</kind>
         <file>rts430x_lc_rd.lib</file>
         <name>div32s.obj</name>
      </input_file>
      <input_file id="fl-86">
         <path>C:\ti\ccsv7\tools\compiler\ti-cgt-msp430_4.4.8\lib\</path>
         <kind>archive</kind>
         <file>rts430x_lc_rd.lib</file>
         <name>div32u.obj</name>
      </input_file>
      <input_file id="fl-87">
         <path>C:\ti\ccsv7\tools\compiler\ti-cgt-msp430_4.4.8\lib\</path>
         <kind>archive</kind>
         <file>rts430x_lc_rd.lib</file>
         <name>div64s.obj</name>
      </input_file>
      <input_file id="fl-88">
         <path>C:\ti\ccsv7\tools\compiler\ti-cgt-msp430_4.4.8\lib\</path>
         <kind>archive</kind>
         <file>rts430x_lc_rd.lib</file>
         <name>div64u.obj</name>
      </input_file>
      <input_file id="fl-89">
         <path>C:\ti\ccsv7\tools\compiler\ti-cgt-msp430_4.4.8\lib\</path>
         <kind>archive</kind>
         <file>rts430x_lc_rd.lib</file>
         <name>exit.obj</name>
      </input_file>
      <input_file id="fl-8a">
         <path>C:\ti\ccsv7\tools\compiler\ti-cgt-msp430_4.4.8\lib\</path>
         <kind>archive</kind>
         <file>rts430x_lc_rd.lib</file>
         <name>exit_gvars.obj</name>
      </input_file>
      <input_file id="fl-8b">
         <path>C:\ti\ccsv7\tools\compiler\ti-cgt-msp430_4.4.8\lib\</path>
         <kind>archive</kind>
         <file>rts430x_lc_rd.lib</file>
         <name>floor.obj</name>
      </input_file>
      <input_file id="fl-8c">
         <path>C:\ti\ccsv7\tools\compiler\ti-cgt-msp430_4.4.8\lib\</path>
         <kind>archive</kind>
         <file>rts430x_lc_rd.lib</file>
         <name>fmod.obj</name>
      </input_file>
      <input_file id="fl-8d">
         <path>C:\ti\ccsv7\tools\compiler\ti-cgt-msp430_4.4.8\lib\</path>
         <kind>archive</kind>
         <file>rts430x_lc_rd.lib</file>
         <name>fs_add.obj</name>
      </input_file>
      <input_file id="fl-8e">
         <path>C:\ti\ccsv7\tools\compiler\ti-cgt-msp430_4.4.8\lib\</path>
         <kind>archive</kind>
         <file>rts430x_lc_rd.lib</file>
         <name>fs_cmp.obj</name>
      </input_file>
      <input_file id="fl-8f">
         <path>C:\ti\ccsv7\tools\compiler\ti-cgt-msp430_4.4.8\lib\</path>
         <kind>archive</kind>
         <file>rts430x_lc_rd.lib</file>
         <name>fs_div.obj</name>
      </input_file>
      <input_file id="fl-90">
         <path>C:\ti\ccsv7\tools\compiler\ti-cgt-msp430_4.4.8\lib\</path>
         <kind>archive</kind>
         <file>rts430x_lc_rd.lib</file>
         <name>fs_itof.obj</name>
      </input_file>
      <input_file id="fl-91">
         <path>C:\ti\ccsv7\tools\compiler\ti-cgt-msp430_4.4.8\lib\</path>
         <kind>archive</kind>
         <file>rts430x_lc_rd.lib</file>
         <name>fs_ltof.obj</name>
      </input_file>
      <input_file id="fl-92">
         <path>C:\ti\ccsv7\tools\compiler\ti-cgt-msp430_4.4.8\lib\</path>
         <kind>archive</kind>
         <file>rts430x_lc_rd.lib</file>
         <name>fs_mpy.obj</name>
      </input_file>
      <input_file id="fl-93">
         <path>C:\ti\ccsv7\tools\compiler\ti-cgt-msp430_4.4.8\lib\</path>
         <kind>archive</kind>
         <file>rts430x_lc_rd.lib</file>
         <name>fs_neg.obj</name>
      </input_file>
      <input_file id="fl-94">
         <path>C:\ti\ccsv7\tools\compiler\ti-cgt-msp430_4.4.8\lib\</path>
         <kind>archive</kind>
         <file>rts430x_lc_rd.lib</file>
         <name>fs_toi.obj</name>
      </input_file>
      <input_file id="fl-95">
         <path>C:\ti\ccsv7\tools\compiler\ti-cgt-msp430_4.4.8\lib\</path>
         <kind>archive</kind>
         <file>rts430x_lc_rd.lib</file>
         <name>fs_tol.obj</name>
      </input_file>
      <input_file id="fl-96">
         <path>C:\ti\ccsv7\tools\compiler\ti-cgt-msp430_4.4.8\lib\</path>
         <kind>archive</kind>
         <file>rts430x_lc_rd.lib</file>
         <name>fs_tou.obj</name>
      </input_file>
      <input_file id="fl-97">
         <path>C:\ti\ccsv7\tools\compiler\ti-cgt-msp430_4.4.8\lib\</path>
         <kind>archive</kind>
         <file>rts430x_lc_rd.lib</file>
         <name>fs_toul.obj</name>
      </input_file>
      <input_file id="fl-98">
         <path>C:\ti\ccsv7\tools\compiler\ti-cgt-msp430_4.4.8\lib\</path>
         <kind>archive</kind>
         <file>rts430x_lc_rd.lib</file>
         <name>fs_ultof.obj</name>
      </input_file>
      <input_file id="fl-99">
         <path>C:\ti\ccsv7\tools\compiler\ti-cgt-msp430_4.4.8\lib\</path>
         <kind>archive</kind>
         <file>rts430x_lc_rd.lib</file>
         <name>fs_utof.obj</name>
      </input_file>
      <input_file id="fl-9a">
         <path>C:\ti\ccsv7\tools\compiler\ti-cgt-msp430_4.4.8\lib\</path>
         <kind>archive</kind>
         <file>rts430x_lc_rd.lib</file>
         <name>labs.obj</name>
      </input_file>
      <input_file id="fl-9b">
         <path>C:\ti\ccsv7\tools\compiler\ti-cgt-msp430_4.4.8\lib\</path>
         <kind>archive</kind>
         <file>rts430x_lc_rd.lib</file>
         <name>llabs.obj</name>
      </input_file>
      <input_file id="fl-9c">
         <path>C:\ti\ccsv7\tools\compiler\ti-cgt-msp430_4.4.8\lib\</path>
         <kind>archive</kind>
         <file>rts430x_lc_rd.lib</file>
         <name>log.obj</name>
      </input_file>
      <input_file id="fl-9d">
         <path>C:\ti\ccsv7\tools\compiler\ti-cgt-msp430_4.4.8\lib\</path>
         <kind>archive</kind>
         <file>rts430x_lc_rd.lib</file>
         <name>lsl16.obj</name>
      </input_file>
      <input_file id="fl-9e">
         <path>C:\ti\ccsv7\tools\compiler\ti-cgt-msp430_4.4.8\lib\</path>
         <kind>archive</kind>
         <file>rts430x_lc_rd.lib</file>
         <name>lsl32.obj</name>
      </input_file>
      <input_file id="fl-9f">
         <path>C:\ti\ccsv7\tools\compiler\ti-cgt-msp430_4.4.8\lib\</path>
         <kind>archive</kind>
         <file>rts430x_lc_rd.lib</file>
         <name>lsl64.obj</name>
      </input_file>
      <input_file id="fl-a0">
         <path>C:\ti\ccsv7\tools\compiler\ti-cgt-msp430_4.4.8\lib\</path>
         <kind>archive</kind>
         <file>rts430x_lc_rd.lib</file>
         <name>lsr32.obj</name>
      </input_file>
      <input_file id="fl-a1">
         <path>C:\ti\ccsv7\tools\compiler\ti-cgt-msp430_4.4.8\lib\</path>
         <kind>archive</kind>
         <file>rts430x_lc_rd.lib</file>
         <name>lsr64.obj</name>
      </input_file>
      <input_file id="fl-a2">
         <path>C:\ti\ccsv7\tools\compiler\ti-cgt-msp430_4.4.8\lib\</path>
         <kind>archive</kind>
         <file>rts430x_lc_rd.lib</file>
         <name>memcpy.obj</name>
      </input_file>
      <input_file id="fl-a3">
         <path>C:\ti\ccsv7\tools\compiler\ti-cgt-msp430_4.4.8\lib\</path>
         <kind>archive</kind>
         <file>rts430x_lc_rd.lib</file>
         <name>memmov.obj</name>
      </input_file>
      <input_file id="fl-a4">
         <path>C:\ti\ccsv7\tools\compiler\ti-cgt-msp430_4.4.8\lib\</path>
         <kind>archive</kind>
         <file>rts430x_lc_rd.lib</file>
         <name>memset.obj</name>
      </input_file>
      <input_file id="fl-a5">
         <path>C:\ti\ccsv7\tools\compiler\ti-cgt-msp430_4.4.8\lib\</path>
         <kind>archive</kind>
         <file>rts430x_lc_rd.lib</file>
         <name>mpu_init.obj</name>
      </input_file>
      <input_file id="fl-a6">
         <path>C:\ti\ccsv7\tools\compiler\ti-cgt-msp430_4.4.8\lib\</path>
         <kind>archive</kind>
         <file>rts430x_lc_rd.lib</file>
         <name>mult16.obj</name>
      </input_file>
      <input_file id="fl-a7">
         <path>C:\ti\ccsv7\tools\compiler\ti-cgt-msp430_4.4.8\lib\</path>
         <kind>archive</kind>
         <file>rts430x_lc_rd.lib</file>
         <name>mult1632_f5hw.obj</name>
      </input_file>
      <input_file id="fl-a8">
         <path>C:\ti\ccsv7\tools\compiler\ti-cgt-msp430_4.4.8\lib\</path>
         <kind>archive</kind>
         <file>rts430x_lc_rd.lib</file>
         <name>mult16_f5hw.obj</name>
      </input_file>
      <input_file id="fl-a9">
         <path>C:\ti\ccsv7\tools\compiler\ti-cgt-msp430_4.4.8\lib\</path>
         <kind>archive</kind>
         <file>rts430x_lc_rd.lib</file>
         <name>mult32.obj</name>
      </input_file>
      <input_file id="fl-aa">
         <path>C:\ti\ccsv7\tools\compiler\ti-cgt-msp430_4.4.8\lib\</path>
         <kind>archive</kind>
         <file>rts430x_lc_rd.lib</file>
         <name>mult3264.obj</name>
      </input_file>
      <input_file id="fl-ab">
         <path>C:\ti\ccsv7\tools\compiler\ti-cgt-msp430_4.4.8\lib\</path>
         <kind>archive</kind>
         <file>rts430x_lc_rd.lib</file>
         <name>mult3264_f5hw.obj</name>
      </input_file>
      <input_file id="fl-ac">
         <path>C:\ti\ccsv7\tools\compiler\ti-cgt-msp430_4.4.8\lib\</path>
         <kind>archive</kind>
         <file>rts430x_lc_rd.lib</file>
         <name>mult32_f5hw.obj</name>
      </input_file>
      <input_file id="fl-ad">
         <path>C:\ti\ccsv7\tools\compiler\ti-cgt-msp430_4.4.8\lib\</path>
         <kind>archive</kind>
         <file>rts430x_lc_rd.lib</file>
         <name>mult64.obj</name>
      </input_file>
      <input_file id="fl-ae">
         <path>C:\ti\ccsv7\tools\compiler\ti-cgt-msp430_4.4.8\lib\</path>
         <kind>archive</kind>
         <file>rts430x_lc_rd.lib</file>
         <name>mult64_f5hw.obj</name>
      </input_file>
      <input_file id="fl-af">
         <path>C:\ti\ccsv7\tools\compiler\ti-cgt-msp430_4.4.8\lib\</path>
         <kind>archive</kind>
         <file>rts430x_lc_rd.lib</file>
         <name>pow.obj</name>
      </input_file>
      <input_file id="fl-b0">
         <path>C:\ti\ccsv7\tools\compiler\ti-cgt-msp430_4.4.8\lib\</path>
         <kind>archive</kind>
         <file>rts430x_lc_rd.lib</file>
         <name>pre_init.obj</name>
      </input_file>
      <input_file id="fl-b1">
         <path>C:\ti\ccsv7\tools\compiler\ti-cgt-msp430_4.4.8\lib\</path>
         <kind>archive</kind>
         <file>rts430x_lc_rd.lib</file>
         <name>rem64u.obj</name>
      </input_file>
      <input_file id="fl-b2">
         <path>C:\ti\ccsv7\tools\compiler\ti-cgt-msp430_4.4.8\lib\</path>
         <kind>archive</kind>
         <file>rts430x_lc_rd.lib</file>
         <name>round.obj</name>
      </input_file>
      <input_file id="fl-b3">
         <path>C:\ti\ccsv7\tools\compiler\ti-cgt-msp430_4.4.8\lib\</path>
         <kind>archive</kind>
         <file>rts430x_lc_rd.lib</file>
         <name>sin.obj</name>
      </input_file>
      <input_file id="fl-b4">
         <path>C:\ti\ccsv7\tools\compiler\ti-cgt-msp430_4.4.8\lib\</path>
         <kind>archive</kind>
         <file>rts430x_lc_rd.lib</file>
         <name>sinf.obj</name>
      </input_file>
      <input_file id="fl-b5">
         <path>C:\ti\ccsv7\tools\compiler\ti-cgt-msp430_4.4.8\lib\</path>
         <kind>archive</kind>
         <file>rts430x_lc_rd.lib</file>
         <name>snprintf.obj</name>
      </input_file>
      <input_file id="fl-b6">
         <path>C:\ti\ccsv7\tools\compiler\ti-cgt-msp430_4.4.8\lib\</path>
         <kind>archive</kind>
         <file>rts430x_lc_rd.lib</file>
         <name>sprintf.obj</name>
      </input_file>
      <input_file id="fl-b7">
         <path>C:\ti\ccsv7\tools\compiler\ti-cgt-msp430_4.4.8\lib\</path>
         <kind>archive</kind>
         <file>rts430x_lc_rd.lib</file>
         <name>sqrt.obj</name>
      </input_file>
      <input_file id="fl-b8">
         <path>C:\ti\ccsv7\tools\compiler\ti-cgt-msp430_4.4.8\lib\</path>
         <kind>archive</kind>
         <file>rts430x_lc_rd.lib</file>
         <name>sqrtf.obj</name>
      </input_file>
      <input_file id="fl-b9">
         <path>C:\ti\ccsv7\tools\compiler\ti-cgt-msp430_4.4.8\lib\</path>
         <kind>archive</kind>
         <file>rts430x_lc_rd.lib</file>
         <name>strstr.obj</name>
      </input_file>
      <input_file id="fl-ba">
         <path>C:\ti\ccsv7\tools\compiler\ti-cgt-msp430_4.4.8\lib\</path>
         <kind>archive</kind>
         <file>rts430x_lc_rd.lib</file>
         <name>strtod.obj</name>
      </input_file>
      <input_file id="fl-bb">
         <path>C:\ti\ccsv7\tools\compiler\ti-cgt-msp430_4.4.8\lib\</path>
         <kind>archive</kind>
         <file>rts430x_lc_rd.lib</file>
         <name>strtoul.obj</name>
      </input_file>
      <input_file id="fl-bc">
         <path>C:\ti\ccsv7\tools\compiler\ti-cgt-msp430_4.4.8\lib\</path>
         <kind>archive</kind>
         <file>rts430x_lc_rd.lib</file>
         <name>vsprintf.obj</name>
      </input_file>
      <input_file id="fl-bd">
         <path>C:\ti\ccsv7\tools\compiler\ti-cgt-msp430_4.4.8\lib\</path>
         <kind>archive</kind>
         <file>rts430x_lc_rd.lib</file>
         <name>xatan.obj</name>
      </input_file>
      <input_file id="fl-be">
         <path>C:\ti\ccsv7\tools\compiler\ti-cgt-msp430_4.4.8\lib\</path>
         <kind>archive</kind>
         <file>rts430x_lc_rd.lib</file>
         <name>xdint.obj</name>
      </input_file>
      <input_file id="fl-bf">
         <path>C:\ti\ccsv7\tools\compiler\ti-cgt-msp430_4.4.8\lib\</path>
         <kind>archive</kind>
         <file>rts430x_lc_rd.lib</file>
         <name>xdnorm.obj</name>
      </input_file>
      <input_file id="fl-c0">
         <path>C:\ti\ccsv7\tools\compiler\ti-cgt-msp430_4.4.8\lib\</path>
         <kind>archive</kind>
         <file>rts430x_lc_rd.lib</file>
         <name>xdscale.obj</name>
      </input_file>
      <input_file id="fl-c1">
         <path>C:\ti\ccsv7\tools\compiler\ti-cgt-msp430_4.4.8\lib\</path>
         <kind>archive</kind>
         <file>rts430x_lc_rd.lib</file>
         <name>xdunscal.obj</name>
      </input_file>
      <input_file id="fl-c2">
         <path>C:\ti\ccsv7\tools\compiler\ti-cgt-msp430_4.4.8\lib\</path>
         <kind>archive</kind>
         <file>rts430x_lc_rd.lib</file>
         <name>xexp.obj</name>
      </input_file>
      <input_file id="fl-c3">
         <path>C:\ti\ccsv7\tools\compiler\ti-cgt-msp430_4.4.8\lib\</path>
         <kind>archive</kind>
         <file>rts430x_lc_rd.lib</file>
         <name>xfatan.obj</name>
      </input_file>
      <input_file id="fl-c4">
         <path>C:\ti\ccsv7\tools\compiler\ti-cgt-msp430_4.4.8\lib\</path>
         <kind>archive</kind>
         <file>rts430x_lc_rd.lib</file>
         <name>xfdint.obj</name>
      </input_file>
      <input_file id="fl-c5">
         <path>C:\ti\ccsv7\tools\compiler\ti-cgt-msp430_4.4.8\lib\</path>
         <kind>archive</kind>
         <file>rts430x_lc_rd.lib</file>
         <name>xfdnorm.obj</name>
      </input_file>
      <input_file id="fl-c6">
         <path>C:\ti\ccsv7\tools\compiler\ti-cgt-msp430_4.4.8\lib\</path>
         <kind>archive</kind>
         <file>rts430x_lc_rd.lib</file>
         <name>xfdscale.obj</name>
      </input_file>
      <input_file id="fl-c7">
         <path>C:\ti\ccsv7\tools\compiler\ti-cgt-msp430_4.4.8\lib\</path>
         <kind>archive</kind>
         <file>rts430x_lc_rd.lib</file>
         <name>xfdunsca.obj</name>
      </input_file>
      <input_file id="fl-c8">
         <path>C:\ti\ccsv7\tools\compiler\ti-cgt-msp430_4.4.8\lib\</path>
         <kind>archive</kind>
         <file>rts430x_lc_rd.lib</file>
         <name>xferaise.obj</name>
      </input_file>
      <input_file id="fl-c9">
         <path>C:\ti\ccsv7\tools\compiler\ti-cgt-msp430_4.4.8\lib\</path>
         <kind>archive</kind>
         <file>rts430x_lc_rd.lib</file>
         <name>xfsin.obj</name>
      </input_file>
      <input_file id="fl-ca">
         <path>C:\ti\ccsv7\tools\compiler\ti-cgt-msp430_4.4.8\lib\</path>
         <kind>archive</kind>
         <file>rts430x_lc_rd.lib</file>
         <name>xfvalues.obj</name>
      </input_file>
      <input_file id="fl-cb">
         <path>C:\ti\ccsv7\tools\compiler\ti-cgt-msp430_4.4.8\lib\</path>
         <kind>archive</kind>
         <file>rts430x_lc_rd.lib</file>
         <name>xlog.obj</name>
      </input_file>
      <input_file id="fl-cc">
         <path>C:\ti\ccsv7\tools\compiler\ti-cgt-msp430_4.4.8\lib\</path>
         <kind>archive</kind>
         <file>rts430x_lc_rd.lib</file>
         <name>xsin.obj</name>
      </input_file>
      <input_file id="fl-cd">
         <path>C:\ti\ccsv7\tools\compiler\ti-cgt-msp430_4.4.8\lib\</path>
         <kind>archive</kind>
         <file>rts430x_lc_rd.lib</file>
         <name>xvalues.obj</name>
      </input_file>
      <input_file id="fl-ce">
         <path>C:\ti\ccsv7\tools\compiler\ti-cgt-msp430_4.4.8\lib\</path>
         <kind>archive</kind>
         <file>rts430x_lc_rd.lib</file>
         <name>_lock.obj</name>
      </input_file>
      <input_file id="fl-cf">
         <path>C:\ti\ccsv7\tools\compiler\ti-cgt-msp430_4.4.8\lib\</path>
         <kind>archive</kind>
         <file>rts430x_lc_rd.lib</file>
         <name>_printfi_min.obj</name>
      </input_file>
      <input_file id="fl-d0">
         <path>C:\ti\ccsv7\tools\compiler\ti-cgt-msp430_4.4.8\lib\</path>
         <kind>archive</kind>
         <file>rts430x_lc_rd.lib</file>
         <name>abs.obj</name>
      </input_file>
      <input_file id="fl-d1">
         <path>C:\ti\ccsv7\tools\compiler\ti-cgt-msp430_4.4.8\lib\</path>
         <kind>archive</kind>
         <file>rts430x_lc_rd.lib</file>
         <name>args_main.obj</name>
      </input_file>
      <input_file id="fl-d2">
         <path>C:\ti\ccsv7\tools\compiler\ti-cgt-msp430_4.4.8\lib\</path>
         <kind>archive</kind>
         <file>rts430x_lc_rd.lib</file>
         <name>autoinit_wdt.obj</name>
      </input_file>
      <input_file id="fl-d3">
         <path>C:\ti\ccsv7\tools\compiler\ti-cgt-msp430_4.4.8\lib\</path>
         <kind>archive</kind>
         <file>rts430x_lc_rd.lib</file>
         <name>errno.obj</name>
      </input_file>
      <input_file id="fl-d4">
         <path>C:\ti\ccsv7\tools\compiler\ti-cgt-msp430_4.4.8\lib\</path>
         <kind>archive</kind>
         <file>rts430x_lc_rd.lib</file>
         <name>feraiseexcept.obj</name>
      </input_file>
      <input_file id="fl-d5">
         <path>C:\ti\ccsv7\tools\compiler\ti-cgt-msp430_4.4.8\lib\</path>
         <kind>archive</kind>
         <file>rts430x_lc_rd.lib</file>
         <name>fmodf.obj</name>
      </input_file>
      <input_file id="fl-d6">
         <path>C:\ti\ccsv7\tools\compiler\ti-cgt-msp430_4.4.8\lib\</path>
         <kind>archive</kind>
         <file>rts430x_lc_rd.lib</file>
         <name>lsr16.obj</name>
      </input_file>
      <input_file id="fl-d7">
         <path>C:\ti\ccsv7\tools\compiler\ti-cgt-msp430_4.4.8\lib\</path>
         <kind>archive</kind>
         <file>rts430x_lc_rd.lib</file>
         <name>memccpy.obj</name>
      </input_file>
      <input_file id="fl-d8">
         <path>C:\ti\ccsv7\tools\compiler\ti-cgt-msp430_4.4.8\lib\</path>
         <kind>archive</kind>
         <file>rts430x_lc_rd.lib</file>
         <name>mult1632.obj</name>
      </input_file>
      <input_file id="fl-d9">
         <path>C:\ti\ccsv7\tools\compiler\ti-cgt-msp430_4.4.8\lib\</path>
         <kind>archive</kind>
         <file>rts430x_lc_rd.lib</file>
         <name>raise.obj</name>
      </input_file>
      <input_file id="fl-da">
         <path>C:\ti\ccsv7\tools\compiler\ti-cgt-msp430_4.4.8\lib\</path>
         <kind>archive</kind>
         <file>rts430x_lc_rd.lib</file>
         <name>signal.obj</name>
      </input_file>
      <input_file id="fl-db">
         <path>C:\ti\ccsv7\tools\compiler\ti-cgt-msp430_4.4.8\lib\</path>
         <kind>archive</kind>
         <file>rts430x_lc_rd.lib</file>
         <name>strlen.obj</name>
      </input_file>
   </input_file_list>
   <object_component_list>
      <object_component id="oc-85">
         <name>.bss</name>
         <uninitialized>true</uninitialized>
         <run_address>0x1c00</run_address>
         <size>0x11c4</size>
         <input_file_ref idref="fl-2"/>
      </object_component>
      <object_component id="oc-87">
         <name>.bss</name>
         <uninitialized>true</uninitialized>
         <run_address>0x4a60</run_address>
         <size>0x4</size>
         <input_file_ref idref="fl-3"/>
      </object_component>
      <object_component id="oc-89">
         <name>.bss</name>
         <uninitialized>true</uninitialized>
         <run_address>0x4a1e</run_address>
         <size>0xc</size>
         <input_file_ref idref="fl-7"/>
      </object_component>
      <object_component id="oc-8b">
         <name>.bss</name>
         <uninitialized>true</uninitialized>
         <run_address>0x49fe</run_address>
         <size>0x11</size>
         <input_file_ref idref="fl-8"/>
      </object_component>
      <object_component id="oc-8c">
         <name>.bss</name>
         <uninitialized>true</uninitialized>
         <run_address>0x4a64</run_address>
         <size>0x4</size>
         <input_file_ref idref="fl-a"/>
      </object_component>
      <object_component id="oc-8d">
         <name>.bss</name>
         <uninitialized>true</uninitialized>
         <run_address>0x49ec</run_address>
         <size>0x12</size>
         <input_file_ref idref="fl-d"/>
      </object_component>
      <object_component id="oc-8e">
         <name>.bss</name>
         <uninitialized>true</uninitialized>
         <run_address>0x45d8</run_address>
         <size>0x92</size>
         <input_file_ref idref="fl-f"/>
      </object_component>
      <object_component id="oc-8f">
         <name>.bss</name>
         <uninitialized>true</uninitialized>
         <run_address>0x4a6f</run_address>
         <size>0x2</size>
         <input_file_ref idref="fl-11"/>
      </object_component>
      <object_component id="oc-90">
         <name>.bss</name>
         <uninitialized>true</uninitialized>
         <run_address>0x405a</run_address>
         <size>0x15d</size>
         <input_file_ref idref="fl-12"/>
      </object_component>
      <object_component id="oc-93">
         <name>.bss</name>
         <uninitialized>true</uninitialized>
         <run_address>0x4972</run_address>
         <size>0x31</size>
         <input_file_ref idref="fl-14"/>
      </object_component>
      <object_component id="oc-94">
         <name>.bss</name>
         <uninitialized>true</uninitialized>
         <run_address>0x4a36</run_address>
         <size>0xa</size>
         <input_file_ref idref="fl-15"/>
      </object_component>
      <object_component id="oc-95">
         <name>.bss</name>
         <uninitialized>true</uninitialized>
         <run_address>0x37ec</run_address>
         <size>0x206</size>
         <input_file_ref idref="fl-16"/>
      </object_component>
      <object_component id="oc-97">
         <name>.bss</name>
         <uninitialized>true</uninitialized>
         <run_address>0x4a6c</run_address>
         <size>0x3</size>
         <input_file_ref idref="fl-17"/>
      </object_component>
      <object_component id="oc-99">
         <name>.bss</name>
         <uninitialized>true</uninitialized>
         <run_address>0x4a10</run_address>
         <size>0xe</size>
         <input_file_ref idref="fl-1a"/>
      </object_component>
      <object_component id="oc-9a">
         <name>.bss</name>
         <uninitialized>true</uninitialized>
         <run_address>0x4a40</run_address>
         <size>0x8</size>
         <input_file_ref idref="fl-1b"/>
      </object_component>
      <object_component id="oc-9c">
         <name>.bss</name>
         <uninitialized>true</uninitialized>
         <run_address>0x4a48</run_address>
         <size>0x8</size>
         <input_file_ref idref="fl-1c"/>
      </object_component>
      <object_component id="oc-9e">
         <name>.bss</name>
         <uninitialized>true</uninitialized>
         <run_address>0x466a</run_address>
         <size>0x84</size>
         <input_file_ref idref="fl-1f"/>
      </object_component>
      <object_component id="oc-a0">
         <name>.bss</name>
         <uninitialized>true</uninitialized>
         <run_address>0x49d8</run_address>
         <size>0x14</size>
         <input_file_ref idref="fl-20"/>
      </object_component>
      <object_component id="oc-a2">
         <name>.bss</name>
         <uninitialized>true</uninitialized>
         <run_address>0x4a2a</run_address>
         <size>0xc</size>
         <input_file_ref idref="fl-26"/>
      </object_component>
      <object_component id="oc-a4">
         <name>.bss</name>
         <uninitialized>true</uninitialized>
         <run_address>0x49a4</run_address>
         <size>0x1e</size>
         <input_file_ref idref="fl-28"/>
      </object_component>
      <object_component id="oc-a5">
         <name>.bss</name>
         <uninitialized>true</uninitialized>
         <run_address>0x39f2</run_address>
         <size>0x1ba</size>
         <input_file_ref idref="fl-29"/>
      </object_component>
      <object_component id="oc-a6">
         <name>.bss</name>
         <uninitialized>true</uninitialized>
         <run_address>0x43c0</run_address>
         <size>0xcc</size>
         <input_file_ref idref="fl-2a"/>
      </object_component>
      <object_component id="oc-a8">
         <name>.bss</name>
         <uninitialized>true</uninitialized>
         <run_address>0x4a68</run_address>
         <size>0x4</size>
         <input_file_ref idref="fl-2b"/>
      </object_component>
      <object_component id="oc-a9">
         <name>.bss</name>
         <uninitialized>true</uninitialized>
         <run_address>0x46ee</run_address>
         <size>0x78</size>
         <input_file_ref idref="fl-2f"/>
      </object_component>
      <object_component id="oc-aa">
         <name>.bss</name>
         <uninitialized>true</uninitialized>
         <run_address>0x4920</run_address>
         <size>0x52</size>
         <input_file_ref idref="fl-30"/>
      </object_component>
      <object_component id="oc-ab">
         <name>.bss</name>
         <uninitialized>true</uninitialized>
         <run_address>0x3eee</run_address>
         <size>0x16c</size>
         <input_file_ref idref="fl-31"/>
      </object_component>
      <object_component id="oc-ac">
         <name>.bss</name>
         <uninitialized>true</uninitialized>
         <run_address>0x3d66</run_address>
         <size>0x188</size>
         <input_file_ref idref="fl-32"/>
      </object_component>
      <object_component id="oc-af">
         <name>.bss</name>
         <uninitialized>true</uninitialized>
         <run_address>0x4850</run_address>
         <size>0x68</size>
         <input_file_ref idref="fl-34"/>
      </object_component>
      <object_component id="oc-b0">
         <name>.bss</name>
         <uninitialized>true</uninitialized>
         <run_address>0x2dc4</run_address>
         <size>0x80c</size>
         <input_file_ref idref="fl-35"/>
      </object_component>
      <object_component id="oc-b2">
         <name>.bss</name>
         <uninitialized>true</uninitialized>
         <run_address>0x47de</run_address>
         <size>0x72</size>
         <input_file_ref idref="fl-3e"/>
      </object_component>
      <object_component id="oc-b8">
         <name>.bss</name>
         <uninitialized>true</uninitialized>
         <run_address>0x49c2</run_address>
         <size>0x16</size>
         <input_file_ref idref="fl-3f"/>
      </object_component>
      <object_component id="oc-bf">
         <name>.bss</name>
         <uninitialized>true</uninitialized>
         <run_address>0x453c</run_address>
         <size>0x9c</size>
         <input_file_ref idref="fl-40"/>
      </object_component>
      <object_component id="oc-c5">
         <name>.bss</name>
         <uninitialized>true</uninitialized>
         <run_address>0x3bac</run_address>
         <size>0x1ba</size>
         <input_file_ref idref="fl-41"/>
      </object_component>
      <object_component id="oc-cb">
         <name>.bss</name>
         <uninitialized>true</uninitialized>
         <run_address>0x42e8</run_address>
         <size>0xd8</size>
         <input_file_ref idref="fl-42"/>
      </object_component>
      <object_component id="oc-d0">
         <name>.bss</name>
         <uninitialized>true</uninitialized>
         <run_address>0x41b8</run_address>
         <size>0x130</size>
         <input_file_ref idref="fl-43"/>
      </object_component>
      <object_component id="oc-d5">
         <name>.bss</name>
         <uninitialized>true</uninitialized>
         <run_address>0x35d0</run_address>
         <size>0x21c</size>
         <input_file_ref idref="fl-44"/>
      </object_component>
      <object_component id="oc-2a1">
         <name>.bss</name>
         <uninitialized>true</uninitialized>
         <run_address>0x48b8</run_address>
         <size>0x68</size>
         <input_file_ref idref="fl-ca"/>
      </object_component>
      <object_component id="oc-2b1">
         <name>.bss</name>
         <uninitialized>true</uninitialized>
         <run_address>0x4766</run_address>
         <size>0x78</size>
         <input_file_ref idref="fl-cd"/>
      </object_component>
      <object_component id="oc-335">
         <name>.bss:_lock</name>
         <uninitialized>true</uninitialized>
         <run_address>0x4a58</run_address>
         <size>0x4</size>
         <input_file_ref idref="fl-ce"/>
      </object_component>
      <object_component id="oc-33b">
         <name>.bss:_unlock</name>
         <uninitialized>true</uninitialized>
         <run_address>0x4a5c</run_address>
         <size>0x4</size>
         <input_file_ref idref="fl-ce"/>
      </object_component>
      <object_component id="oc-2cf">
         <name>.bss</name>
         <uninitialized>true</uninitialized>
         <run_address>0x4a72</run_address>
         <size>0x2</size>
         <input_file_ref idref="fl-d3"/>
      </object_component>
      <object_component id="oc-2d3">
         <name>.bss</name>
         <uninitialized>true</uninitialized>
         <run_address>0x4a50</run_address>
         <size>0x8</size>
         <input_file_ref idref="fl-d4"/>
      </object_component>
      <object_component id="oc-2f2">
         <name>.bss</name>
         <uninitialized>true</uninitialized>
         <run_address>0x448c</run_address>
         <size>0xb0</size>
         <input_file_ref idref="fl-da"/>
      </object_component>
      <object_component id="oc-11c">
         <name>.stack</name>
         <uninitialized>true</uninitialized>
         <run_address>0x5a00</run_address>
         <size>0x4</size>
         <input_file_ref idref="fl-7a"/>
      </object_component>
      <object_component id="oc-612">
         <name>.stack</name>
         <uninitialized>true</uninitialized>
         <run_address>0x5a00</run_address>
         <size>0x0</size>
      </object_component>
      <object_component id="oc-39e">
         <name>.text:UpdateSdConfig</name>
         <load_address>0x697e</load_address>
         <run_address>0x697e</run_address>
         <size>0x1f02</size>
         <input_file_ref idref="fl-2"/>
      </object_component>
      <object_component id="oc-39c">
         <name>.text:ParseConfig</name>
         <load_address>0x8880</load_address>
         <run_address>0x8880</run_address>
         <size>0x1632</size>
         <input_file_ref idref="fl-2"/>
      </object_component>
      <object_component id="oc-361">
         <name>.text:StreamData</name>
         <load_address>0x9eb2</load_address>
         <run_address>0x9eb2</run_address>
         <size>0xf1a</size>
         <input_file_ref idref="fl-2"/>
      </object_component>
      <object_component id="oc-589">
         <name>.text:inv_compute_bias</name>
         <load_address>0xadcc</load_address>
         <run_address>0xadcc</run_address>
         <size>0xa04</size>
         <input_file_ref idref="fl-44"/>
      </object_component>
      <object_component id="oc-58a">
         <name>.text:inv_center_sum</name>
         <load_address>0xb7d0</load_address>
         <run_address>0xb7d0</run_address>
         <size>0x858</size>
         <input_file_ref idref="fl-44"/>
      </object_component>
      <object_component id="oc-55f">
         <name>.text:inv_process_compass_only_cal</name>
         <load_address>0xc028</load_address>
         <run_address>0xc028</run_address>
         <size>0x742</size>
         <input_file_ref idref="fl-44"/>
      </object_component>
      <object_component id="oc-33d">
         <name>.text:Init</name>
         <load_address>0xc76a</load_address>
         <run_address>0xc76a</run_address>
         <size>0x6c4</size>
         <input_file_ref idref="fl-2"/>
      </object_component>
      <object_component id="oc-416">
         <name>.text:MPU9150_DmpInit</name>
         <load_address>0xce2e</load_address>
         <run_address>0xce2e</run_address>
         <size>0x696</size>
         <input_file_ref idref="fl-32"/>
      </object_component>
      <object_component id="oc-344">
         <name>.text:UartSendRsp</name>
         <load_address>0xd4c4</load_address>
         <run_address>0xd4c4</run_address>
         <size>0x65a</size>
         <input_file_ref idref="fl-2"/>
      </object_component>
      <object_component id="oc-554">
         <name>.text:inv_perform_9x_fusion</name>
         <load_address>0xdb1e</load_address>
         <run_address>0xdb1e</run_address>
         <size>0x65a</size>
         <input_file_ref idref="fl-42"/>
      </object_component>
      <object_component id="oc-496">
         <name>.text:get_st_biases</name>
         <load_address>0xe178</load_address>
         <run_address>0xe178</run_address>
         <size>0x650</size>
         <input_file_ref idref="fl-1f"/>
      </object_component>
      <object_component id="oc-35c">
         <name>.text:StartStreaming</name>
         <load_address>0xe7c8</load_address>
         <run_address>0xe7c8</run_address>
         <size>0x5d6</size>
         <input_file_ref idref="fl-2"/>
      </object_component>
      <object_component id="oc-434">
         <name>.text:chk_mounted</name>
         <load_address>0xed9e</load_address>
         <run_address>0xed9e</run_address>
         <size>0x4ee</size>
         <input_file_ref idref="fl-16"/>
      </object_component>
      <object_component id="oc-349">
         <name>.text:MPU_saveCalibration</name>
         <load_address>0xf28c</load_address>
         <run_address>0xf28c</run_address>
         <size>0x48c</size>
         <input_file_ref idref="fl-32"/>
      </object_component>
      <object_component id="oc-587">
         <name>.text:inv_set_terms</name>
         <load_address>0xf718</load_address>
         <run_address>0xf718</run_address>
         <size>0x448</size>
         <input_file_ref idref="fl-44"/>
      </object_component>
      <object_component id="oc-468">
         <name>.text:runSetCommands</name>
         <load_address>0xfb60</load_address>
         <run_address>0xfb60</run_address>
         <size>0x3fe</size>
         <input_file_ref idref="fl-12"/>
      </object_component>
      <object_component id="oc-394">
         <name>.text:CAT24C16_init</name>
         <load_address>0xff5e</load_address>
         <run_address>0xff5e</run_address>
         <size>0x22</size>
         <input_file_ref idref="fl-13"/>
      </object_component>
      <object_component id="oc-562">
         <name>.text:inv_check_magnetic_disturbance</name>
         <load_address>0x10000</load_address>
         <run_address>0x10000</run_address>
         <size>0x42c</size>
         <input_file_ref idref="fl-40"/>
      </object_component>
      <object_component id="oc-343">
         <name>.text:UartProcessCmd</name>
         <load_address>0x1042c</load_address>
         <run_address>0x1042c</run_address>
         <size>0x3fa</size>
         <input_file_ref idref="fl-2"/>
      </object_component>
      <object_component id="oc-4c1">
         <name>.text:pansenti_sensor_fusion</name>
         <load_address>0x10826</load_address>
         <run_address>0x10826</run_address>
         <size>0x3ec</size>
         <input_file_ref idref="fl-32"/>
      </object_component>
      <object_component id="oc-410">
         <name>.text:ShimmerCalib_default</name>
         <load_address>0x10c12</load_address>
         <run_address>0x10c12</run_address>
         <size>0x3ca</size>
         <input_file_ref idref="fl-35"/>
      </object_component>
      <object_component id="oc-431">
         <name>.text:__divull</name>
         <load_address>0x10fdc</load_address>
         <run_address>0x10fdc</run_address>
         <size>0x39a</size>
         <input_file_ref idref="fl-88"/>
      </object_component>
      <object_component id="oc-55c">
         <name>.text:inv_gtc_compute_slope</name>
         <load_address>0x11376</load_address>
         <run_address>0x11376</run_address>
         <size>0x38e</size>
         <input_file_ref idref="fl-41"/>
      </object_component>
      <object_component id="oc-4c4">
         <name>.text:inv_get_sensor_type_euler</name>
         <load_address>0x11704</load_address>
         <run_address>0x11704</run_address>
         <size>0x388</size>
         <input_file_ref idref="fl-28"/>
      </object_component>
      <object_component id="oc-57a">
         <name>.text:accel_fusion</name>
         <load_address>0x11a8c</load_address>
         <run_address>0x11a8c</run_address>
         <size>0x372</size>
         <input_file_ref idref="fl-3e"/>
      </object_component>
      <object_component id="oc-575">
         <name>.text:inv_process_dmp_quaternion</name>
         <load_address>0x11dfe</load_address>
         <run_address>0x11dfe</run_address>
         <size>0x336</size>
         <input_file_ref idref="fl-3e"/>
      </object_component>
      <object_component id="oc-51f">
         <name>.text:MPUQuaternionQuaternionToEuler</name>
         <load_address>0x12134</load_address>
         <run_address>0x12134</run_address>
         <size>0x312</size>
         <input_file_ref idref="fl-1d"/>
      </object_component>
      <object_component id="oc-312">
         <name>.text:main</name>
         <load_address>0x12446</load_address>
         <run_address>0x12446</run_address>
         <size>0x2e0</size>
         <input_file_ref idref="fl-2"/>
      </object_component>
      <object_component id="oc-3c4">
         <name>.text:f_write</name>
         <load_address>0x12726</load_address>
         <run_address>0x12726</run_address>
         <size>0x2dc</size>
         <input_file_ref idref="fl-16"/>
      </object_component>
      <object_component id="oc-558">
         <name>.text:inv_fast_nomot_check_data</name>
         <load_address>0x12a02</load_address>
         <run_address>0x12a02</run_address>
         <size>0x2c6</size>
         <input_file_ref idref="fl-43"/>
      </object_component>
      <object_component id="oc-388">
         <name>.text:InfoMem_write</name>
         <load_address>0x12cc8</load_address>
         <run_address>0x12cc8</run_address>
         <size>0x2ba</size>
         <input_file_ref idref="fl-9"/>
      </object_component>
      <object_component id="oc-3c5">
         <name>.text:f_lseek</name>
         <load_address>0x12f82</load_address>
         <run_address>0x12f82</run_address>
         <size>0x2b0</size>
         <input_file_ref idref="fl-16"/>
      </object_component>
      <object_component id="oc-3b1">
         <name>.text:RcFindSmallest</name>
         <load_address>0x13232</load_address>
         <run_address>0x13232</run_address>
         <size>0x2ac</size>
         <input_file_ref idref="fl-2"/>
      </object_component>
      <object_component id="oc-3ed">
         <name>.text:MPU_getDmpData</name>
         <load_address>0x134de</load_address>
         <run_address>0x134de</run_address>
         <size>0x2a6</size>
         <input_file_ref idref="fl-32"/>
      </object_component>
      <object_component id="oc-346">
         <name>.text:ConfigureChannels</name>
         <load_address>0x13784</load_address>
         <run_address>0x13784</run_address>
         <size>0x290</size>
         <input_file_ref idref="fl-2"/>
      </object_component>
      <object_component id="oc-4a9">
         <name>.text:create_name</name>
         <load_address>0x13a14</load_address>
         <run_address>0x13a14</run_address>
         <size>0x286</size>
         <input_file_ref idref="fl-16"/>
      </object_component>
      <object_component id="oc-37e">
         <name>.text:UartCallback</name>
         <load_address>0x13c9a</load_address>
         <run_address>0x13c9a</run_address>
         <size>0x278</size>
         <input_file_ref idref="fl-2"/>
      </object_component>
      <object_component id="oc-35a">
         <name>.text:SetBasedir</name>
         <load_address>0x13f12</load_address>
         <run_address>0x13f12</run_address>
         <size>0x274</size>
         <input_file_ref idref="fl-2"/>
      </object_component>
      <object_component id="oc-590">
         <name>.text:inv_check_peaks</name>
         <load_address>0x14186</load_address>
         <run_address>0x14186</run_address>
         <size>0x274</size>
         <input_file_ref idref="fl-44"/>
      </object_component>
      <object_component id="oc-5b3">
         <name>.text:_Log</name>
         <load_address>0x143fa</load_address>
         <run_address>0x143fa</run_address>
         <size>0x26c</size>
         <input_file_ref idref="fl-cb"/>
      </object_component>
      <object_component id="oc-552">
         <name>.text:inv_generate_accel_gyro_quaternion</name>
         <load_address>0x14666</load_address>
         <run_address>0x14666</run_address>
         <size>0x26c</size>
         <input_file_ref idref="fl-3e"/>
      </object_component>
      <object_component id="oc-45c">
         <name>.text:dmp_read_fifo</name>
         <load_address>0x148d2</load_address>
         <run_address>0x148d2</run_address>
         <size>0x258</size>
         <input_file_ref idref="fl-20"/>
      </object_component>
      <object_component id="oc-57d">
         <name>.text:inv_filter_correction_angle</name>
         <load_address>0x14b2a</load_address>
         <run_address>0x14b2a</run_address>
         <size>0x258</size>
         <input_file_ref idref="fl-42"/>
      </object_component>
      <object_component id="oc-423">
         <name>.text:strtod</name>
         <load_address>0x14d82</load_address>
         <run_address>0x14d82</run_address>
         <size>0x258</size>
         <input_file_ref idref="fl-ba"/>
      </object_component>
      <object_component id="oc-457">
         <name>.text:gyro_read_fifo</name>
         <load_address>0x14fda</load_address>
         <run_address>0x14fda</run_address>
         <size>0x252</size>
         <input_file_ref idref="fl-1f"/>
      </object_component>
      <object_component id="oc-39d">
         <name>.text:SetDefaultConfiguration</name>
         <load_address>0x1522c</load_address>
         <run_address>0x1522c</run_address>
         <size>0x250</size>
         <input_file_ref idref="fl-2"/>
      </object_component>
      <object_component id="oc-573">
         <name>.text:inv_compute_quat_from_accel</name>
         <load_address>0x1547c</load_address>
         <run_address>0x1547c</run_address>
         <size>0x248</size>
         <input_file_ref idref="fl-3e"/>
      </object_component>
      <object_component id="oc-4cd">
         <name>.text:setupUART</name>
         <load_address>0x156c4</load_address>
         <run_address>0x156c4</run_address>
         <size>0x248</size>
         <input_file_ref idref="fl-12"/>
      </object_component>
      <object_component id="oc-42d">
         <name>.text:f_read</name>
         <load_address>0x1590c</load_address>
         <run_address>0x1590c</run_address>
         <size>0x23c</size>
         <input_file_ref idref="fl-16"/>
      </object_component>
      <object_component id="oc-3e9">
         <name>.text:SampleTimerStart</name>
         <load_address>0x15b48</load_address>
         <run_address>0x15b48</run_address>
         <size>0x22e</size>
         <input_file_ref idref="fl-2"/>
      </object_component>
      <object_component id="oc-3b5">
         <name>.text:f_open</name>
         <load_address>0x15d76</load_address>
         <run_address>0x15d76</run_address>
         <size>0x22c</size>
         <input_file_ref idref="fl-16"/>
      </object_component>
      <object_component id="oc-565">
         <name>.text:_FSin</name>
         <load_address>0x15fa2</load_address>
         <run_address>0x15fa2</run_address>
         <size>0x22a</size>
         <input_file_ref idref="fl-c9"/>
      </object_component>
      <object_component id="oc-56a">
         <name>.text:_Sin</name>
         <load_address>0x161cc</load_address>
         <run_address>0x161cc</run_address>
         <size>0x22a</size>
         <input_file_ref idref="fl-cc"/>
      </object_component>
      <object_component id="oc-3b4">
         <name>.text:f_mkdir</name>
         <load_address>0x163f6</load_address>
         <run_address>0x163f6</run_address>
         <size>0x228</size>
         <input_file_ref idref="fl-16"/>
      </object_component>
      <object_component id="oc-57f">
         <name>.text:inv_q_multf</name>
         <load_address>0x1661e</load_address>
         <run_address>0x1661e</run_address>
         <size>0x21c</size>
         <input_file_ref idref="fl-2c"/>
      </object_component>
      <object_component id="oc-4ca">
         <name>.text:dmp_set_gyro_bias</name>
         <load_address>0x1683a</load_address>
         <run_address>0x1683a</run_address>
         <size>0x216</size>
         <input_file_ref idref="fl-20"/>
      </object_component>
      <object_component id="oc-4d2">
         <name>.text:setup_compass</name>
         <load_address>0x16a50</load_address>
         <run_address>0x16a50</run_address>
         <size>0x204</size>
         <input_file_ref idref="fl-1f"/>
      </object_component>
      <object_component id="oc-3a0">
         <name>.text:Config2SdHead</name>
         <load_address>0x16c54</load_address>
         <run_address>0x16c54</run_address>
         <size>0x1fe</size>
         <input_file_ref idref="fl-2"/>
      </object_component>
      <object_component id="oc-583">
         <name>.text:inv_fast_nomot_parameter</name>
         <load_address>0x16e52</load_address>
         <run_address>0x16e52</run_address>
         <size>0x1fc</size>
         <input_file_ref idref="fl-43"/>
      </object_component>
      <object_component id="oc-574">
         <name>.text:inv_generate_gyro_quaternion</name>
         <load_address>0x1704e</load_address>
         <run_address>0x1704e</run_address>
         <size>0x1fc</size>
         <input_file_ref idref="fl-3e"/>
      </object_component>
      <object_component id="oc-529">
         <name>.text:inv_quaternion_to_rotation</name>
         <load_address>0x1724a</load_address>
         <run_address>0x1724a</run_address>
         <size>0x1fc</size>
         <input_file_ref idref="fl-2c"/>
      </object_component>
      <object_component id="oc-520">
         <name>.text:MPUQuaternionEulerToQuaternion</name>
         <load_address>0x17446</load_address>
         <run_address>0x17446</run_address>
         <size>0x1f8</size>
         <input_file_ref idref="fl-1d"/>
      </object_component>
      <object_component id="oc-35b">
         <name>.text:MakeBasedir</name>
         <load_address>0x1763e</load_address>
         <run_address>0x1763e</run_address>
         <size>0x1ea</size>
         <input_file_ref idref="fl-2"/>
      </object_component>
      <object_component id="oc-537">
         <name>.text:inv_run_motion_no_motion</name>
         <load_address>0x17828</load_address>
         <run_address>0x17828</run_address>
         <size>0x1ea</size>
         <input_file_ref idref="fl-3f"/>
      </object_component>
      <object_component id="oc-581">
         <name>.text:inv_q_normalizef</name>
         <load_address>0x17a12</load_address>
         <run_address>0x17a12</run_address>
         <size>0x1de</size>
         <input_file_ref idref="fl-2c"/>
      </object_component>
      <object_component id="oc-417">
         <name>.text:gyro_reset_fifo</name>
         <load_address>0x17bf0</load_address>
         <run_address>0x17bf0</run_address>
         <size>0x1d4</size>
         <input_file_ref idref="fl-1f"/>
      </object_component>
      <object_component id="oc-3ef">
         <name>.text:MPL_getValue</name>
         <load_address>0x17dc4</load_address>
         <run_address>0x17dc4</run_address>
         <size>0x1ce</size>
         <input_file_ref idref="fl-32"/>
      </object_component>
      <object_component id="oc-536">
         <name>.text:inv_generate_fast_nomot</name>
         <load_address>0x17f92</load_address>
         <run_address>0x17f92</run_address>
         <size>0x1ce</size>
         <input_file_ref idref="fl-43"/>
      </object_component>
      <object_component id="oc-387">
         <name>.text:strtoul</name>
         <load_address>0x18160</load_address>
         <run_address>0x18160</run_address>
         <size>0x1cc</size>
         <input_file_ref idref="fl-bb"/>
      </object_component>
      <object_component id="oc-341">
         <name>.text:MPL_calibrateGo</name>
         <load_address>0x1832c</load_address>
         <run_address>0x1832c</run_address>
         <size>0x1c8</size>
         <input_file_ref idref="fl-2"/>
      </object_component>
      <object_component id="oc-58c">
         <name>.text:inv_combine_compass_data</name>
         <load_address>0x184f4</load_address>
         <run_address>0x184f4</run_address>
         <size>0x1c6</size>
         <input_file_ref idref="fl-44"/>
      </object_component>
      <object_component id="oc-5ac">
         <name>.text:inv_compass_angle</name>
         <load_address>0x186ba</load_address>
         <run_address>0x186ba</run_address>
         <size>0x1c2</size>
         <input_file_ref idref="fl-2c"/>
      </object_component>
      <object_component id="oc-324">
         <name>.text:fmod</name>
         <load_address>0x1887c</load_address>
         <run_address>0x1887c</run_address>
         <size>0x1c0</size>
         <input_file_ref idref="fl-8c"/>
      </object_component>
      <object_component id="oc-5a4">
         <name>.text:fmodf</name>
         <load_address>0x18a3c</load_address>
         <run_address>0x18a3c</run_address>
         <size>0x1c0</size>
         <input_file_ref idref="fl-d5"/>
      </object_component>
      <object_component id="oc-46d">
         <name>.text:gyro_init</name>
         <load_address>0x18bfc</load_address>
         <run_address>0x18bfc</run_address>
         <size>0x1c0</size>
         <input_file_ref idref="fl-1f"/>
      </object_component>
      <object_component id="oc-58e">
         <name>.text:inv_check_sim</name>
         <load_address>0x18dbc</load_address>
         <run_address>0x18dbc</run_address>
         <size>0x1ba</size>
         <input_file_ref idref="fl-44"/>
      </object_component>
      <object_component id="oc-599">
         <name>.text:ComputeAngleVelocity</name>
         <load_address>0x18f76</load_address>
         <run_address>0x18f76</run_address>
         <size>0x1b4</size>
         <input_file_ref idref="fl-40"/>
      </object_component>
      <object_component id="oc-579">
         <name>.text:inv_normalize_quat</name>
         <load_address>0x1912a</load_address>
         <run_address>0x1912a</run_address>
         <size>0x1ac</size>
         <input_file_ref idref="fl-3e"/>
      </object_component>
      <object_component id="oc-43d">
         <name>.text:dir_register</name>
         <load_address>0x192d6</load_address>
         <run_address>0x192d6</run_address>
         <size>0x1a8</size>
         <input_file_ref idref="fl-16"/>
      </object_component>
      <object_component id="oc-377">
         <name>.text:Board_init</name>
         <load_address>0x1947e</load_address>
         <run_address>0x1947e</run_address>
         <size>0x1a6</size>
         <input_file_ref idref="fl-4"/>
      </object_component>
      <object_component id="oc-48f">
         <name>.text:dmp_enable_feature</name>
         <load_address>0x19624</load_address>
         <run_address>0x19624</run_address>
         <size>0x1a4</size>
         <input_file_ref idref="fl-20"/>
      </object_component>
      <object_component id="oc-572">
         <name>.text:inv_q_mult</name>
         <load_address>0x197c8</load_address>
         <run_address>0x197c8</run_address>
         <size>0x1a4</size>
         <input_file_ref idref="fl-2c"/>
      </object_component>
      <object_component id="oc-4f9">
         <name>.text:dmp_set_tap_thresh</name>
         <load_address>0x1996c</load_address>
         <run_address>0x1996c</run_address>
         <size>0x19e</size>
         <input_file_ref idref="fl-20"/>
      </object_component>
      <object_component id="oc-461">
         <name>.text:read_from_mpl</name>
         <load_address>0x19b0a</load_address>
         <run_address>0x19b0a</run_address>
         <size>0x19e</size>
         <input_file_ref idref="fl-32"/>
      </object_component>
      <object_component id="oc-488">
         <name>.text:dmp_set_orientation</name>
         <load_address>0x19ca8</load_address>
         <run_address>0x19ca8</run_address>
         <size>0x19a</size>
         <input_file_ref idref="fl-20"/>
      </object_component>
      <object_component id="oc-586">
         <name>.text:inv_ignore_compass_data</name>
         <load_address>0x19e42</load_address>
         <run_address>0x19e42</run_address>
         <size>0x192</size>
         <input_file_ref idref="fl-44"/>
      </object_component>
      <object_component id="oc-4ab">
         <name>.text:put_fat</name>
         <load_address>0x19fd4</load_address>
         <run_address>0x19fd4</run_address>
         <size>0x18c</size>
         <input_file_ref idref="fl-16"/>
      </object_component>
      <object_component id="oc-46c">
         <name>.text:MPU_initStructures</name>
         <load_address>0x1a160</load_address>
         <run_address>0x1a160</run_address>
         <size>0x188</size>
         <input_file_ref idref="fl-1f"/>
      </object_component>
      <object_component id="oc-34b">
         <name>.text:Write2SD</name>
         <load_address>0x1a2e8</load_address>
         <run_address>0x1a2e8</run_address>
         <size>0x182</size>
         <input_file_ref idref="fl-2"/>
      </object_component>
      <object_component id="oc-522">
         <name>.text:MPUQuaternionMultiply</name>
         <load_address>0x1a46a</load_address>
         <run_address>0x1a46a</run_address>
         <size>0x17e</size>
         <input_file_ref idref="fl-1d"/>
      </object_component>
      <object_component id="oc-3a1">
         <name>.text:ShimmerCalib_file2Ram</name>
         <load_address>0x1a5e8</load_address>
         <run_address>0x1a5e8</run_address>
         <size>0x17e</size>
         <input_file_ref idref="fl-35"/>
      </object_component>
      <object_component id="oc-44d">
         <name>.text:dir_next</name>
         <load_address>0x1a766</load_address>
         <run_address>0x1a766</run_address>
         <size>0x17e</size>
         <input_file_ref idref="fl-16"/>
      </object_component>
      <object_component id="oc-348">
         <name>.text:RcNodeR10</name>
         <load_address>0x1a8e4</load_address>
         <run_address>0x1a8e4</run_address>
         <size>0x17c</size>
         <input_file_ref idref="fl-2"/>
      </object_component>
      <object_component id="oc-342">
         <name>.text:SetupDock</name>
         <load_address>0x1aa60</load_address>
         <run_address>0x1aa60</run_address>
         <size>0x17a</size>
         <input_file_ref idref="fl-2"/>
      </object_component>
      <object_component id="oc-44c">
         <name>.text:get_fileinfo</name>
         <load_address>0x1abda</load_address>
         <run_address>0x1abda</run_address>
         <size>0x17a</size>
         <input_file_ref idref="fl-16"/>
      </object_component>
      <object_component id="oc-58f">
         <name>.text:inv_bias_stability</name>
         <load_address>0x1ad54</load_address>
         <run_address>0x1ad54</run_address>
         <size>0x176</size>
         <input_file_ref idref="fl-44"/>
      </object_component>
      <object_component id="oc-3f8">
         <name>.text:EXG_readData</name>
         <load_address>0x1aeca</load_address>
         <run_address>0x1aeca</run_address>
         <size>0x16c</size>
         <input_file_ref idref="fl-15"/>
      </object_component>
      <object_component id="oc-523">
         <name>.text:atan2</name>
         <load_address>0x1b036</load_address>
         <run_address>0x1b036</run_address>
         <size>0x168</size>
         <input_file_ref idref="fl-75"/>
      </object_component>
      <object_component id="oc-527">
         <name>.text:atan2f</name>
         <load_address>0x1b19e</load_address>
         <run_address>0x1b19e</run_address>
         <size>0x168</size>
         <input_file_ref idref="fl-76"/>
      </object_component>
      <object_component id="oc-3a2">
         <name>.text:ShimmerCalib_ram2File</name>
         <load_address>0x1b306</load_address>
         <run_address>0x1b306</run_address>
         <size>0x156</size>
         <input_file_ref idref="fl-35"/>
      </object_component>
      <object_component id="oc-411">
         <name>.text:ShimmerCalibFromInfo</name>
         <load_address>0x1b45c</load_address>
         <run_address>0x1b45c</run_address>
         <size>0x150</size>
         <input_file_ref idref="fl-2"/>
      </object_component>
      <object_component id="oc-4a7">
         <name>.text:disk_initialize</name>
         <load_address>0x1b5ac</load_address>
         <run_address>0x1b5ac</run_address>
         <size>0x14a</size>
         <input_file_ref idref="fl-17"/>
      </object_component>
      <object_component id="oc-37c">
         <name>.text:ClkAssignment</name>
         <load_address>0x1b6f6</load_address>
         <run_address>0x1b6f6</run_address>
         <size>0x146</size>
         <input_file_ref idref="fl-2"/>
      </object_component>
      <object_component id="oc-47a">
         <name>.text:gyro_set_sensors</name>
         <load_address>0x1b83c</load_address>
         <run_address>0x1b83c</run_address>
         <size>0x146</size>
         <input_file_ref idref="fl-1f"/>
      </object_component>
      <object_component id="oc-54e">
         <name>.text:_Atan</name>
         <load_address>0x1b982</load_address>
         <run_address>0x1b982</run_address>
         <size>0x142</size>
         <input_file_ref idref="fl-bd"/>
      </object_component>
      <object_component id="oc-54f">
         <name>.text:_FAtan</name>
         <load_address>0x1bac4</load_address>
         <run_address>0x1bac4</run_address>
         <size>0x142</size>
         <input_file_ref idref="fl-c3"/>
      </object_component>
      <object_component id="oc-449">
         <name>.text:get_fat</name>
         <load_address>0x1bc06</load_address>
         <run_address>0x1bc06</run_address>
         <size>0x142</size>
         <input_file_ref idref="fl-16"/>
      </object_component>
      <object_component id="oc-498">
         <name>.text:gyro_self_test</name>
         <load_address>0x1bd48</load_address>
         <run_address>0x1bd48</run_address>
         <size>0x142</size>
         <input_file_ref idref="fl-1f"/>
      </object_component>
      <object_component id="oc-509">
         <name>.text:__divlli</name>
         <load_address>0x1be8a</load_address>
         <run_address>0x1be8a</run_address>
         <size>0x140</size>
         <input_file_ref idref="fl-87"/>
      </object_component>
      <object_component id="oc-4cf">
         <name>.text:gyro_set_bypass</name>
         <load_address>0x1bfca</load_address>
         <run_address>0x1bfca</run_address>
         <size>0x13c</size>
         <input_file_ref idref="fl-1f"/>
      </object_component>
      <object_component id="oc-382">
         <name>.text:Dma2ConversionDone</name>
         <load_address>0x1c106</load_address>
         <run_address>0x1c106</run_address>
         <size>0x136</size>
         <input_file_ref idref="fl-2"/>
      </object_component>
      <object_component id="oc-418">
         <name>.text:gyro_run_self_test</name>
         <load_address>0x1c23c</load_address>
         <run_address>0x1c23c</run_address>
         <size>0x134</size>
         <input_file_ref idref="fl-1f"/>
      </object_component>
      <object_component id="oc-4b1">
         <name>.text:_setfield</name>
         <load_address>0x1c370</load_address>
         <run_address>0x1c370</run_address>
         <size>0x132</size>
         <input_file_ref idref="fl-cf"/>
      </object_component>
      <object_component id="oc-499">
         <name>.text:compass_self_test</name>
[...]
         <object_component_ref idref="oc-156"/>
      </symbol>
      <symbol id="sm-1de6">
         <name>__divlli</name>
         <value>0x1be8a</value>
         <object_component_ref idref="oc-509"/>
      </symbol>
      <symbol id="sm-1e18">
         <name>__divull</name>
         <value>0x10fdc</value>
         <object_component_ref idref="oc-431"/>
      </symbol>
      <symbol id="sm-1e26">
         <name>C$$EXIT</name>
         <value>0x26236</value>
         <object_component_ref idref="oc-313"/>
      </symbol>
      <symbol id="sm-1e27">
         <name>abort</name>
         <value>0x26236</value>
         <object_component_ref idref="oc-313"/>
      </symbol>
      <symbol id="sm-1e3f">
         <name>floor</name>
         <value>0x1ef7c</value>
         <object_component_ref idref="oc-428"/>
      </symbol>
      <symbol id="sm-1e6b">
         <name>fmod</name>
         <value>0x1887c</value>
         <object_component_ref idref="oc-324"/>
      </symbol>
      <symbol id="sm-1e94">
         <name>__fs_add</name>
         <value>0x1c70a</value>
         <object_component_ref idref="oc-176"/>
      </symbol>
      <symbol id="sm-1e95">
         <name>__fs_sub</name>
         <value>0x1c704</value>
         <object_component_ref idref="oc-176"/>
      </symbol>
      <symbol id="sm-1eae">
         <name>__fs_cmp</name>
         <value>0x23750</value>
         <object_component_ref idref="oc-17b"/>
      </symbol>
      <symbol id="sm-1ed2">
         <name>__fs_div</name>
         <value>0x20d22</value>
         <object_component_ref idref="oc-180"/>
      </symbol>
      <symbol id="sm-1ee9">
         <name>__fs_itof</name>
         <value>0x24830</value>
         <object_component_ref idref="oc-185"/>
      </symbol>
      <symbol id="sm-1f03">
         <name>__fs_ltof</name>
         <value>0x2379a</value>
         <object_component_ref idref="oc-18a"/>
      </symbol>
      <symbol id="sm-1f2d">
         <name>__fs_mpy</name>
         <value>0x1f6ec</value>
         <object_component_ref idref="oc-18f"/>
      </symbol>
      <symbol id="sm-1f3b">
         <name>__fs_neg</name>
         <value>0x26076</value>
         <object_component_ref idref="oc-194"/>
      </symbol>
      <symbol id="sm-1f57">
         <name>__fs_toi</name>
         <value>0x220c6</value>
         <object_component_ref idref="oc-199"/>
      </symbol>
      <symbol id="sm-1f75">
         <name>__fs_tol</name>
         <value>0x2160e</value>
         <object_component_ref idref="oc-19e"/>
      </symbol>
      <symbol id="sm-1f8e">
         <name>__fs_tou</name>
         <value>0x23a1e</value>
         <object_component_ref idref="oc-1a3"/>
      </symbol>
      <symbol id="sm-1fa7">
         <name>__fs_toul</name>
         <value>0x23626</value>
         <object_component_ref idref="oc-1a8"/>
      </symbol>
      <symbol id="sm-1fbc">
         <name>__fs_ultof</name>
         <value>0x24b9a</value>
         <object_component_ref idref="oc-1ad"/>
      </symbol>
      <symbol id="sm-1fd0">
         <name>__fs_utof</name>
         <value>0x2561e</value>
         <object_component_ref idref="oc-1b2"/>
      </symbol>
      <symbol id="sm-1fdd">
         <name>labs</name>
         <value>0x25f80</value>
         <object_component_ref idref="oc-50b"/>
      </symbol>
      <symbol id="sm-1fea">
         <name>llabs</name>
         <value>0x25b9c</value>
         <object_component_ref idref="oc-53e"/>
      </symbol>
      <symbol id="sm-1ff6">
         <name>log</name>
         <value>0x261f2</value>
         <object_component_ref idref="oc-5b2"/>
      </symbol>
      <symbol id="sm-2003">
         <name>I_LSL</name>
         <value>0x26080</value>
         <object_component_ref idref="oc-1c6"/>
      </symbol>
      <symbol id="sm-2013">
         <name>L_LSL_3</name>
         <value>0x241a0</value>
         <object_component_ref idref="oc-425"/>
      </symbol>
      <symbol id="sm-2014">
         <name>L_LSL_2</name>
         <value>0x241a4</value>
         <object_component_ref idref="oc-425"/>
      </symbol>
      <symbol id="sm-2015">
         <name>L_LSL_1</name>
         <value>0x241a8</value>
         <object_component_ref idref="oc-425"/>
      </symbol>
      <symbol id="sm-2016">
         <name>L_LSL_7</name>
         <value>0x24190</value>
         <object_component_ref idref="oc-425"/>
      </symbol>
      <symbol id="sm-2017">
         <name>L_LSL_6</name>
         <value>0x24194</value>
         <object_component_ref idref="oc-425"/>
      </symbol>
      <symbol id="sm-2018">
         <name>L_LSL_5</name>
         <value>0x24198</value>
         <object_component_ref idref="oc-425"/>
      </symbol>
      <symbol id="sm-2019">
         <name>L_LSL_4</name>
         <value>0x2419c</value>
         <object_component_ref idref="oc-425"/>
      </symbol>
      <symbol id="sm-201a">
         <name>L_LSL_9</name>
         <value>0x24188</value>
         <object_component_ref idref="oc-425"/>
      </symbol>
      <symbol id="sm-201b">
         <name>L_LSL_8</name>
         <value>0x2418c</value>
         <object_component_ref idref="oc-425"/>
      </symbol>
      <symbol id="sm-201c">
         <name>L_LSL</name>
         <value>0x25e9a</value>
         <object_component_ref idref="oc-374"/>
      </symbol>
      <symbol id="sm-201d">
         <name>L_LSL_12</name>
         <value>0x2417c</value>
         <object_component_ref idref="oc-425"/>
      </symbol>
      <symbol id="sm-201e">
         <name>L_LSL_13</name>
         <value>0x24178</value>
         <object_component_ref idref="oc-425"/>
      </symbol>
      <symbol id="sm-201f">
         <name>L_LSL_10</name>
         <value>0x24184</value>
         <object_component_ref idref="oc-425"/>
      </symbol>
      <symbol id="sm-2020">
         <name>L_LSL_11</name>
         <value>0x24180</value>
         <object_component_ref idref="oc-425"/>
      </symbol>
      <symbol id="sm-2021">
         <name>L_LSL_14</name>
         <value>0x24174</value>
         <object_component_ref idref="oc-425"/>
      </symbol>
      <symbol id="sm-2022">
         <name>L_LSL_15</name>
         <value>0x24170</value>
         <object_component_ref idref="oc-425"/>
      </symbol>
      <symbol id="sm-2032">
         <name>__lslll</name>
         <value>0x244ae</value>
         <object_component_ref idref="oc-42a"/>
      </symbol>
      <symbol id="sm-2042">
         <name>L_LSR_12</name>
         <value>0x241ba</value>
         <object_component_ref idref="oc-446"/>
      </symbol>
      <symbol id="sm-2043">
         <name>L_LSR_13</name>
         <value>0x241b6</value>
         <object_component_ref idref="oc-446"/>
      </symbol>
      <symbol id="sm-2044">
         <name>L_LSR_10</name>
         <value>0x241c2</value>
         <object_component_ref idref="oc-446"/>
      </symbol>
      <symbol id="sm-2045">
         <name>L_LSR_11</name>
         <value>0x241be</value>
         <object_component_ref idref="oc-446"/>
      </symbol>
      <symbol id="sm-2046">
         <name>L_LSR_14</name>
         <value>0x241b2</value>
         <object_component_ref idref="oc-446"/>
      </symbol>
      <symbol id="sm-2047">
         <name>L_LSR_15</name>
         <value>0x241ae</value>
         <object_component_ref idref="oc-446"/>
      </symbol>
      <symbol id="sm-2048">
         <name>L_LSR</name>
         <value>0x25eaa</value>
         <object_component_ref idref="oc-4a5"/>
      </symbol>
      <symbol id="sm-2049">
         <name>L_LSR_3</name>
         <value>0x241de</value>
         <object_component_ref idref="oc-446"/>
      </symbol>
      <symbol id="sm-204a">
         <name>L_LSR_2</name>
         <value>0x241e2</value>
         <object_component_ref idref="oc-446"/>
      </symbol>
      <symbol id="sm-204b">
         <name>L_LSR_1</name>
         <value>0x241e6</value>
         <object_component_ref idref="oc-446"/>
      </symbol>
      <symbol id="sm-204c">
         <name>L_LSR_7</name>
         <value>0x241ce</value>
         <object_component_ref idref="oc-446"/>
      </symbol>
      <symbol id="sm-204d">
         <name>L_LSR_6</name>
         <value>0x241d2</value>
         <object_component_ref idref="oc-446"/>
      </symbol>
      <symbol id="sm-204e">
         <name>L_LSR_5</name>
         <value>0x241d6</value>
         <object_component_ref idref="oc-446"/>
      </symbol>
      <symbol id="sm-204f">
         <name>L_LSR_4</name>
         <value>0x241da</value>
         <object_component_ref idref="oc-446"/>
      </symbol>
      <symbol id="sm-2050">
         <name>L_LSR_9</name>
         <value>0x241c6</value>
         <object_component_ref idref="oc-446"/>
      </symbol>
      <symbol id="sm-2051">
         <name>L_LSR_8</name>
         <value>0x241ca</value>
         <object_component_ref idref="oc-446"/>
      </symbol>
      <symbol id="sm-2061">
         <name>__lsrll</name>
         <value>0x244e8</value>
         <object_component_ref idref="oc-421"/>
      </symbol>
      <symbol id="sm-206f">
         <name>memcpy</name>
         <value>0x25cd2</value>
         <object_component_ref idref="oc-2fe"/>
      </symbol>
      <symbol id="sm-207e">
         <name>memmove</name>
         <value>0x24d42</value>
         <object_component_ref idref="oc-59c"/>
      </symbol>
      <symbol id="sm-208c">
         <name>memset</name>
         <value>0x25bb2</value>
         <object_component_ref idref="oc-454"/>
      </symbol>
      <symbol id="sm-20bf">
         <name>__mpyi_f5hw</name>
         <value>0x25bde</value>
         <object_component_ref idref="oc-326"/>
      </symbol>
      <symbol id="sm-20eb">
         <name>__mpysll_f5hw</name>
         <value>0x250a6</value>
         <object_component_ref idref="oc-585"/>
      </symbol>
      <symbol id="sm-2101">
         <name>__mpyl_f5hw</name>
         <value>0x256ca</value>
         <object_component_ref idref="oc-40c"/>
      </symbol>
      <symbol id="sm-2122">
         <name>__mpyll_f5hw</name>
         <value>0x229ca</value>
         <object_component_ref idref="oc-42f"/>
      </symbol>
      <symbol id="sm-213d">
         <name>_system_pre_init</name>
         <value>0x26232</value>
         <object_component_ref idref="oc-30d"/>
      </symbol>
      <symbol id="sm-2149">
         <name>__remull</name>
         <value>0x22ef4</value>
         <object_component_ref idref="oc-430"/>
      </symbol>
      <symbol id="sm-2159">
         <name>round</name>
         <value>0x21962</value>
         <object_component_ref idref="oc-429"/>
      </symbol>
      <symbol id="sm-2165">
         <name>sin</name>
         <value>0x26204</value>
         <object_component_ref idref="oc-54b"/>
      </symbol>
      <symbol id="sm-2171">
         <name>sinf</name>
         <value>0x2620a</value>
         <object_component_ref idref="oc-53d"/>
      </symbol>
      <symbol id="sm-218c">
         <name>sprintf</name>
         <value>0x23b74</value>
         <object_component_ref idref="oc-3b7"/>
      </symbol>
      <symbol id="sm-219e">
         <name>sqrt</name>
         <value>0x1cb98</value>
         <object_component_ref idref="oc-548"/>
      </symbol>
      <symbol id="sm-21b0">
         <name>sqrtf</name>
         <value>0x1ccb6</value>
         <object_component_ref idref="oc-528"/>
      </symbol>
      <symbol id="sm-21c3">
         <name>strstr</name>
         <value>0x242dc</value>
         <object_component_ref idref="oc-41f"/>
      </symbol>
      <symbol id="sm-21f7">
         <name>strtold</name>
         <value>0x14d82</value>
         <object_component_ref idref="oc-423"/>
      </symbol>
      <symbol id="sm-21f8">
         <name>strtod</name>
         <value>0x14d82</value>
         <object_component_ref idref="oc-423"/>
      </symbol>
      <symbol id="sm-21f9">
         <name>strtof</name>
         <value>0x14d82</value>
         <object_component_ref idref="oc-423"/>
      </symbol>
      <symbol id="sm-221e">
         <name>strtoul</name>
         <value>0x18160</value>
         <object_component_ref idref="oc-387"/>
      </symbol>
      <symbol id="sm-2245">
         <name>_Atan</name>
         <value>0x1b982</value>
         <object_component_ref idref="oc-54e"/>
      </symbol>
      <symbol id="sm-2251">
         <name>_Dint</name>
         <value>0x26222</value>
         <object_component_ref idref="oc-4a2"/>
      </symbol>
      <symbol id="sm-225d">
         <name>_Dnorm</name>
         <value>0x26226</value>
         <object_component_ref idref="oc-36a"/>
      </symbol>
      <symbol id="sm-2269">
         <name>_Dscale</name>
         <value>0x2622a</value>
         <object_component_ref idref="oc-36b"/>
      </symbol>
      <symbol id="sm-2275">
         <name>_Dunscale</name>
         <value>0x2622e</value>
         <object_component_ref idref="oc-569"/>
      </symbol>
      <symbol id="sm-22a2">
         <name>_FAtan</name>
         <value>0x1bac4</value>
         <object_component_ref idref="oc-54f"/>
      </symbol>
      <symbol id="sm-22bc">
         <name>_FDint</name>
         <value>0x20b6e</value>
         <object_component_ref idref="oc-50d"/>
      </symbol>
      <symbol id="sm-22ce">
         <name>_FDnorm</name>
         <value>0x20f54</value>
         <object_component_ref idref="oc-3fd"/>
      </symbol>
      <symbol id="sm-22eb">
         <name>_FDscale</name>
         <value>0x1cdd4</value>
         <object_component_ref idref="oc-3fe"/>
      </symbol>
      <symbol id="sm-22fd">
         <name>_FDunscale</name>
         <value>0x22260</value>
         <object_component_ref idref="oc-550"/>
      </symbol>
      <symbol id="sm-230c">
         <name>_Feraise</name>
         <value>0x2478e</value>
         <object_component_ref idref="oc-36c"/>
      </symbol>
      <symbol id="sm-2333">
         <name>_FSin</name>
         <value>0x15fa2</value>
         <object_component_ref idref="oc-565"/>
      </symbol>
      <symbol id="sm-2343">
         <name>_FZero</name>
         <value>0x491c</value>
         <object_component_ref idref="oc-2a1"/>
      </symbol>
      <symbol id="sm-2344">
         <name>_FRteps</name>
         <value>0x4908</value>
         <object_component_ref idref="oc-2a1"/>
      </symbol>
      <symbol id="sm-2345">
         <name>_FSnan</name>
         <value>0x48f8</value>
         <object_component_ref idref="oc-2a1"/>
      </symbol>
      <symbol id="sm-2346">
         <name>_FNan</name>
         <value>0x48e8</value>
         <object_component_ref idref="oc-2a1"/>
      </symbol>
      <symbol id="sm-2347">
         <name>_FInf</name>
         <value>0x48d8</value>
         <object_component_ref idref="oc-2a1"/>
      </symbol>
      <symbol id="sm-2348">
         <name>_FEps</name>
         <value>0x48c8</value>
         <object_component_ref idref="oc-2a1"/>
      </symbol>
      <symbol id="sm-2349">
         <name>_FXbig</name>
         <value>0x4918</value>
         <object_component_ref idref="oc-2a1"/>
      </symbol>
      <symbol id="sm-234a">
         <name>_FDenorm</name>
         <value>0x48b8</value>
         <object_component_ref idref="oc-2a1"/>
      </symbol>
      <symbol id="sm-2373">
         <name>_Log</name>
         <value>0x143fa</value>
         <object_component_ref idref="oc-5b3"/>
      </symbol>
      <symbol id="sm-239a">
         <name>_Sin</name>
         <value>0x161cc</value>
         <object_component_ref idref="oc-56a"/>
      </symbol>
      <symbol id="sm-23ab">
         <name>_Rteps</name>
         <value>0x47c6</value>
         <object_component_ref idref="oc-2b1"/>
      </symbol>
      <symbol id="sm-23ac">
         <name>_Zero</name>
         <value>0x47da</value>
         <object_component_ref idref="oc-2b1"/>
      </symbol>
      <symbol id="sm-23ad">
         <name>_Hugeval</name>
         <value>0x4786</value>
         <object_component_ref idref="oc-2b1"/>
      </symbol>
      <symbol id="sm-23ae">
         <name>_Snan</name>
         <value>0x47b6</value>
         <object_component_ref idref="oc-2b1"/>
      </symbol>
      <symbol id="sm-23af">
         <name>_Nan</name>
         <value>0x47a6</value>
         <object_component_ref idref="oc-2b1"/>
      </symbol>
      <symbol id="sm-23b0">
         <name>_Inf</name>
         <value>0x4796</value>
         <object_component_ref idref="oc-2b1"/>
      </symbol>
      <symbol id="sm-23b1">
         <name>_Xbig</name>
         <value>0x47d6</value>
         <object_component_ref idref="oc-2b1"/>
      </symbol>
      <symbol id="sm-23b2">
         <name>_Eps</name>
         <value>0x4776</value>
         <object_component_ref idref="oc-2b1"/>
      </symbol>
      <symbol id="sm-23b3">
         <name>_Denorm</name>
         <value>0x4766</value>
         <object_component_ref idref="oc-2b1"/>
      </symbol>
      <symbol id="sm-23c7">
         <name>_nop</name>
         <value>0x2623e</value>
         <object_component_ref idref="oc-376"/>
      </symbol>
      <symbol id="sm-23c8">
         <name>_lock</name>
         <value>0x4a58</value>
         <object_component_ref idref="oc-335"/>
      </symbol>
      <symbol id="sm-23c9">
         <name>_unlock</name>
         <value>0x4a5c</value>
         <object_component_ref idref="oc-33b"/>
      </symbol>
      <symbol id="sm-240a">
         <name>__TI_printfi_minimal</name>
         <value>0x1eab0</value>
         <object_component_ref idref="oc-442"/>
      </symbol>
      <symbol id="sm-2417">
         <name>abs</name>
         <value>0x2603a</value>
         <object_component_ref idref="oc-49f"/>
      </symbol>
      <symbol id="sm-2434">
         <name>_auto_init_hold_wdt</name>
         <value>0x2168c</value>
         <object_component_ref idref="oc-30e"/>
      </symbol>
      <symbol id="sm-243e">
         <name>_Errno</name>
         <value>0x4a72</value>
         <object_component_ref idref="oc-2cf"/>
      </symbol>
      <symbol id="sm-2451">
         <name>feraiseexcept</name>
         <value>0x2499e</value>
         <object_component_ref idref="oc-3ff"/>
      </symbol>
      <symbol id="sm-2452">
         <name>_Tls_setup__Fenv</name>
         <value>0x4a54</value>
         <object_component_ref idref="oc-2d3"/>
      </symbol>
      <symbol id="sm-2453">
         <name>_Fenv</name>
         <value>0x4a50</value>
         <object_component_ref idref="oc-2d3"/>
      </symbol>
      <symbol id="sm-247f">
         <name>fmodf</name>
         <value>0x18a3c</value>
         <object_component_ref idref="oc-5a4"/>
      </symbol>
      <symbol id="sm-248c">
         <name>I_LSR</name>
         <value>0x2608a</value>
         <object_component_ref idref="oc-2df"/>
      </symbol>
      <symbol id="sm-249b">
         <name>memccpy</name>
         <value>0x2593c</value>
         <object_component_ref idref="oc-519"/>
      </symbol>
      <symbol id="sm-24b3">
         <name>raise</name>
         <value>0x24b68</value>
         <object_component_ref idref="oc-464"/>
      </symbol>
      <symbol id="sm-24c8">
         <name>signal</name>
         <value>0x2471e</value>
         <object_component_ref idref="oc-4cb"/>
      </symbol>
      <symbol id="sm-24d5">
         <name>strlen</name>
         <value>0x25fb8</value>
         <object_component_ref idref="oc-4b0"/>
      </symbol>
   </symbol_table>
   <title>Link successful</title>
</link_info>
