******************************************************************************
                  MSP430 Linker PC v4.4.8                      
******************************************************************************
>> Linked Thu Aug 17 16:16:32 2017

OUTPUT FILE NAME:   <SDLog.out>
ENTRY POINT SYMBOL: "_c_int00_noargs_noexit"  address: 0000693c


MEMORY CONFIGURATION

         name            origin    length      used     unused   attr    fill
----------------------  --------  ---------  --------  --------  ----  --------
  SFR                   00000000   00000010  00000000  00000010  RWIX
  PERIPHERALS_8BIT      00000010   000000f0  00000000  000000f0  RWIX
  PERIPHERALS_16BIT     00000100   00000100  00000000  00000100  RWIX
  INFOD                 00001800   00000080  00000000  00000080  RWIX
  INFOC                 00001880   00000080  00000000  00000080  RWIX
  INFOB                 00001900   00000080  00000000  00000080  RWIX
  INFOA                 00001980   00000080  00000000  00000080  RWIX
  RAM                   00001c00   00004000  00003074  00000f8c  RWIX
  FLASH                 00005c00   0000a380  0000a380  00000000  RWIX
  INT00                 0000ff80   00000002  00000000  00000002  RWIX
  INT01                 0000ff82   00000002  00000000  00000002  RWIX
  INT02                 0000ff84   00000002  00000000  00000002  RWIX
  INT03                 0000ff86   00000002  00000000  00000002  RWIX
  INT04                 0000ff88   00000002  00000000  00000002  RWIX
  INT05                 0000ff8a   00000002  00000000  00000002  RWIX
  INT06                 0000ff8c   00000002  00000000  00000002  RWIX
  INT07                 0000ff8e   00000002  00000000  00000002  RWIX
  INT08                 0000ff90   00000002  00000000  00000002  RWIX
  INT09                 0000ff92   00000002  00000000  00000002  RWIX
  INT10                 0000ff94   00000002  00000000  00000002  RWIX
  INT11                 0000ff96   00000002  00000000  00000002  RWIX
  INT12                 0000ff98   00000002  00000000  00000002  RWIX
  INT13                 0000ff9a   00000002  00000000  00000002  RWIX
  INT14                 0000ff9c   00000002  00000000  00000002  RWIX
  INT15                 0000ff9e   00000002  00000000  00000002  RWIX
  INT16                 0000ffa0   00000002  00000000  00000002  RWIX
  INT17                 0000ffa2   00000002  00000000  00000002  RWIX
  INT18                 0000ffa4   00000002  00000000  00000002  RWIX
  INT19                 0000ffa6   00000002  00000000  00000002  RWIX
  INT20                 0000ffa8   00000002  00000000  00000002  RWIX
  INT21                 0000ffaa   00000002  00000000  00000002  RWIX
  INT22                 0000ffac   00000002  00000000  00000002  RWIX
  INT23                 0000ffae   00000002  00000000  00000002  RWIX
  INT24                 0000ffb0   00000002  00000000  00000002  RWIX
  INT25                 0000ffb2   00000002  00000000  00000002  RWIX
  INT26                 0000ffb4   00000002  00000000  00000002  RWIX
  INT27                 0000ffb6   00000002  00000000  00000002  RWIX
  INT28                 0000ffb8   00000002  00000000  00000002  RWIX
  INT29                 0000ffba   00000002  00000000  00000002  RWIX
  INT30                 0000ffbc   00000002  00000000  00000002  RWIX
  INT31                 0000ffbe   00000002  00000000  00000002  RWIX
  INT32                 0000ffc0   00000002  00000000  00000002  RWIX
  INT33                 0000ffc2   00000002  00000000  00000002  RWIX
  INT34                 0000ffc4   00000002  00000000  00000002  RWIX
  INT35                 0000ffc6   00000002  00000000  00000002  RWIX
  INT36                 0000ffc8   00000002  00000000  00000002  RWIX
  INT37                 0000ffca   00000002  00000000  00000002  RWIX
  INT38                 0000ffcc   00000002  00000000  00000002  RWIX
  INT39                 0000ffce   00000002  00000000  00000002  RWIX
  INT40                 0000ffd0   00000002  00000000  00000002  RWIX
  INT41                 0000ffd2   00000002  00000002  00000000  RWIX
  INT42                 0000ffd4   00000002  00000002  00000000  RWIX
  INT43                 0000ffd6   00000002  00000000  00000002  RWIX
  INT44                 0000ffd8   00000002  00000000  00000002  RWIX
  INT45                 0000ffda   00000002  00000002  00000000  RWIX
  INT46                 0000ffdc   00000002  00000002  00000000  RWIX
  INT47                 0000ffde   00000002  00000002  00000000  RWIX
  INT48                 0000ffe0   00000002  00000002  00000000  RWIX
  INT49                 0000ffe2   00000002  00000002  00000000  RWIX
  INT50                 0000ffe4   00000002  00000002  00000000  RWIX
  INT51                 0000ffe6   00000002  00000000  00000002  RWIX
  INT52                 0000ffe8   00000002  00000000  00000002  RWIX
  INT53                 0000ffea   00000002  00000002  00000000  RWIX
  INT54                 0000ffec   00000002  00000002  00000000  RWIX
  INT55                 0000ffee   00000002  00000002  00000000  RWIX
  INT56                 0000fff0   00000002  00000002  00000000  RWIX
  INT57                 0000fff2   00000002  00000002  00000000  RWIX
  INT58                 0000fff4   00000002  00000002  00000000  RWIX
  INT59                 0000fff6   00000002  00000002  00000000  RWIX
  INT60                 0000fff8   00000002  00000002  00000000  RWIX
  INT61                 0000fffa   00000002  00000002  00000000  RWIX
  INT62                 0000fffc   00000002  00000002  00000000  RWIX
  RESET                 0000fffe   00000002  00000002  00000000  RWIX
  FLASH2                00010000   00035c00  0001895f  0001d2a1  RWIX


SECTION ALLOCATION MAP

 output                                  attributes/
section   page    origin      length       input sections
--------  ----  ----------  ----------   ----------------
.bss       0    00001c00    00002e74     UNINITIALIZED
                  00001c00    000011c4     main.obj (.bss)
                  00002dc4    0000080c     shimmer_calibration.obj (.bss)
                  000035d0    0000021c     libmplmpu.lib : compass_vec_cal.obj (.bss)
                  000037ec    00000206     ff.obj (.bss)
                  000039f2    000001ba     data_builder.obj (.bss)
                  00003bac    000001ba     libmplmpu.lib : gyro_tc.obj (.bss)
                  00003d66    00000188     mllite.obj (.bss)
                  00003eee    0000016c     storage_manager.obj (.bss)
                  0000405a    0000015d     RN42.obj (.bss)
                  000041b7    00000001     --HOLE--
                  000041b8    00000130     libmplmpu.lib : fast_no_motion.obj (.bss)
                  000042e8    000000d8                   : fusion_9axis.obj (.bss)
                  000043c0    000000cc     hal_outputs.obj (.bss)
                  0000448c    000000b0     rts430x_lc_rd.lib : signal.obj (.bss)
                  0000453c    0000009c     libmplmpu.lib : mag_disturb.obj (.bss)
                  000045d8    00000092     hal_UartA0.obj (.bss)
                  0000466a    00000084     inv_gyro.obj (.bss)
                  000046ee    00000078     results_holder.obj (.bss)
                  00004766    00000078     rts430x_lc_rd.lib : xvalues.obj (.bss)
                  000047de    00000072     libmplmpu.lib : quaternion_supervisor.obj (.bss)
                  00004850    00000068     msp430_clock.obj (.bss)
                  000048b8    00000068     rts430x_lc_rd.lib : xfvalues.obj (.bss)
                  00004920    00000052     start_manager.obj (.bss)
                  00004972    00000031     ads1292.obj (.bss)
                  000049a3    00000001     --HOLE--
                  000049a4    0000001e     eMPL_outputs.obj (.bss)
                  000049c2    00000016     libmplmpu.lib : motion_no_motion.obj (.bss)
                  000049d8    00000014     inv_gyro_dmp_android.obj (.bss)
                  000049ec    00000012     hal_UCA0.obj (.bss)
                  000049fe    00000011     hal_I2C.obj (.bss)
                  00004a0f    00000001     --HOLE--
                  00004a10    0000000e     gsr.obj (.bss)
                  00004a1e    0000000c     hal_DMA.obj (.bss)
                  00004a2a    0000000c     msp430_interrupt.obj (.bss)
                  00004a36    0000000a     exg.obj (.bss)
                  00004a40    00000008     lsm303ahtr.obj (.bss)
                  00004a48    00000008     lsm303dlhc.obj (.bss)
                  00004a50    00000008     rts430x_lc_rd.lib : feraiseexcept.obj (.bss)
                  00004a58    00000004                       : _lock.obj (.bss:_lock)
                  00004a5c    00000004                       : _lock.obj (.bss:_unlock)
                  00004a60    00000004     hal_ADC.obj (.bss)
                  00004a64    00000004     hal_RTC.obj (.bss)
                  00004a68    00000004     message_layer.obj (.bss)
                  00004a6c    00000003     mmc.obj (.bss)
                  00004a6f    00000002     bmpX80.obj (.bss)
                  00004a71    00000001     --HOLE--
                  00004a72    00000002     rts430x_lc_rd.lib : errno.obj (.bss)

.data      0    00001c00    00000000     UNINITIALIZED

.stack     0    00005a00    00000200     UNINITIALIZED
                  00005a00    00000004     rts430x_lc_rd.lib : boot.obj (.stack)
                  00005a04    000001fc     --HOLE--

.text:_isr 
*          0    00005c00    00000d7e     
                  00005c00    00000422     main.obj (.text:_isr:TIMER0_A1_ISR)
                  00006022    000002aa     main.obj (.text:_isr:TIMER0_B1_ISR)
                  000062cc    0000020a     main.obj (.text:_isr:Port1_ISR)
                  000064d6    00000146     msp430_clock.obj (.text:_isr:TIMER1_A0_ISR)
                  0000661c    00000130     hal_I2C.obj (.text:_isr:USCI_I2C_ISR)
                  0000674c    00000086     main.obj (.text:_isr:TIMER0_B0_ISR)
                  000067d2    00000066     main.obj (.text:_isr:Port2_ISR)
                  00006838    00000060     hal_UCA0.obj (.text:_isr:USCI_A0_ISR)
                  00006898    00000058     hal_ADC.obj (.text:_isr:ADC12_ISR)
                  000068f0    0000004c     hal_DMA.obj (.text:_isr:DMA_ISR)
                  0000693c    0000001a     rts430x_lc_rd.lib : boot_special.obj (.text:_isr:_c_int00_noargs_noexit)
                  00006956    00000016     RN42.obj (.text:_isr:USCI_A1_ISR)
                  0000696c    00000010     hal_RTC.obj (.text:_isr:RTC_ISR)
                  0000697c    00000002     main.obj (.text:_isr:TrapIsr)

.const     0    00026240    00002481     
                  00026240    00000da1     main.obj (.const:.string)
                  00026fe1    00000001     --HOLE-- [fill = 0]
                  00026fe2    00000bf9     inv_gyro_dmp_android.obj (.const:.string:dmp_memory)
                  00027bdb    00000001     --HOLE-- [fill = 0]
                  00027bdc    000001e0     ccsbcs.obj (.const:tbl_lower$1)
                  00027dbc    000001e0     ccsbcs.obj (.const:tbl_upper$2)
                  00027f9c    00000165     mllite.obj (.const:.string)
                  00028101    00000001     --HOLE-- [fill = 0]
                  00028102    0000011f     RN42.obj (.const:.string)
                  00028221    00000001     --HOLE-- [fill = 0]
                  00028222    00000101     rts430x_lc_rd.lib : ctype.obj (.const:.string:_ctypes_)
                  00028323    00000001     --HOLE-- [fill = 0]
                  00028324    00000100     ccsbcs.obj (.const:Tbl)
                  00028424    00000080     ff.obj (.const:.string:excvt$1)
                  000284a4    0000002c     rts430x_lc_rd.lib : xlog.obj (.const)
                  000284d0    00000028                       : strtod.obj (.const:digits)
                  000284f8    00000024     shimmer_calibration.obj (.const:.string)
                  0002851c    00000020     rts430x_lc_rd.lib : xatan.obj (.const:a)
                  0002853c    00000020                       : xfatan.obj (.const:a)
                  0002855c    00000020                       : xfdint.obj (.const:mask$1)
                  0002857c    00000018                       : strtod.obj (.const:powerof10)
                  00028594    00000014                       : _printfi_min.obj (.const:.string)
                  000285a8    00000011     ff.obj (.const:.string)
                  000285b9    00000001     --HOLE-- [fill = 0]
                  000285ba    00000010     rts430x_lc_rd.lib : xexp.obj (.const)
                  000285ca    00000010                       : xfsin.obj (.const)
                  000285da    00000010                       : xsin.obj (.const)
                  000285ea    0000000e                       : pow.obj (.const)
                  000285f8    0000000d     ff.obj (.const:.string:LfnOfs)
                  00028605    00000001     --HOLE-- [fill = 0]
                  00028606    0000000c     inv_gyro_dmp_android.obj (.const:.string:$P$T4$5)
                  00028612    0000000c     rts430x_lc_rd.lib : xfsin.obj (.const:c)
                  0002861e    0000000c                       : xsin.obj (.const:c)
                  0002862a    0000000c                       : xlog.obj (.const:p)
                  00028636    0000000c                       : xfsin.obj (.const:s)
                  00028642    0000000c                       : xsin.obj (.const:s)
                  0002864e    0000000a     main.obj (.const:.string:$P$T0$1)
                  00028658    0000000a     main.obj (.const:.string:$P$T1$2)
                  00028662    0000000a     libmplmpu.lib : quaternion_supervisor.obj (.const:.string)
                  0002866c    00000008     rts430x_lc_rd.lib : xatan.obj (.const:c)
                  00028674    00000008                       : xfatan.obj (.const:c)
                  0002867c    00000008                       : xatan.obj (.const)
                  00028684    00000008                       : xfatan.obj (.const)
                  0002868c    00000006     libmplmpu.lib : motion_no_motion.obj (.const)
                  00028692    00000004     rts430x_lc_rd.lib : acos.obj (.const)
                  00028696    00000004                       : acosf.obj (.const)
                  0002869a    00000004                       : asin.obj (.const)
                  0002869e    00000004                       : asinf.obj (.const)
                  000286a2    00000004                       : atan.obj (.const)
                  000286a6    00000004                       : xatan.obj (.const:s)
                  000286aa    00000004                       : xfatan.obj (.const:s)
                  000286ae    00000004                       : xfdint.obj (.const:sub$2)
                  000286b2    00000003     inv_gyro_dmp_android.obj (.const:.string:$P$T0$1)
                  000286b5    00000001     --HOLE-- [fill = 0]
                  000286b6    00000003     inv_gyro_dmp_android.obj (.const:.string:$P$T1$2)
                  000286b9    00000001     --HOLE-- [fill = 0]
                  000286ba    00000003     inv_gyro_dmp_android.obj (.const:.string:$P$T2$3)
                  000286bd    00000001     --HOLE-- [fill = 0]
                  000286be    00000003     inv_gyro_dmp_android.obj (.const:.string:$P$T3$4)

.cinit     0    000286c2    0000029e     
                  000286c2    00000086     inv_gyro.obj (.cinit)
                  00028748    0000005a     rts430x_lc_rd.lib : xvalues.obj (.cinit)
                  000287a2    00000050                       : xfvalues.obj (.cinit)
                  000287f2    00000039     mllite.obj (.cinit)
                  0002882b    00000001     --HOLE-- [fill = 0]
                  0002882c    00000028     libmplmpu.lib : compass_vec_cal.obj (.cinit)
                  00028854    00000020     inv_gyro_dmp_android.obj (.cinit)
                  00028874    0000001e     hal_DMA.obj (.cinit)
                  00028892    0000001a     hal_outputs.obj (.cinit)
                  000288ac    00000014     rts430x_lc_rd.lib : feraiseexcept.obj (.cinit)
                  000288c0    00000012     libmplmpu.lib : motion_no_motion.obj (.cinit)
                  000288d2    00000011     msp430_interrupt.obj (.cinit)
                  000288e3    00000001     --HOLE-- [fill = 0]
                  000288e4    0000000f     mmc.obj (.cinit)
                  000288f3    00000001     --HOLE-- [fill = 0]
                  000288f4    0000000d     lsm303ahtr.obj (.cinit)
                  00028901    00000001     --HOLE-- [fill = 0]
                  00028902    0000000d     lsm303dlhc.obj (.cinit)
                  0002890f    00000001     --HOLE-- [fill = 0]
                  00028910    0000000a     RN42.obj (.cinit)
                  0002891a    0000000a     rts430x_lc_rd.lib : _lock.obj (.cinit:_lock)
                  00028924    0000000a                       : _lock.obj (.cinit:_unlock)
                  0002892e    0000000a     hal_ADC.obj (.cinit)
                  00028938    0000000a     libmplmpu.lib : gyro_tc.obj (.cinit)
                  00028942    0000000a                   : mag_disturb.obj (.cinit)
                  0002894c    0000000a     rts430x_lc_rd.lib : signal.obj (.cinit)
                  00028956    00000008                       : errno.obj (.cinit)
                  0002895e    00000002     --HOLE-- [fill = 0]

.pinit     0    00005c00    00000000     UNINITIALIZED

RTC        0    0000ffd2    00000002     
                  0000ffd2    00000002     hal_RTC.obj (.int41)

PORT2      0    0000ffd4    00000002     
                  0000ffd4    00000002     main.obj (.int42)

.text.1    0    0000697e    00009602     
                  0000697e    00001f02     main.obj (.text:UpdateSdConfig)
                  00008880    00001632     main.obj (.text:ParseConfig)
                  00009eb2    00000f1a     main.obj (.text:StreamData)
                  0000adcc    00000a04     libmplmpu.lib : compass_vec_cal.obj (.text:inv_compute_bias)
                  0000b7d0    00000858                   : compass_vec_cal.obj (.text:inv_center_sum)
                  0000c028    00000742                   : compass_vec_cal.obj (.text:inv_process_compass_only_cal)
                  0000c76a    000006c4     main.obj (.text:Init)
                  0000ce2e    00000696     mllite.obj (.text:MPU9150_DmpInit)
                  0000d4c4    0000065a     main.obj (.text:UartSendRsp)
                  0000db1e    0000065a     libmplmpu.lib : fusion_9axis.obj (.text:inv_perform_9x_fusion)
                  0000e178    00000650     inv_gyro.obj (.text:get_st_biases)
                  0000e7c8    000005d6     main.obj (.text:StartStreaming)
                  0000ed9e    000004ee     ff.obj (.text:chk_mounted)
                  0000f28c    0000048c     mllite.obj (.text:MPU_saveCalibration)
                  0000f718    00000448     libmplmpu.lib : compass_vec_cal.obj (.text:inv_set_terms)
                  0000fb60    000003fe     RN42.obj (.text:runSetCommands)
                  0000ff5e    00000022     cat24c16.obj (.text:CAT24C16_init)

USCI_B1    0    0000ffda    00000002     
                  0000ffda    00000002     main.obj (.int45)

USCI_A1    0    0000ffdc    00000002     
                  0000ffdc    00000002     RN42.obj (.int46)

PORT1      0    0000ffde    00000002     
                  0000ffde    00000002     main.obj (.int47)

TIMER1_A1 
*          0    0000ffe0    00000002     
                  0000ffe0    00000002     main.obj (.int48)

TIMER1_A0 
*          0    0000ffe2    00000002     
                  0000ffe2    00000002     msp430_clock.obj (.int49)

DMA        0    0000ffe4    00000002     
                  0000ffe4    00000002     hal_DMA.obj (.int50)

TIMER0_A1 
*          0    0000ffea    00000002     
                  0000ffea    00000002     main.obj (.int53)

TIMER0_A0 
*          0    0000ffec    00000002     
                  0000ffec    00000002     main.obj (.int54)

ADC12      0    0000ffee    00000002     
                  0000ffee    00000002     hal_ADC.obj (.int55)

USCI_B0    0    0000fff0    00000002     
                  0000fff0    00000002     hal_I2C.obj (.int56)

USCI_A0    0    0000fff2    00000002     
                  0000fff2    00000002     hal_UCA0.obj (.int57)

WDT        0    0000fff4    00000002     
                  0000fff4    00000002     main.obj (.int58)

TIMER0_B1 
*          0    0000fff6    00000002     
                  0000fff6    00000002     main.obj (.int59)

TIMER0_B0 
*          0    0000fff8    00000002     
                  0000fff8    00000002     main.obj (.int60)

UNMI       0    0000fffa    00000002     
                  0000fffa    00000002     main.obj (.int61)

SYSNMI     0    0000fffc    00000002     
                  0000fffc    00000002     main.obj (.int62)

.reset     0    0000fffe    00000002     
                  0000fffe    00000002     rts430x_lc_rd.lib : boot.obj (.reset)

.text.2    0    00010000    00016240     
                  00010000    0000042c     libmplmpu.lib : mag_disturb.obj (.text:inv_check_magnetic_disturbance)
                  0001042c    000003fa     main.obj (.text:UartProcessCmd)
                  00010826    000003ec     mllite.obj (.text:pansenti_sensor_fusion)
                  00010c12    000003ca     shimmer_calibration.obj (.text:ShimmerCalib_default)
                  00010fdc    0000039a     rts430x_lc_rd.lib : div64u.obj (.text:__divull)
                  00011376    0000038e     libmplmpu.lib : gyro_tc.obj (.text:inv_gtc_compute_slope)
                  00011704    00000388     eMPL_outputs.obj (.text:inv_get_sensor_type_euler)
                  00011a8c    00000372     libmplmpu.lib : quaternion_supervisor.obj (.text:accel_fusion)
                  00011dfe    00000336                   : quaternion_supervisor.obj (.text:inv_process_dmp_quaternion)
                  00012134    00000312     MPUQuaternion.obj (.text:MPUQuaternionQuaternionToEuler)
                  00012446    000002e0     main.obj (.text:main)
                  00012726    000002dc     ff.obj (.text:f_write)
                  00012a02    000002c6     libmplmpu.lib : fast_no_motion.obj (.text:inv_fast_nomot_check_data)
                  00012cc8    000002ba     hal_InfoMem.obj (.text:InfoMem_write)
                  00012f82    000002b0     ff.obj (.text:f_lseek)
                  00013232    000002ac     main.obj (.text:RcFindSmallest)
                  000134de    000002a6     mllite.obj (.text:MPU_getDmpData)
                  00013784    00000290     main.obj (.text:ConfigureChannels)
                  00013a14    00000286     ff.obj (.text:create_name)
                  00013c9a    00000278     main.obj (.text:UartCallback)
                  00013f12    00000274     main.obj (.text:SetBasedir)
                  00014186    00000274     libmplmpu.lib : compass_vec_cal.obj (.text:inv_check_peaks)
                  000143fa    0000026c     rts430x_lc_rd.lib : xlog.obj (.text:_Log)
                  00014666    0000026c     libmplmpu.lib : quaternion_supervisor.obj (.text:inv_generate_accel_gyro_quaternion)
                  000148d2    00000258     inv_gyro_dmp_android.obj (.text:dmp_read_fifo)
                  00014b2a    00000258     libmplmpu.lib : fusion_9axis.obj (.text:inv_filter_correction_angle)
                  00014d82    00000258     rts430x_lc_rd.lib : strtod.obj (.text:strtod)
                  00014fda    00000252     inv_gyro.obj (.text:gyro_read_fifo)
                  0001522c    00000250     main.obj (.text:SetDefaultConfiguration)
                  0001547c    00000248     libmplmpu.lib : quaternion_supervisor.obj (.text:inv_compute_quat_from_accel)
                  000156c4    00000248     RN42.obj (.text:setupUART)
                  0001590c    0000023c     ff.obj (.text:f_read)
                  00015b48    0000022e     main.obj (.text:SampleTimerStart)
                  00015d76    0000022c     ff.obj (.text:f_open)
                  00015fa2    0000022a     rts430x_lc_rd.lib : xfsin.obj (.text:_FSin)
                  000161cc    0000022a                       : xsin.obj (.text:_Sin)
                  000163f6    00000228     ff.obj (.text:f_mkdir)
                  0001661e    0000021c     ml_math_func.obj (.text:inv_q_multf)
                  0001683a    00000216     inv_gyro_dmp_android.obj (.text:dmp_set_gyro_bias)
                  00016a50    00000204     inv_gyro.obj (.text:setup_compass)
                  00016c54    000001fe     main.obj (.text:Config2SdHead)
                  00016e52    000001fc     libmplmpu.lib : fast_no_motion.obj (.text:inv_fast_nomot_parameter)
                  0001704e    000001fc                   : quaternion_supervisor.obj (.text:inv_generate_gyro_quaternion)
                  0001724a    000001fc     ml_math_func.obj (.text:inv_quaternion_to_rotation)
                  00017446    000001f8     MPUQuaternion.obj (.text:MPUQuaternionEulerToQuaternion)
                  0001763e    000001ea     main.obj (.text:MakeBasedir)
                  00017828    000001ea     libmplmpu.lib : motion_no_motion.obj (.text:inv_run_motion_no_motion)
                  00017a12    000001de     ml_math_func.obj (.text:inv_q_normalizef)
                  00017bf0    000001d4     inv_gyro.obj (.text:gyro_reset_fifo)
                  00017dc4    000001ce     mllite.obj (.text:MPL_getValue)
                  00017f92    000001ce     libmplmpu.lib : fast_no_motion.obj (.text:inv_generate_fast_nomot)
                  00018160    000001cc     rts430x_lc_rd.lib : strtoul.obj (.text:strtoul)
                  0001832c    000001c8     main.obj (.text:MPL_calibrateGo)
                  000184f4    000001c6     libmplmpu.lib : compass_vec_cal.obj (.text:inv_combine_compass_data)
                  000186ba    000001c2     ml_math_func.obj (.text:inv_compass_angle)
                  0001887c    000001c0     rts430x_lc_rd.lib : fmod.obj (.text:fmod)
                  00018a3c    000001c0                       : fmodf.obj (.text:fmodf)
                  00018bfc    000001c0     inv_gyro.obj (.text:gyro_init)
                  00018dbc    000001ba     libmplmpu.lib : compass_vec_cal.obj (.text:inv_check_sim)
                  00018f76    000001b4                   : mag_disturb.obj (.text:ComputeAngleVelocity)
                  0001912a    000001ac                   : quaternion_supervisor.obj (.text:inv_normalize_quat)
                  000192d6    000001a8     ff.obj (.text:dir_register)
                  0001947e    000001a6     hal_Board.obj (.text:Board_init)
                  00019624    000001a4     inv_gyro_dmp_android.obj (.text:dmp_enable_feature)
                  000197c8    000001a4     ml_math_func.obj (.text:inv_q_mult)
                  0001996c    0000019e     inv_gyro_dmp_android.obj (.text:dmp_set_tap_thresh)
                  00019b0a    0000019e     mllite.obj (.text:read_from_mpl)
                  00019ca8    0000019a     inv_gyro_dmp_android.obj (.text:dmp_set_orientation)
                  00019e42    00000192     libmplmpu.lib : compass_vec_cal.obj (.text:inv_ignore_compass_data)
                  00019fd4    0000018c     ff.obj (.text:put_fat)
                  0001a160    00000188     inv_gyro.obj (.text:MPU_initStructures)
                  0001a2e8    00000182     main.obj (.text:Write2SD)
                  0001a46a    0000017e     MPUQuaternion.obj (.text:MPUQuaternionMultiply)
                  0001a5e8    0000017e     shimmer_calibration.obj (.text:ShimmerCalib_file2Ram)
                  0001a766    0000017e     ff.obj (.text:dir_next)
                  0001a8e4    0000017c     main.obj (.text:RcNodeR10)
                  0001aa60    0000017a     main.obj (.text:SetupDock)
                  0001abda    0000017a     ff.obj (.text:get_fileinfo)
                  0001ad54    00000176     libmplmpu.lib : compass_vec_cal.obj (.text:inv_bias_stability)
                  0001aeca    0000016c     exg.obj (.text:EXG_readData)
                  0001b036    00000168     rts430x_lc_rd.lib : atan2.obj (.text:atan2)
                  0001b19e    00000168                       : atan2f.obj (.text:atan2f)
                  0001b306    00000156     shimmer_calibration.obj (.text:ShimmerCalib_ram2File)
                  0001b45c    00000150     main.obj (.text:ShimmerCalibFromInfo)
                  0001b5ac    0000014a     mmc.obj (.text:disk_initialize)
                  0001b6f6    00000146     main.obj (.text:ClkAssignment)
                  0001b83c    00000146     inv_gyro.obj (.text:gyro_set_sensors)
                  0001b982    00000142     rts430x_lc_rd.lib : xatan.obj (.text:_Atan)
                  0001bac4    00000142                       : xfatan.obj (.text:_FAtan)
                  0001bc06    00000142     ff.obj (.text:get_fat)
                  0001bd48    00000142     inv_gyro.obj (.text:gyro_self_test)
                  0001be8a    00000140     rts430x_lc_rd.lib : div64s.obj (.text:__divlli)
                  0001bfca    0000013c     inv_gyro.obj (.text:gyro_set_bypass)
                  0001c106    00000136     main.obj (.text:Dma2ConversionDone)
                  0001c23c    00000134     inv_gyro.obj (.text:gyro_run_self_test)
                  0001c370    00000132     rts430x_lc_rd.lib : _printfi_min.obj (.text:_setfield)
                  0001c4a2    00000132     inv_gyro.obj (.text:compass_self_test)
                  0001c5d4    00000130     mllite.obj (.text:MPL_gyroCalibrate)
                  0001c704    00000130     rts430x_lc_rd.lib : fs_add.obj (.text)
                  0001c834    00000124     libmplmpu.lib : fast_no_motion.obj (.text:inv_fast_nomot_store_data)
                  0001c958    00000120     ff.obj (.text:create_chain)
                  0001ca78    00000120     eMPL_outputs.obj (.text:inv_generate_eMPL_outputs)
                  0001cb98    0000011e     rts430x_lc_rd.lib : sqrt.obj (.text:sqrt)
                  0001ccb6    0000011e                       : sqrtf.obj (.text:sqrtf)
                  0001cdd4    0000011c                       : xfdscale.obj (.text:_FDscale)
                  0001cef0    0000011a     inv_gyro.obj (.text:gyro_get_compass_reg)
                  0001d00a    0000011a     ml_math_func.obj (.text:inv_q_norm4)
                  0001d124    00000118     main.obj (.text:Atol64)
                  0001d23c    00000112     libmplmpu.lib : gyro_tc.obj (.text:inv_gtc_data_cb)
                  0001d34e    00000112     RN42.obj (.text:runSetTempBaudRate)
                  0001d460    0000010e     main.obj (.text:ShimmerCalibSyncFromDumpRamSingleSensor)
                  0001d56e    00000108     eMPL_outputs.obj (.text:inv_get_sensor_type_heading)
                  0001d676    00000100     ff.obj (.text:dir_sdi)
                  0001d776    000000fc     shimmer_calibration.obj (.text:ShimmerCalib_singleSensorWrite)
                  0001d872    000000fc     ml_math_func.obj (.text:inv_convert_to_body_with_scale)
                  0001d96e    000000f8     libmplmpu.lib : fusion_9axis.obj (.text:inv_process_9x_sensor_fusion_cb)
                  0001da66    000000f6     MPUQuaternion.obj (.text:MPUQuaternionNormalize)
                  0001db5c    000000f4     mmc.obj (.text:disk_ioctl)
                  0001dc50    000000f2     inv_gyro.obj (.text:accel_self_test)
                  0001dd42    000000f0     mllite.obj (.text:MPL_saveCalibrationBytes)
                  0001de32    000000ee     libmplmpu.lib : fusion_9axis.obj (.text:inv_find_synchronized_compass_angle)
                  0001df20    000000ec     rts430x_lc_rd.lib : asin.obj (.text:asin)
                  0001e00c    000000ec     ff.obj (.text:sync)
                  0001e0f8    000000ea     inv_gyro.obj (.text:get_accel_prod_shift)
                  0001e1e2    000000ea     inv_gyro.obj (.text:gyro_read_fifo_stream)
                  0001e2cc    000000ea     storage_manager.obj (.text:inv_load_mpl_states)
                  0001e3b6    000000e8     main.obj (.text:RcStart)
                  0001e49e    000000e4     hal_ADC.obj (.text:ADC_init)
                  0001e582    000000e2     inv_gyro.obj (.text:gyro_lp_accel_mode)
                  0001e664    000000e0     libmplmpu.lib : gyro_tc.obj (.text:inv_gtc_add_data)
                  0001e744    000000de     main.obj (.text:ItoaNo0)
                  0001e822    000000dc     rts430x_lc_rd.lib : acosf.obj (.text:acosf)
                  0001e8fe    000000da     ff.obj (.text:f_sync)
                  0001e9d8    000000d8     ff.obj (.text:dir_find)
                  0001eab0    000000d2     rts430x_lc_rd.lib : _printfi_min.obj (.text:__TI_printfi_minimal)
                  0001eb82    000000ce     inv_gyro.obj (.text:gyro_load_firmware)
                  0001ec50    000000ce     RN42.obj (.text:runMasterCommands)
                  0001ed1e    000000cc     inv_gyro_dmp_android.obj (.text:dmp_set_interrupt_mode)
                  0001edea    000000ca     hal_pmm.obj (.text:SetVCoreUp)
                  0001eeb4    000000c8     rts430x_lc_rd.lib : ceil.obj (.text:ceil)
                  0001ef7c    000000c8                       : floor.obj (.text:floor)
                  0001f044    000000c4     MPUVector3.obj (.text:MPUVector3CrossProduct)
                  0001f108    000000c4     ff.obj (.text:dir_read)
                  0001f1cc    000000be     ff.obj (.text:move_window)
                  0001f28a    000000bc     mmc.obj (.text:disk_write)
                  0001f346    000000bc     data_builder.obj (.text:inv_apply_calibration)
                  0001f402    000000bc     libmplmpu.lib : fast_no_motion.obj (.text:inv_init_maxmin)
                  0001f4be    000000bc     storage_manager.obj (.text:inv_save_mpl_states)
                  0001f57a    000000ba     cat24c16.obj (.text:CAT24C16_write)
                  0001f634    000000b8     ff.obj (.text:gen_numname)
                  0001f6ec    000000b6     rts430x_lc_rd.lib : fs_mpy.obj (.text)
                  0001f7a2    000000b4     main.obj (.text:UartCbufPickData)
                  0001f856    000000b4     ff.obj (.text:follow_path)
                  0001f90a    000000b4     mmc.obj (.text:send_cmd)
                  0001f9be    000000b2     libmplmpu.lib : compass_vec_cal.obj (.text:inv_init_sensitivity_const)
                  0001fa70    000000b2     data_builder.obj (.text:inv_register_data_cb)
                  0001fb22    000000b2     libmplmpu.lib : mag_disturb.obj (.text:inv_track_dip_angle)
                  0001fbd4    000000b0     ff.obj (.text:f_opendir)
                  0001fc84    000000b0     results_holder.obj (.text:inv_get_gravity)
                  0001fd34    000000ac     inv_gyro.obj (.text:gyro_get_temperature)
                  0001fde0    000000aa     RN42.obj (.text:BT_init)
                  0001fe8a    000000aa     hal_I2C.obj (.text:I2C_Read_Packet_From_Sensor)
                  0001ff34    000000aa     hal_I2C.obj (.text:I2C_Write_Packet_To_Sensor)
                  0001ffde    000000aa     data_builder.obj (.text:inv_set_contiguous)
                  00020088    000000a8     inv_gyro.obj (.text:gyro_set_sample_rate)
                  00020130    000000a6     main.obj (.text:SetBattDma)
                  000201d6    000000a4     ff.obj (.text:cmp_lfn)
                  0002027a    000000a2     main.obj (.text:i2cSlaveDiscover)
                  0002031c    000000a0     shimmer_calibration.obj (.text:ShimmerCalib_singleSensorRead)
                  000203bc    0000009e     libmplmpu.lib : compass_vec_cal.obj (.text:inv_cheap_rand)
                  0002045a    0000009c     hal_pmm.obj (.text:SetVCoreDown)
                  000204f6    0000009c     libmplmpu.lib : compass_vec_cal.obj (.text:inv_set_peaks)
                  00020592    0000009c     ff.obj (.text:remove_chain)
                  0002062e    00000098     libmplmpu.lib : mag_disturb.obj (.text:MagDisturbSetDisturbance)
                  000206c6    00000098     ads1292.obj (.text:ads1292Uca0RxIsr)
                  0002075e    00000096     mllite.obj (.text:MPU_platformInit)
                  000207f4    00000096     rts430x_lc_rd.lib : atoll.obj (.text:atoll)
                  0002088a    00000096     mmc.obj (.text:disk_read)
                  00020920    00000094     main.obj (.text:DockSdPowerCycle)
                  000209b4    00000094     inv_gyro_dmp_android.obj (.text:dmp_set_orient_thresh)
                  00020a48    00000094     ff.obj (.text:pick_lfn)
                  00020adc    00000092     gsr.obj (.text:GSR_controlRange)
                  00020b6e    00000092     rts430x_lc_rd.lib : xfdint.obj (.text:_FDint)
                  00020c00    00000092     ff.obj (.text:fit_lfn)
                  00020c92    00000090     ff.obj (.text:check_fs)
                  00020d22    0000008e     rts430x_lc_rd.lib : fs_div.obj (.text)
                  00020db0    0000008c     ads1292.obj (.text:ADS1292_init)
                  00020e3c    0000008c     hal_CRC.obj (.text:CRC_data)
                  00020ec8    0000008c     main.obj (.text:ItoaWith0)
                  00020f54    0000008c     rts430x_lc_rd.lib : xfdnorm.obj (.text:_FDnorm)
                  00020fe0    0000008a     main.obj (.text:RcCenterT10)
                  0002106a    0000008a     data_builder.obj (.text:inv_build_accel)
                  000210f4    0000008a     data_builder.obj (.text:inv_build_compass)
                  0002117e    00000088     inv_gyro.obj (.text:gyro_set_lpf)
                  00021206    00000086     inv_gyro.obj (.text:gyro_set_dmp_state)
                  0002128c    00000084     storage_manager.obj (.text:inv_register_load_store)
                  00021310    00000082     exg.obj (.text:EXG_start)
                  00021392    00000082     data_builder.obj (.text:inv_set_gyro_bias)
                  00021414    00000080     libmplmpu.lib : mag_disturb.obj (.text:Mag3ofNormalizedLong)
                  00021494    0000007e     inv_gyro_dmp_android.obj (.text:dmp_get_pedometer_walk_time)
                  00021512    0000007e     inv_gyro.obj (.text:gyro_set_gyro_fsr)
                  00021590    0000007e     libmplmpu.lib : compass_vec_cal.obj (.text:inv_cheap_gaussian)
                  0002160e    0000007e     rts430x_lc_rd.lib : fs_tol.obj (.text)
                  0002168c    0000007a                       : autoinit_wdt.obj (.text:_auto_init_hold_wdt)
                  00021706    0000007a     inv_gyro_dmp_android.obj (.text:dmp_set_shake_reject_thresh)
                  00021780    0000007a     data_builder.obj (.text:inv_execute_on_data)
                  000217fa    00000078     bmpX80.obj (.text:BMPX80_setWorkMode)
                  00021872    00000078     inv_gyro.obj (.text:gyro_set_accel_fsr)
                  000218ea    00000078     ml_math_func.obj (.text:inv_q_addf)
                  00021962    00000076     rts430x_lc_rd.lib : round.obj (.text:round)
                  000219d8    00000074     ads1292.obj (.text:ADS1292_regWrite)
                  00021a4c    00000074     rts430x_lc_rd.lib : atol.obj (.text:atol)
                  00021ac0    00000074     inv_gyro_dmp_android.obj (.text:dmp_set_fifo_rate)
                  00021b34    00000074     inv_gyro.obj (.text:gyro_set_int_enable)
                  00021ba8    00000070     main.obj (.text:SetBattVal)
                  00021c18    00000070     inv_gyro.obj (.text:gyro_read_mem)
                  00021c88    00000070     inv_gyro.obj (.text:gyro_write_mem)
                  00021cf8    00000070     data_builder.obj (.text:inv_get_last_timestamp)
                  00021d68    0000006e     lsm303dlhc.obj (.text:LSM303DLHC_accelInit)
                  00021dd6    0000006e     mpu9150.obj (.text:MPU9150_init)
                  00021e44    0000006e     libmplmpu.lib : quaternion_supervisor.obj (.text:inv_generate_quaternion)
                  00021eb2    0000006c     MPUVector3.obj (.text:MPUVector3DotProduct)
                  00021f1e    0000006c     ff.obj (.text:f_readdir)
                  00021f8a    0000006a     main.obj (.text:FreqProd)
                  00021ff4    0000006a     inv_gyro_dmp_android.obj (.text:dmp_get_pedometer_step_count)
                  0002205e    00000068     inv_gyro_dmp_android.obj (.text:decode_gesture)
                  000220c6    00000068     rts430x_lc_rd.lib : fs_toi.obj (.text)
                  0002212e    00000066     mllite.obj (.text:MPL_magCalibrate)
                  00022194    00000066     hal_UCA0.obj (.text:UCA0_isrRegister)
                  000221fa    00000066     results_holder.obj (.text:inv_init_results_holder)
                  00022260    00000064     rts430x_lc_rd.lib : xfdunsca.obj (.text:_FDunscale)
                  000222c4    00000064     results_holder.obj (.text:inv_get_linear_accel)
                  00022328    00000062     main.obj (.text:RcCenterR1)
                  0002238a    00000062     rts430x_lc_rd.lib : atoi.obj (.text:atoi)
                  000223ec    00000062     ml_math_func.obj (.text:inv_q_rotate)
                  0002244e    00000062     data_builder.obj (.text:inv_set_accel_bias)
                  000224b0    00000060     lsm303dlhc.obj (.text:LSM303DLHC_magInit)
                  00022510    00000060     shimmer_calibration.obj (.text:ShimmerCalib_init)
                  00022570    00000060     inv_gyro.obj (.text:gyro_set_int_latched)
                  000225d0    00000060     libmplmpu.lib : fast_no_motion.obj (.text:inv_init_fast_nomot)
                  00022630    0000005e     gsr.obj (.text:GSR_smoothTransition)
                  0002268e    0000005e     inv_gyro.obj (.text:gyro_configure_fifo)
                  000226ec    0000005e     ml_math_func.obj (.text:inv_q_add)
                  0002274a    0000005c     lsm303ahtr.obj (.text:LSM303AHTR_getMag)
                  000227a6    0000005c     lsm303dlhc.obj (.text:LSM303DLHC_getMag)
                  00022802    0000005c     libmplmpu.lib : mag_disturb.obj (.text:inv_init_magnetic_disturbance)
                  0002285e    0000005c                   : mag_disturb.obj (.text:inv_magnetic_disturbance_process)
                  000228ba    0000005c     RN42.obj (.text:writeCommand)
                  00022916    0000005a     hal_I2C.obj (.text:I2C_Master_Init)
                  00022970    0000005a     libmplmpu.lib : mag_disturb.obj (.text:MagDisturbCheckSettling)
                  000229ca    0000005a     rts430x_lc_rd.lib : mult64_f5hw.obj (.text:__mpyll)
                  00022a24    0000005a                       : _printfi_min.obj (.text:_ltostr)
                  00022a7e    0000005a     inv_gyro.obj (.text:gyro_set_compass_sample_rate)
                  00022ad8    0000005a     main.obj (.text:i2cSlavePresent)
                  00022b32    0000005a     libmplmpu.lib : compass_vec_cal.obj (.text:inv_generate_vector_compass_cal)
                  00022b8c    0000005a     data_builder.obj (.text:inv_set_compass_bias)
                  00022be6    0000005a     msp430_clock.obj (.text:msp430_clock_init)
                  00022c40    00000058     libmplmpu.lib : fast_no_motion.obj (.text:inv_if_enough_data)
                  00022c98    00000058     rts430x_lc_rd.lib : div32u.obj (.text)
                  00022cf0    00000058     mmc.obj (.text:xmit_datablock)
                  00022d48    00000056     mpu9150.obj (.text:MPU9150_getMag)
                  00022d9e    00000056     ff.obj (.text:f_gets)
                  00022df4    00000056     ml_math_func.obj (.text:inv_get_gyro_sum_of_sqr)
                  00022e4a    00000056     mllite.obj (.text:orient_cb)
                  00022ea0    00000054     hal_SDCard.obj (.text:SDCard_init)
                  00022ef4    00000054     rts430x_lc_rd.lib : rem64u.obj (.text:__remull)
                  00022f48    00000054     inv_gyro_dmp_android.obj (.text:dmp_enable_6x_lp_quat)
                  00022f9c    00000054     inv_gyro_dmp_android.obj (.text:dmp_enable_lp_quat)
                  00022ff0    00000054     inv_gyro.obj (.text:gyro_get_lpf)
                  00023044    00000054     results_holder.obj (.text:inv_get_quaternion_set)
                  00023098    00000054     ml_math_func.obj (.text:inv_q_invert)
                  000230ec    00000054     mmc.obj (.text:rcvr_datablock)
                  00023140    00000052     mpu9150.obj (.text:MPU9150_setAccelRange)
                  00023192    00000052     mpu9150.obj (.text:MPU9150_setGyroSensitivity)
                  000231e4    00000052     main.obj (.text:SetSdCfgFlag)
                  00023236    00000052     ff.obj (.text:clust2sect)
                  00023288    00000050     main.obj (.text:FreqDiv)
                  000232d8    00000050     libmplmpu.lib : fast_no_motion.obj (.text:inv_max_change)
                  00023328    0000004e     cat24c16.obj (.text:CAT24C16_read)
                  00023376    0000004e     inv_gyro.obj (.text:gyro_get_gyro_sens)
                  000233c4    0000004e     libmplmpu.lib : gyro_tc.obj (.text:inv_gtc_get_bin)
                  00023412    0000004c     ads1292.obj (.text:ADS1292_dataReadyChip2)
                  0002345e    0000004c     bmpX80.obj (.text:BMPX80_startPressMeasurement)
                  000234aa    0000004c     MPUQuaternion.obj (.text:MPUQuaternionConjugate)
                  000234f6    0000004c     rts430x_lc_rd.lib : _printfi_min.obj (.text:_pproc_diouxp)
                  00023542    0000004c     ccsbcs.obj (.text:ff_convert)
                  0002358e    0000004c     libmplmpu.lib : fusion_9axis.obj (.text:inv_init_9x_fusion)
                  000235da    0000004c     ml_math_func.obj (.text:inv_q_invertf)
                  00023626    0000004c     rts430x_lc_rd.lib : fs_toul.obj (.text)
                  00023672    0000004a     ads1292.obj (.text:ADS1292_dataReadyChip1)
                  000236bc    0000004a     hal_I2C.obj (.text:TI_USCI_I2C_slave_present)
                  00023706    0000004a     msp430_clock.obj (.text:msp430_register_timer_cb)
                  00023750    0000004a     rts430x_lc_rd.lib : fs_cmp.obj (.text)
                  0002379a    0000004a                       : fs_ltof.obj (.text)
                  000237e4    00000048                       : _printfi_min.obj (.text:_pproc_str)
                  0002382c    00000048     data_builder.obj (.text:inv_init_data_builder)
                  00023874    00000048     ml_math_func.obj (.text:inv_row_2_scale)
                  000238bc    00000048     libmplmpu.lib : fast_no_motion.obj (.text:inv_start_fast_nomot)
                  00023904    00000048     msp430_i2c.obj (.text:msp430_i2c_write)
                  0002394c    00000046     mpu9150.obj (.text:MPU9150_wake)
                  00023992    00000046     inv_gyro.obj (.text:gyro_get_accel_sens)
                  000239d8    00000046     libmplmpu.lib : quaternion_supervisor.obj (.text:inv_init_quaternion)
                  00023a1e    00000046     rts430x_lc_rd.lib : fs_tou.obj (.text)
                  00023a64    00000044     RN42.obj (.text:BT_write)
                  00023aa8    00000044     exg.obj (.text:EXG_stop)
                  00023aec    00000044     msp430_clock.obj (.text:msp430_clock_enable)
                  00023b30    00000044     msp430_interrupt.obj (.text:msp430_reg_int_cb)
                  00023b74    00000044     rts430x_lc_rd.lib : sprintf.obj (.text:sprintf)
                  00023bb8    00000042     main.obj (.text:Dma0ConversionDone)
                  00023bfa    00000042     gsr.obj (.text:GSR_setRange)
                  00023c3c    00000042     main.obj (.text:Timestamp0ToFirstFile)
                  00023c7e    00000042     libmplmpu.lib : quaternion_supervisor.obj (.text:inv_start_quaternion)
                  00023cc0    00000042     msp430_clock.obj (.text:msp430_delay_ms)
                  00023d02    00000040     ads1292.obj (.text:ADS1292_readDataContinuousMode)
                  00023d42    00000040     lsm303ahtr.obj (.text:LSM303AHTR_accelInit)
                  00023d82    00000040     hal_pmm.obj (.text:SetVCore)
                  00023dc2    00000040     rts430x_lc_rd.lib : asr64.obj (.text:__asrll)
                  00023e02    00000040     inv_gyro.obj (.text:gyro_get_accel_fsr)
                  00023e42    00000040     data_builder.obj (.text:inv_build_gyro)
                  00023e82    00000040     ml_math_func.obj (.text:inv_checksum)
                  00023ec2    00000040     results_holder.obj (.text:inv_set_motion_state)
                  00023f02    00000040     rts430x_lc_rd.lib : div32s.obj (.text)
                  00023f42    0000003e     ads1292.obj (.text:ADS1292_start)
                  00023f80    0000003e     bmpX80.obj (.text:BMPX80_getCalibCoeff)
                  00023fbe    0000003e     main.obj (.text:TB0Start)
                  00023ffc    0000003e     rts430x_lc_rd.lib : _printfi_min.obj (.text:_getarg_diouxp)
                  0002403a    0000003e     mpl.obj (.text:inv_init_mpl)
                  00024078    0000003e     data_builder.obj (.text:inv_set_accel_sample_rate)
                  000240b6    0000003e     data_builder.obj (.text:inv_set_compass_sample_rate)
                  000240f4    0000003e     data_builder.obj (.text:inv_set_gyro_sample_rate)
                  00024132    0000003e     rts430x_lc_rd.lib : asr32.obj (.text:l_asr_const)
                  00024170    0000003e                       : lsl32.obj (.text:l_lsl_const)
                  000241ae    0000003e                       : lsr32.obj (.text:l_lsr_const)
                  000241ec    0000003c     exg.obj (.text:EXG_writeRegs)
                  00024228    0000003c     inv_gyro.obj (.text:gyro_get_gyro_fsr)
                  00024264    0000003c     data_builder.obj (.text:inv_get_compass_set)
                  000242a0    0000003c     RN42.obj (.text:sendNextChar)
                  000242dc    0000003c     rts430x_lc_rd.lib : strstr.obj (.text:strstr)
                  00024318    0000003a     ads1292.obj (.text:ADS1292_chip1CsEnable)
                  00024352    0000003a     ads1292.obj (.text:ADS1292_chip2CsEnable)
                  0002438c    0000003a     bmpX80.obj (.text:BMPX80_init)
                  000243c6    0000003a     lsm303ahtr.obj (.text:LSM303AHTR_init)
                  00024400    0000003a     lsm303ahtr.obj (.text:LSM303AHTR_sleep)
                  0002443a    0000003a     lsm303dlhc.obj (.text:LSM303DLHC_init)
                  00024474    0000003a     main.obj (.text:UartCheckCrc)
                  000244ae    0000003a     rts430x_lc_rd.lib : lsl64.obj (.text:__lslll)
                  000244e8    0000003a                       : lsr64.obj (.text:__lsrll)
                  00024522    0000003a     results_holder.obj (.text:inv_get_quaternion)
                  0002455c    0000003a     libmplmpu.lib : compass_vec_cal.obj (.text:inv_init_vector_compass_cal)
                  00024596    00000038     ads1292.obj (.text:ADS1292_resetPulse)
                  000245ce    00000038     lsm303dlhc.obj (.text:LSM303DLHC_sleep)
                  00024606    00000038     hal_RTC.obj (.text:RTC_get32)
                  0002463e    00000038     main.obj (.text:RwcCheck)
                  00024676    00000038     hal_UartA0.obj (.text:UART_config)
                  000246ae    00000038     libmplmpu.lib : gyro_tc.obj (.text:inv_init_gyro_ts)
                  000246e6    00000038                   : compass_vec_cal.obj (.text:inv_reset_data_collection)
                  0002471e    00000038     rts430x_lc_rd.lib : signal.obj (.text:signal)
                  00024756    00000038     mmc.obj (.text:wait_ready)
                  0002478e    00000036     rts430x_lc_rd.lib : xferaise.obj (.text:_Feraise)
                  000247c4    00000036     ml_math_func.obj (.text:inv_q29_mult)
                  000247fa    00000036     ml_math_func.obj (.text:inv_q30_mult)
                  00024830    00000036     rts430x_lc_rd.lib : fs_itof.obj (.text)
                  00024866    00000034     ads1292.obj (.text:ADS1292_offsetCal)
                  0002489a    00000034     main.obj (.text:BattBlinkOn)
                  000248ce    00000034     mpu9150.obj (.text:MPU9150_reset)
                  00024902    00000034     main.obj (.text:PrepareSDBuffHead)
                  00024936    00000034     hal_UartA0.obj (.text:UART_activate)
                  0002496a    00000034     inv_gyro_dmp_android.obj (.text:dmp_set_tap_axes)
                  0002499e    00000034     rts430x_lc_rd.lib : feraiseexcept.obj (.text:feraiseexcept)
                  000249d2    00000034     ccsbcs.obj (.text:ff_wtoupper)
                  00024a06    00000034     libmplmpu.lib : gyro_tc.obj (.text:inv_enable_gyro_tc)
                  00024a3a    00000034     data_builder.obj (.text:inv_get_accel_set)
                  00024a6e    00000032     main.obj (.text:RcNodeT1)
                  00024aa0    00000032     ff.obj (.text:f_mount)
                  00024ad2    00000032     data_builder.obj (.text:inv_build_quat)
                  00024b04    00000032     data_builder.obj (.text:inv_db_load_func)
                  00024b36    00000032     libmplmpu.lib : gyro_tc.obj (.text:inv_gtc_store)
                  00024b68    00000032     rts430x_lc_rd.lib : raise.obj (.text:raise)
                  00024b9a    00000032                       : fs_ultof.obj (.text)
                  00024bcc    00000030     bmpX80.obj (.text:BMPX80_setup)
                  00024bfc    00000030     main.obj (.text:BtStop)
                  00024c2c    00000030     data_builder.obj (.text:inv_get_gyro_set)
                  00024c5c    0000002e     ads1292.obj (.text:ADS1292_readDataChip1)
                  00024c8a    0000002e     ads1292.obj (.text:ADS1292_readDataChip2)
                  00024cb8    0000002e     bmpX80.obj (.text:BMPX80_getPress)
                  00024ce6    0000002e     bmpX80.obj (.text:BMPX80_startTempMeasurement)
                  00024d14    0000002e     ff.obj (.text:f_putc)
                  00024d42    0000002e     rts430x_lc_rd.lib : memmov.obj (.text:memmove)
                  00024d70    0000002c     bmpX80.obj (.text:BMPX80_getTemp)
                  00024d9c    0000002c     hal_Board.obj (.text:Board_ledOff)
                  00024dc8    0000002c     hal_Board.obj (.text:Board_ledOn)
                  00024df4    0000002c     hal_Board.obj (.text:Board_ledToggle)
                  00024e20    0000002c     main.obj (.text:CheckSdInslot)
                  00024e4c    0000002c     ff.obj (.text:f_puts)
                  00024e78    0000002c     start_manager.obj (.text:inv_execute_mpl_start_notification)
                  00024ea4    0000002c     eMPL_outputs.obj (.text:inv_get_sensor_type_quat)
                  00024ed0    0000002c     libmplmpu.lib : gyro_tc.obj (.text:inv_gtc_load)
                  00024efc    0000002c                   : motion_no_motion.obj (.text:inv_start_motion_no_motion)
                  00024f28    0000002c     rts430x_lc_rd.lib : div16s.obj (.text)
                  00024f54    0000002c     ff.obj (.text:validate)
                  00024f80    0000002a     RN42.obj (.text:BT_rst_MessageProgress)
                  00024faa    0000002a     hal_UCS.obj (.text:LFXT_Start)
                  00024fd4    0000002a     lsm303ahtr.obj (.text:LSM303AHTR_magInit)
                  00024ffe    0000002a     hal_SDCard.obj (.text:SDCard_readFrame)
                  00025028    0000002a     shimmer_calibration.obj (.text:ShimmerCalib_findLength)
                  00025052    0000002a     hal_UartA0.obj (.text:UART_write)
                  0002507c    0000002a     hal_UCA0.obj (.text:UCA0_isrInit)
                  000250a6    0000002a     rts430x_lc_rd.lib : mult3264_f5hw.obj (.text:__mpysll)
                  000250d0    0000002a     eMPL_outputs.obj (.text:inv_get_sensor_type_rot_mat)
                  000250fa    0000002a     ml_math_func.obj (.text:inv_orientation_matrix_to_scalar)
                  00025124    0000002a     hal_UartA0.obj (.text:uartSendNextChar)
                  0002514e    00000028     ads1292.obj (.text:ADS1292_enableDrdyInterrupts)
                  00025176    00000028     RN42.obj (.text:BT_setGoodCommand)
                  0002519e    00000028     main.obj (.text:BtStart)
                  000251c6    00000028     hal_DMA.obj (.text:DMA0_init)
                  000251ee    00000028     exg.obj (.text:EXG_init)
                  00025216    00000028     exg.obj (.text:EXG_offsetCal)
                  0002523e    00000028     main.obj (.text:GetSdCfgFlag)
                  00025266    00000028     main.obj (.text:ShimmerCalibInitFromInfoAll)
                  0002528e    00000028     main.obj (.text:TaskCurrentGet)
                  000252b6    00000028     inv_gyro_dmp_android.obj (.text:dmp_set_tap_count)
                  000252de    00000028     data_builder.obj (.text:inv_get_accel_bias)
                  00025306    00000028     data_builder.obj (.text:inv_get_gyro_bias)
                  0002532e    00000028     RN42.obj (.text:start3)
                  00025356    00000026     RN42.obj (.text:BT_rtsInterrupt)
                  0002537c    00000026     gsr.obj (.text:GSR_init)
                  000253a2    00000026     hal_TB0.obj (.text:GetTB0)
                  000253c8    00000026     mpu9150.obj (.text:MPU9150_setSamplingRate)
                  000253ee    00000026     hal_RTC.obj (.text:RTC_get64)
                  00025414    00000026     shimmer_calibration.obj (.text:ShimmerCalib_initVer)
                  0002543a    00000026     inv_gyro_dmp_android.obj (.text:dmp_set_orient_time)
                  00025460    00000026     inv_gyro_dmp_android.obj (.text:dmp_set_shake_reject_time)
                  00025486    00000026     inv_gyro_dmp_android.obj (.text:dmp_set_shake_reject_timeout)
                  000254ac    00000026     inv_gyro_dmp_android.obj (.text:dmp_set_tap_time)
                  000254d2    00000026     inv_gyro_dmp_android.obj (.text:dmp_set_tap_time_multi)
                  000254f8    00000026     RN42.obj (.text:initRN2)
                  0002551e    00000026     data_builder.obj (.text:inv_build_temp)
                  00025544    00000026     RN42.obj (.text:writeCommandNoRsp)
                  0002556a    00000024     gsr.obj (.text:GSR_initSmoothing)
                  0002558e    00000024     hal_InfoMem.obj (.text:InfoMem_read)
                  000255b2    00000024     storage_manager.obj (.text:inv_find_entry)
                  000255d6    00000024     results_holder.obj (.text:inv_set_compass_correction)
                  000255fa    00000024     results_holder.obj (.text:inv_store_gaming_quaternion)
                  0002561e    00000024     rts430x_lc_rd.lib : fs_utof.obj (.text)
                  00025642    00000022     libmplmpu.lib : motion_no_motion.obj (.text:inv_init_motion_no_motion)
                  00025664    00000022                   : compass_vec_cal.obj (.text:inv_init_peaks)
                  00025686    00000022     storage_manager.obj (.text:inv_init_storage_manager)
                  000256a8    00000022     start_manager.obj (.text:inv_register_mpl_start_notification)
                  000256ca    00000022     rts430x_lc_rd.lib : mult32_f5hw.obj (.text)
                  000256ec    00000020     lsm303ahtr.obj (.text:LSM303AHTR_getAccel)
                  0002570c    00000020     lsm303dlhc.obj (.text:LSM303DLHC_getAccel)
                  0002572c    00000020     mpu9150.obj (.text:MPU9150_getAccel)
                  0002574c    00000020     mpu9150.obj (.text:MPU9150_getGyro)
                  0002576c    00000020     mpu9150.obj (.text:MPU9150_startMagMeasurement)
                  0002578c    00000020     hal_SDCard.obj (.text:SDCard_sendFrame)
                  000257ac    00000020     main.obj (.text:ShimmerCalibSyncFromDumpRamAll)
                  000257cc    00000020     main.obj (.text:UartCbufPush)
                  000257ec    00000020     rts430x_lc_rd.lib : sprintf.obj (.text:_outs)
                  0002580c    00000020     mmc.obj (.text:disk_status)
                  0002582c    00000020     results_holder.obj (.text:inv_get_compass_correction)
                  0002584c    0000001e     hal_ADC.obj (.text:ADC_disable)
                  0002586a    0000001e     hal_DMA.obj (.text:DMA2_init)
                  00025888    0000001e     mpu9150.obj (.text:MPU9150_getId)
                  000258a6    0000001e     hal_RTC.obj (.text:RTC_init)
                  000258c4    0000001e     hal_UCS.obj (.text:XT2_Start)
                  000258e2    0000001e     eMPL_outputs.obj (.text:inv_init_eMPL_outputs)
                  00025900    0000001e     start_manager.obj (.text:inv_init_start_manager)
                  0002591e    0000001e     message_layer.obj (.text:inv_set_message)
                  0002593c    0000001e     rts430x_lc_rd.lib : memccpy.obj (.text:memccpy)
                  0002595a    0000001e     msp430_i2c.obj (.text:msp430_i2c_read)
                  00025978    0000001c     RN42.obj (.text:BT_connect)
                  00025994    0000001c     main.obj (.text:BlinkTimerStart)
                  000259b0    0000001c     mpu9150.obj (.text:MPU9150_getMagId)
                  000259cc    0000001c     inv_gyro_dmp_android.obj (.text:dmp_set_orient_axes)
                  000259e8    0000001c     RN42.obj (.text:start2)
                  00025a04    0000001a     cat24c16.obj (.text:CAT24C16_powerOff)
                  00025a1e    0000001a     cat24c16.obj (.text:CAT24C16_powerOn)
                  00025a38    0000001a     main.obj (.text:ChargeStatusTimerStart)
                  00025a52    0000001a     rts430x_lc_rd.lib : _printfi_min.obj (.text:_div)
                  00025a6c    0000001a     libmplmpu.lib : mag_disturb.obj (.text:inv_enable_magnetic_disturbance)
                  00025a86    0000001a     ff.obj (.text:sum_sfn)
                  00025aa0    00000018     RN42.obj (.text:BT_start)
                  00025ab8    00000018     libmplmpu.lib : fusion_9axis.obj (.text:inv_enable_9x_sensor_fusion)
                  00025ad0    00000018                   : fast_no_motion.obj (.text:inv_enable_fast_nomot)
                  00025ae8    00000018     msp430_clock.obj (.text:msp430_get_clock_ms)
                  00025b00    00000018     mmc.obj (.text:select)
                  00025b18    00000016     hal_Button.obj (.text:Button_interruptEnable)
                  00025b2e    00000016     ff.obj (.text:chk_chr)
                  00025b44    00000016     inv_gyro_dmp_android.obj (.text:dmp_load_android_firmware)
                  00025b5a    00000016     ff.obj (.text:f_close)
                  00025b70    00000016     message_layer.obj (.text:inv_get_message_level_0)
                  00025b86    00000016     mpl.obj (.text:inv_start_mpl)
                  00025b9c    00000016     rts430x_lc_rd.lib : llabs.obj (.text:llabs)
                  00025bb2    00000016                       : memset.obj (.text:memset)
                  00025bc8    00000016                       : div16u.obj (.text)
                  00025bde    00000016                       : mult16_f5hw.obj (.text)
                  00025bf4    00000016     hal_UartA0.obj (.text:uartUca0RxIsr)
                  00025c0a    00000014     ads1292.obj (.text:ADS1292_disableDrdyInterrupts)
                  00025c1e    00000014     hal_Button.obj (.text:Button_init)
                  00025c32    00000014     main.obj (.text:CommTimerStart)
                  00025c46    00000014     main.obj (.text:ReadBatt)
                  00025c5a    00000014     rts430x_lc_rd.lib : sprintf.obj (.text:_outc)
                  00025c6e    00000014     RN42.obj (.text:disableRN)
                  00025c82    00000014     mllite.obj (.text:display_orient_cb)
                  00025c96    00000014     inv_gyro.obj (.text:gyro_get_sample_rate)
                  00025caa    00000014     results_holder.obj (.text:inv_start_results_holder)
                  00025cbe    00000014     ff.obj (.text:mem_cmp)
                  00025cd2    00000014     rts430x_lc_rd.lib : memcpy.obj (.text:memcpy)
                  00025ce6    00000014     msp430_i2c.obj (.text:msp430_i2c_enable)
                  00025cfa    00000012     hal_SDCard.obj (.text:SDCard_fastMode)
                  00025d0c    00000012     main.obj (.text:TB0Stop)
                  00025d1e    00000012     main.obj (.text:TaskSet)
                  00025d30    00000012     mmc.obj (.text:deselect)
                  00025d42    00000012     eMPL_outputs.obj (.text:inv_enable_eMPL_outputs)
                  00025d54    00000012     libmplmpu.lib : motion_no_motion.obj (.text:inv_enable_motion_no_motion)
                  00025d66    00000012                   : quaternion_supervisor.obj (.text:inv_enable_quaternion)
                  00025d78    00000012     results_holder.obj (.text:inv_enable_results_holder)
                  00025d8a    00000012     libmplmpu.lib : compass_vec_cal.obj (.text:inv_enable_vector_compass_cal)
                  00025d9c    00000012     data_builder.obj (.text:inv_get_compass_bias)
                  00025dae    00000012     eMPL_outputs.obj (.text:inv_get_sensor_type_accel)
                  00025dc0    00000012     eMPL_outputs.obj (.text:inv_get_sensor_type_compass)
                  00025dd2    00000012     eMPL_outputs.obj (.text:inv_get_sensor_type_gyro)
                  00025de4    00000012     eMPL_outputs.obj (.text:inv_start_eMPL_outputs)
                  00025df6    00000012     ff.obj (.text:mem_cpy)
                  00025e08    00000012     ff.obj (.text:mem_set)
                  00025e1a    00000010     data_builder.obj (.text:inv_db_save_func)
                  00025e2a    00000010     results_holder.obj (.text:inv_get_6axis_quaternion)
                  00025e3a    00000010     data_builder.obj (.text:inv_get_mag_accuracy)
                  00025e4a    00000010     data_builder.obj (.text:inv_set_accel_orientation_and_scale)
                  00025e5a    00000010     results_holder.obj (.text:inv_set_compass_bias_error)
                  00025e6a    00000010     data_builder.obj (.text:inv_set_compass_orientation_and_scale)
                  00025e7a    00000010     data_builder.obj (.text:inv_set_gyro_orientation_and_scale)
                  00025e8a    00000010     libmplmpu.lib : mag_disturb.obj (.text:inv_set_magnetic_disturbance)
                  00025e9a    00000010     rts430x_lc_rd.lib : lsl32.obj (.text:l_lsl)
                  00025eaa    00000010                       : lsr32.obj (.text:l_lsr)
                  00025eba    00000010     mllite.obj (.text:tap_cb)
                  00025eca    0000000e     RN42.obj (.text:BT_disable)
                  00025ed8    0000000e     hal_DMA.obj (.text:DMA0_repeatTransfer)
                  00025ee6    0000000e     main.obj (.text:RcStop)
                  00025ef4    0000000e     inv_gyro.obj (.text:gyro_get_compass_fsr)
                  00025f02    0000000e     data_builder.obj (.text:inv_get_accel_on)
                  00025f10    0000000e     data_builder.obj (.text:inv_get_compass_on)
                  00025f1e    0000000e     data_builder.obj (.text:inv_get_gyro)
                  00025f2c    0000000e     data_builder.obj (.text:inv_get_gyro_on)
                  00025f3a    0000000e     results_holder.obj (.text:inv_get_local_field)
                  00025f48    0000000e     libmplmpu.lib : fusion_9axis.obj (.text:inv_start_9x_sensor_fusion)
                  00025f56    0000000e                   : gyro_tc.obj (.text:inv_start_gyro_tc)
                  00025f64    0000000e                   : mag_disturb.obj (.text:inv_start_magnetic_disturbance)
                  00025f72    0000000e                   : compass_vec_cal.obj (.text:inv_start_vector_compass_cal)
                  00025f80    0000000e     rts430x_lc_rd.lib : labs.obj (.text:labs)
                  00025f8e    0000000e     mmc.obj (.text:run_mmc_detectsd)
                  00025f9c    0000000e     data_builder.obj (.text:set_sensor_orientation_and_scale)
                  00025faa    0000000e     main.obj (.text:strlen)
                  00025fb8    0000000e     rts430x_lc_rd.lib : strlen.obj (.text:strlen)
                  00025fc6    0000000c     hal_DMA.obj (.text:DMA0_enable)
                  00025fd2    0000000c     hal_DMA.obj (.text:DMA2_disable)
                  00025fde    0000000c     hal_DMA.obj (.text:DMA2_enable)
                  00025fea    0000000c     main.obj (.text:Dma0BatteryRead)
                  00025ff6    0000000c     main.obj (.text:SyncNodeShift)
                  00026002    0000000c     hal_UartA0.obj (.text:UART_deactivate)
                  0002600e    0000000c     results_holder.obj (.text:inv_get_motion_state)
                  0002601a    0000000c     libmplmpu.lib : motion_no_motion.obj (.text:inv_set_no_motion_time)
                  00026026    0000000a     RN42.obj (.text:BT_disconnect)
                  00026030    0000000a     RN42.obj (.text:BT_setRadioMode)
                  0002603a    0000000a     rts430x_lc_rd.lib : abs.obj (.text:abs)
                  00026044    0000000a     RN42.obj (.text:disableUART)
                  0002604e    0000000a     mmc.obj (.text:get_fattime)
                  00026058    0000000a     inv_gyro.obj (.text:gyro_get_fifo_config)
                  00026062    0000000a     libmplmpu.lib : mag_disturb.obj (.text:inv_get_magnetic_disturbance_state)
                  0002606c    0000000a     storage_manager.obj (.text:inv_get_mpl_state_size)
                  00026076    0000000a     rts430x_lc_rd.lib : fs_neg.obj (.text)
                  00026080    0000000a                       : lsl16.obj (.text)
                  0002608a    0000000a                       : lsr16.obj (.text)
                  00026094    00000008     hal_ADC.obj (.text:ADC_startConversion)
                  0002609c    00000008     hal_DMA.obj (.text:DMA0_disable)
                  000260a4    00000008     hal_I2C.obj (.text:I2C_Set_Slave_Address)
                  000260ac    00000008     main.obj (.text:MPL_calibrateCB)
                  000260b4    00000008     inv_gyro_dmp_android.obj (.text:dmp_register_display_orient_cb)
                  000260bc    00000008     inv_gyro_dmp_android.obj (.text:dmp_register_orient_cb)
                  000260c4    00000008     inv_gyro_dmp_android.obj (.text:dmp_register_tap_cb)
                  000260cc    00000008     RN42.obj (.text:initRN1)
                  000260d4    00000008     libmplmpu.lib : fusion_9axis.obj (.text:inv_9x_fusion_enable_jitter_reduction)
                  000260dc    00000008                   : fusion_9axis.obj (.text:inv_9x_fusion_use_timestamps)
                  000260e4    00000008                   : mag_disturb.obj (.text:inv_disable_dip_tracking)
                  000260ec    00000008     results_holder.obj (.text:inv_generate_results)
                  000260f4    00000008     hal_UartA0.obj (.text:uartUca0TxIsr)
                  000260fc    00000006     ads1292.obj (.text:ADS1292_powerOff)
                  00026102    00000006     RN42.obj (.text:BT_connectionInterrupt)
                  00026108    00000006     RN42.obj (.text:BT_disableRemoteConfig)
                  0002610e    00000006     RN42.obj (.text:BT_getExpResp)
                  00026114    00000006     RN42.obj (.text:BT_getGetMacAddress)
                  0002611a    00000006     RN42.obj (.text:BT_setGetMacAddress)
                  00026120    00000006     RN42.obj (.text:BT_startDone_cb)
                  00026126    00000006     main.obj (.text:BtStartDone)
                  0002612c    00000006     hal_DMA.obj (.text:DMA0_transferDoneFunction)
                  00026132    00000006     hal_DMA.obj (.text:DMA2_transferDoneFunction)
                  00026138    00000006     exg.obj (.text:EXG_dataReadyChip1)
                  0002613e    00000006     exg.obj (.text:EXG_dataReadyChip2)
                  00026144    00000006     exg.obj (.text:EXG_powerOff)
                  0002614a    00000006     hal_I2C.obj (.text:I2C_Disable)
                  00026150    00000006     hal_I2C.obj (.text:I2C_Enable)
                  00026156    00000006     hal_I2C.obj (.text:I2C_Interrupt_Disable)
                  0002615c    00000006     hal_I2C.obj (.text:I2C_Interrupt_Enable)
                  00026162    00000006     hal_SDCard.obj (.text:SDCard_setCSHigh)
                  00026168    00000006     hal_SDCard.obj (.text:SDCard_setCSLow)
                  0002616e    00000006     main.obj (.text:SdPowerOff)
                  00026174    00000006     main.obj (.text:SdPowerOn)
                  0002617a    00000006     main.obj (.text:TaskClear)
                  00026180    00000006     hal_UartA0.obj (.text:UART_init)
                  00026186    00000006     hal_UCA0.obj (.text:UCA0_isrActivate)
                  0002618c    00000006     rts430x_lc_rd.lib : cos.obj (.text:cos)
                  00026192    00000006                       : cosf.obj (.text:cosf)
                  00026198    00000006     mllite.obj (.text:gyro_data_ready_cb)
                  0002619e    00000006     RN42.obj (.text:initRN3)
                  000261a4    00000006     data_builder.obj (.text:inv_accel_was_turned_off)
                  000261aa    00000006     data_builder.obj (.text:inv_compass_was_turned_off)
                  000261b0    00000006     results_holder.obj (.text:inv_get_acc_state)
                  000261b6    00000006     data_builder.obj (.text:inv_get_accel_accuracy)
                  000261bc    00000006     results_holder.obj (.text:inv_get_compass_state)
                  000261c2    00000006     data_builder.obj (.text:inv_get_gyro_accuracy)
                  000261c8    00000006     results_holder.obj (.text:inv_get_large_mag_field)
                  000261ce    00000006     results_holder.obj (.text:inv_got_compass_bias)
                  000261d4    00000006     data_builder.obj (.text:inv_gyro_was_turned_off)
                  000261da    00000006     results_holder.obj (.text:inv_set_compass_bias_found)
                  000261e0    00000006     data_builder.obj (.text:inv_set_compass_disturbance)
                  000261e6    00000006     results_holder.obj (.text:inv_set_compass_state)
                  000261ec    00000006     libmplmpu.lib : fast_no_motion.obj (.text:inv_set_default_number_of_samples)
                  000261f2    00000006     rts430x_lc_rd.lib : log.obj (.text:log)
                  000261f8    00000006     mmc.obj (.text:rcvr_mmc)
                  000261fe    00000006     ff.obj (.text:set_sd_detect)
                  00026204    00000006     rts430x_lc_rd.lib : sin.obj (.text:sin)
                  0002620a    00000006                       : sinf.obj (.text:sinf)
                  00026210    00000006     hal_UartA0.obj (.text:uartRxEnable)
                  00026216    00000006     hal_UartA0.obj (.text:uartTxEnable)
                  0002621c    00000006     mmc.obj (.text:xmit_mmc)
                  00026222    00000004     rts430x_lc_rd.lib : xdint.obj (.text:_Dint)
                  00026226    00000004                       : xdnorm.obj (.text:_Dnorm)
                  0002622a    00000004                       : xdscale.obj (.text:_Dscale)
                  0002622e    00000004                       : xdunscal.obj (.text:_Dunscale)
                  00026232    00000004                       : pre_init.obj (.text:_system_pre_init)
                  00026236    00000004                       : exit.obj (.text:abort)
                  0002623a    00000004     ads1292.obj (.text:ads1292Uca0TxIsr)
                  0002623e    00000002     rts430x_lc_rd.lib : _lock.obj (.text:_nop)


GLOBAL SYMBOLS: SORTED ALPHABETICALLY BY Name 

address   name                                   
-------   ----                                   
00001c00  .bss                                   
00001c00  .data                                  
ffffffff  .text                                  
00000700  ADC12CTL0                              
00000701  ADC12CTL0_H                            
00000700  ADC12CTL0_L                            
00000702  ADC12CTL1                              
00000703  ADC12CTL1_H                            
00000702  ADC12CTL1_L                            
00000704  ADC12CTL2                              
00000705  ADC12CTL2_H                            
00000704  ADC12CTL2_L                            
0000070c  ADC12IE                                
0000070d  ADC12IE_H                              
0000070c  ADC12IE_L                              
0000070a  ADC12IFG                               
0000070b  ADC12IFG_H                             
0000070a  ADC12IFG_L                             
0000070e  ADC12IV                                
0000070f  ADC12IV_H                              
0000070e  ADC12IV_L                              
00000710  ADC12MCTL0                             
00000711  ADC12MCTL1                             
0000071a  ADC12MCTL10                            
0000071b  ADC12MCTL11                            
0000071c  ADC12MCTL12                            
0000071d  ADC12MCTL13                            
0000071e  ADC12MCTL14                            
0000071f  ADC12MCTL15                            
00000712  ADC12MCTL2                             
00000713  ADC12MCTL3                             
00000714  ADC12MCTL4                             
00000715  ADC12MCTL5                             
00000716  ADC12MCTL6                             
00000717  ADC12MCTL7                             
00000718  ADC12MCTL8                             
00000719  ADC12MCTL9                             
00000720  ADC12MEM0                              
00000721  ADC12MEM0_H                            
00000720  ADC12MEM0_L                            
00000722  ADC12MEM1                              
00000734  ADC12MEM10                             
00000735  ADC12MEM10_H                           
00000734  ADC12MEM10_L                           
00000736  ADC12MEM11                             
00000737  ADC12MEM11_H                           
00000736  ADC12MEM11_L                           
00000738  ADC12MEM12                             
00000739  ADC12MEM12_H                           
00000738  ADC12MEM12_L                           
0000073a  ADC12MEM13                             
0000073b  ADC12MEM13_H                           
0000073a  ADC12MEM13_L                           
[...]
0002345e  BMPX80_startPressMeasurement           
000234aa  MPUQuaternionConjugate                 
00023542  ff_convert                             
0002358e  inv_init_9x_fusion                     
000235da  inv_q_invertf                          
00023626  __fs_toul                              
00023672  ADS1292_dataReadyChip1                 
000236bc  TI_USCI_I2C_slave_present              
00023706  msp430_register_timer_cb               
00023750  __fs_cmp                               
0002379a  __fs_ltof                              
0002382c  inv_init_data_builder                  
000238bc  inv_start_fast_nomot                   
00023904  msp430_i2c_write                       
0002394c  MPU9150_wake                           
00023992  gyro_get_accel_sens                    
000239d8  inv_init_quaternion                    
00023a1e  __fs_tou                               
00023a64  BT_write                               
00023aa8  EXG_stop                               
00023aec  msp430_clock_enable                    
00023b30  msp430_reg_int_cb                      
00023b74  sprintf                                
00023bb8  Dma0ConversionDone                     
00023bfa  GSR_setRange                           
00023c3c  Timestamp0ToFirstFile                  
00023c7e  inv_start_quaternion                   
00023cc0  msp430_delay_ms                        
00023d02  ADS1292_readDataContinuousMode         
00023d42  LSM303AHTR_accelInit                   
00023d82  SetVCore                               
00023dc2  __asrll                                
00023e02  gyro_get_accel_fsr                     
00023e42  inv_build_gyro                         
00023e82  inv_checksum                           
00023ec2  inv_set_motion_state                   
00023f02  __divli                                
00023f02  __remli                                
00023f42  ADS1292_start                          
00023f80  BMPX80_getCalibCoeff                   
00023fbe  TB0Start                               
0002403a  inv_init_mpl                           
00024078  inv_set_accel_sample_rate              
000240b6  inv_set_compass_sample_rate            
000240f4  inv_set_gyro_sample_rate               
00024132  L_ASR_15                               
00024136  L_ASR_14                               
0002413a  L_ASR_13                               
0002413e  L_ASR_12                               
00024142  L_ASR_11                               
00024146  L_ASR_10                               
0002414a  L_ASR_9                                
0002414e  L_ASR_8                                
00024152  L_ASR_7                                
00024156  L_ASR_6                                
0002415a  L_ASR_5                                
0002415e  L_ASR_4                                
00024162  L_ASR_3                                
00024166  L_ASR_2                                
0002416a  L_ASR_1                                
00024170  L_LSL_15                               
00024174  L_LSL_14                               
00024178  L_LSL_13                               
0002417c  L_LSL_12                               
00024180  L_LSL_11                               
00024184  L_LSL_10                               
00024188  L_LSL_9                                
0002418c  L_LSL_8                                
00024190  L_LSL_7                                
00024194  L_LSL_6                                
00024198  L_LSL_5                                
0002419c  L_LSL_4                                
000241a0  L_LSL_3                                
000241a4  L_LSL_2                                
000241a8  L_LSL_1                                
000241ae  L_LSR_15                               
000241b2  L_LSR_14                               
000241b6  L_LSR_13                               
000241ba  L_LSR_12                               
000241be  L_LSR_11                               
000241c2  L_LSR_10                               
000241c6  L_LSR_9                                
000241ca  L_LSR_8                                
000241ce  L_LSR_7                                
000241d2  L_LSR_6                                
000241d6  L_LSR_5                                
000241da  L_LSR_4                                
000241de  L_LSR_3                                
000241e2  L_LSR_2                                
000241e6  L_LSR_1                                
000241ec  EXG_writeRegs                          
00024228  gyro_get_gyro_fsr                      
00024264  inv_get_compass_set                    
000242a0  sendNextChar                           
000242dc  strstr                                 
00024318  ADS1292_chip1CsEnable                  
00024352  ADS1292_chip2CsEnable                  
0002438c  BMPX80_init                            
000243c6  LSM303AHTR_init                        
00024400  LSM303AHTR_sleep                       
0002443a  LSM303DLHC_init                        
00024474  UartCheckCrc                           
000244ae  __lslll                                
000244e8  __lsrll                                
00024522  inv_get_quaternion                     
0002455c  inv_init_vector_compass_cal            
00024596  ADS1292_resetPulse                     
000245ce  LSM303DLHC_sleep                       
00024606  RTC_get32                              
0002463e  RwcCheck                               
00024676  UART_config                            
000246ae  inv_init_gyro_ts                       
000246e6  inv_reset_data_collection              
0002471e  signal                                 
0002478e  _Feraise                               
000247c4  inv_q29_mult                           
000247fa  inv_q30_mult                           
00024830  __fs_itof                              
00024866  ADS1292_offsetCal                      
0002489a  BattBlinkOn                            
000248ce  MPU9150_reset                          
00024902  PrepareSDBuffHead                      
00024936  UART_activate                          
0002496a  dmp_set_tap_axes                       
0002499e  feraiseexcept                          
000249d2  ff_wtoupper                            
00024a06  inv_enable_gyro_tc                     
00024a3a  inv_get_accel_set                      
00024a6e  RcNodeT1                               
00024aa0  f_mount                                
00024ad2  inv_build_quat                         
00024b68  raise                                  
00024b9a  __fs_ultof                             
00024bcc  BMPX80_setup                           
00024bfc  BtStop                                 
00024c2c  inv_get_gyro_set                       
00024c5c  ADS1292_readDataChip1                  
00024c8a  ADS1292_readDataChip2                  
00024cb8  BMPX80_getPress                        
00024ce6  BMPX80_startTempMeasurement            
00024d14  f_putc                                 
00024d42  memmove                                
00024d70  BMPX80_getTemp                         
00024d9c  Board_ledOff                           
00024dc8  Board_ledOn                            
00024df4  Board_ledToggle                        
00024e20  CheckSdInslot                          
00024e4c  f_puts                                 
00024e78  inv_execute_mpl_start_notification     
00024ea4  inv_get_sensor_type_quat               
00024efc  inv_start_motion_no_motion             
00024f28  __divi                                 
00024f28  __remi                                 
00024f80  BT_rst_MessageProgress                 
00024faa  LFXT_Start                             
00024fd4  LSM303AHTR_magInit                     
00024ffe  SDCard_readFrame                       
00025028  ShimmerCalib_findLength                
00025052  UART_write                             
0002507c  UCA0_isrInit                           
000250a6  __mpysll_f5hw                          
000250d0  inv_get_sensor_type_rot_mat            
000250fa  inv_orientation_matrix_to_scalar       
00025124  uartSendNextChar                       
0002514e  ADS1292_enableDrdyInterrupts           
00025176  BT_setGoodCommand                      
0002519e  BtStart                                
000251c6  DMA0_init                              
000251ee  EXG_init                               
00025216  EXG_offsetCal                          
0002523e  GetSdCfgFlag                           
00025266  ShimmerCalibInitFromInfoAll            
0002528e  TaskCurrentGet                         
000252b6  dmp_set_tap_count                      
000252de  inv_get_accel_bias                     
00025306  inv_get_gyro_bias                      
0002532e  start3                                 
00025356  BT_rtsInterrupt                        
0002537c  GSR_init                               
000253a2  GetTB0                                 
000253c8  MPU9150_setSamplingRate                
000253ee  RTC_get64                              
00025414  ShimmerCalib_initVer                   
0002543a  dmp_set_orient_time                    
00025460  dmp_set_shake_reject_time              
00025486  dmp_set_shake_reject_timeout           
000254ac  dmp_set_tap_time                       
000254d2  dmp_set_tap_time_multi                 
000254f8  initRN2                                
0002551e  inv_build_temp                         
00025544  writeCommandNoRsp                      
0002556a  GSR_initSmoothing                      
0002558e  InfoMem_read                           
000255d6  inv_set_compass_correction             
000255fa  inv_store_gaming_quaternion            
0002561e  __fs_utof                              
00025642  inv_init_motion_no_motion              
00025686  inv_init_storage_manager               
000256a8  inv_register_mpl_start_notification    
000256ca  __mpyl_f5hw                            
000256ec  LSM303AHTR_getAccel                    
0002570c  LSM303DLHC_getAccel                    
0002572c  MPU9150_getAccel                       
0002574c  MPU9150_getGyro                        
0002576c  MPU9150_startMagMeasurement            
0002578c  SDCard_sendFrame                       
000257ac  ShimmerCalibSyncFromDumpRamAll         
000257cc  UartCbufPush                           
0002580c  disk_status                            
0002582c  inv_get_compass_correction             
0002584c  ADC_disable                            
0002586a  DMA2_init                              
00025888  MPU9150_getId                          
000258a6  RTC_init                               
000258c4  XT2_Start                              
00025900  inv_init_start_manager                 
0002591e  inv_set_message                        
0002593c  memccpy                                
0002595a  msp430_i2c_read                        
00025978  BT_connect                             
00025994  BlinkTimerStart                        
000259b0  MPU9150_getMagId                       
000259cc  dmp_set_orient_axes                    
000259e8  start2                                 
00025a04  CAT24C16_powerOff                      
00025a1e  CAT24C16_powerOn                       
00025a38  ChargeStatusTimerStart                 
00025a6c  inv_enable_magnetic_disturbance        
00025aa0  BT_start                               
00025ab8  inv_enable_9x_sensor_fusion            
00025ad0  inv_enable_fast_nomot                  
00025ae8  msp430_get_clock_ms                    
00025b18  Button_interruptEnable                 
00025b44  dmp_load_android_firmware              
00025b5a  f_close                                
00025b70  inv_get_message_level_0                
00025b86  inv_start_mpl                          
00025b9c  llabs                                  
00025bb2  memset                                 
00025bc8  __divu                                 
00025bc8  __remu                                 
00025bde  __mpyi_f5hw                            
00025bf4  uartUca0RxIsr                          
00025c0a  ADS1292_disableDrdyInterrupts          
00025c1e  Button_init                            
00025c32  CommTimerStart                         
00025c46  ReadBatt                               
00025c6e  disableRN                              
00025c96  gyro_get_sample_rate                   
00025caa  inv_start_results_holder               
00025cd2  memcpy                                 
00025ce6  msp430_i2c_enable                      
00025cfa  SDCard_fastMode                        
00025d0c  TB0Stop                                
00025d1e  TaskSet                                
00025d42  inv_enable_eMPL_outputs                
00025d54  inv_enable_motion_no_motion            
00025d66  inv_enable_quaternion                  
00025d78  inv_enable_results_holder              
00025d8a  inv_enable_vector_compass_cal          
00025d9c  inv_get_compass_bias                   
00025dae  inv_get_sensor_type_accel              
00025dc0  inv_get_sensor_type_compass            
00025dd2  inv_get_sensor_type_gyro               
00025e2a  inv_get_6axis_quaternion               
00025e3a  inv_get_mag_accuracy                   
00025e4a  inv_set_accel_orientation_and_scale    
00025e5a  inv_set_compass_bias_error             
00025e6a  inv_set_compass_orientation_and_scale  
00025e7a  inv_set_gyro_orientation_and_scale     
00025e8a  inv_set_magnetic_disturbance           
00025e9a  L_LSL                                  
00025eaa  L_LSR                                  
00025eca  BT_disable                             
00025ed8  DMA0_repeatTransfer                    
00025ee6  RcStop                                 
00025ef4  gyro_get_compass_fsr                   
00025f02  inv_get_accel_on                       
00025f10  inv_get_compass_on                     
00025f1e  inv_get_gyro                           
00025f2c  inv_get_gyro_on                        
00025f3a  inv_get_local_field                    
00025f48  inv_start_9x_sensor_fusion             
00025f56  inv_start_gyro_tc                      
00025f64  inv_start_magnetic_disturbance         
00025f72  inv_start_vector_compass_cal           
00025f80  labs                                   
00025f8e  run_mmc_detectsd                       
00025f9c  set_sensor_orientation_and_scale       
00025fb8  strlen                                 
00025fc6  DMA0_enable                            
00025fd2  DMA2_disable                           
00025fde  DMA2_enable                            
00025fea  Dma0BatteryRead                        
00025ff6  SyncNodeShift                          
00026002  UART_deactivate                        
0002600e  inv_get_motion_state                   
0002601a  inv_set_no_motion_time                 
00026026  BT_disconnect                          
00026030  BT_setRadioMode                        
0002603a  abs                                    
00026044  disableUART                            
0002604e  get_fattime                            
00026058  gyro_get_fifo_config                   
00026062  inv_get_magnetic_disturbance_state     
0002606c  inv_get_mpl_state_size                 
00026076  __fs_neg                               
00026080  I_LSL                                  
0002608a  I_LSR                                  
00026094  ADC_startConversion                    
0002609c  DMA0_disable                           
000260a4  I2C_Set_Slave_Address                  
000260ac  MPL_calibrateCB                        
000260b4  dmp_register_display_orient_cb         
000260bc  dmp_register_orient_cb                 
000260c4  dmp_register_tap_cb                    
000260cc  initRN1                                
000260d4  inv_9x_fusion_enable_jitter_reduction  
000260dc  inv_9x_fusion_use_timestamps           
000260e4  inv_disable_dip_tracking               
000260ec  inv_generate_results                   
000260f4  uartUca0TxIsr                          
000260fc  ADS1292_powerOff                       
00026102  BT_connectionInterrupt                 
00026108  BT_disableRemoteConfig                 
0002610e  BT_getExpResp                          
00026114  BT_getGetMacAddress                    
0002611a  BT_setGetMacAddress                    
00026120  BT_startDone_cb                        
00026126  BtStartDone                            
0002612c  DMA0_transferDoneFunction              
00026132  DMA2_transferDoneFunction              
00026138  EXG_dataReadyChip1                     
0002613e  EXG_dataReadyChip2                     
00026144  EXG_powerOff                           
0002614a  I2C_Disable                            
00026150  I2C_Enable                             
00026156  I2C_Interrupt_Disable                  
0002615c  I2C_Interrupt_Enable                   
00026162  SDCard_setCSHigh                       
00026168  SDCard_setCSLow                        
0002616e  SdPowerOff                             
00026174  SdPowerOn                              
0002617a  TaskClear                              
00026180  UART_init                              
00026186  UCA0_isrActivate                       
0002618c  cos                                    
00026192  cosf                                   
00026198  gyro_data_ready_cb                     
0002619e  initRN3                                
000261a4  inv_accel_was_turned_off               
000261aa  inv_compass_was_turned_off             
000261b0  inv_get_acc_state                      
000261b6  inv_get_accel_accuracy                 
000261bc  inv_get_compass_state                  
000261c2  inv_get_gyro_accuracy                  
000261c8  inv_get_large_mag_field                
000261ce  inv_got_compass_bias                   
000261d4  inv_gyro_was_turned_off                
000261da  inv_set_compass_bias_found             
000261e0  inv_set_compass_disturbance            
000261e6  inv_set_compass_state                  
000261ec  inv_set_default_number_of_samples      
000261f2  log                                    
000261fe  set_sd_detect                          
00026204  sin                                    
0002620a  sinf                                   
00026210  uartRxEnable                           
00026216  uartTxEnable                           
00026222  _Dint                                  
00026226  _Dnorm                                 
0002622a  _Dscale                                
0002622e  _Dunscale                              
00026232  _system_pre_init                       
00026236  C$$EXIT                                
00026236  abort                                  
0002623a  ads1292Uca0TxIsr                       
0002623e  _nop                                   
00028222  _ctypes_                               
0002868c  inv_mnm_param                          
000286c2  __cinit__                              
000286c2  cinit                                  
ffffffff  .text                                  
ffffffff  __binit__                              
ffffffff  __c_args__                             
ffffffff  __etext__                              
ffffffff  __pinit__                              
ffffffff  __text__                               
ffffffff  binit                                  
ffffffff  etext                                  
ffffffff  pinit                                  

[1744 symbols]
