<?xml version="1.0"?>
<link_info>
   <banner>MSP430 Linker PC v4.4.8</banner>
   <copyright>Copyright (c) 2003-2015 Texas Instruments Incorporated</copyright>
   <link_time>0x59245350</link_time>
   <link_errors>0x0</link_errors>
   <output_file>SDLog.out</output_file>
   <entry_point>
      <name>_c_int00_noargs_noexit</name>
      <address>0x693c</address>
   </entry_point>
   <input_file_list>
      <input_file id="fl-2">
         <path>.\</path>
         <kind>object</kind>
         <file>main.obj</file>
         <name>main.obj</name>
      </input_file>
      <input_file id="fl-3">
         <path>.\5xx_HAL\</path>
         <kind>object</kind>
         <file>hal_ADC.obj</file>
         <name>hal_ADC.obj</name>
      </input_file>
      <input_file id="fl-4">
         <path>.\5xx_HAL\</path>
         <kind>object</kind>
         <file>hal_Board.obj</file>
         <name>hal_Board.obj</name>
      </input_file>
      <input_file id="fl-5">
         <path>.\5xx_HAL\</path>
         <kind>object</kind>
         <file>hal_Button.obj</file>
         <name>hal_Button.obj</name>
      </input_file>
      <input_file id="fl-6">
         <path>.\5xx_HAL\</path>
         <kind>object</kind>
         <file>hal_CRC.obj</file>
         <name>hal_CRC.obj</name>
      </input_file>
      <input_file id="fl-7">
         <path>.\5xx_HAL\</path>
         <kind>object</kind>
         <file>hal_DMA.obj</file>
         <name>hal_DMA.obj</name>
      </input_file>
      <input_file id="fl-8">
         <path>.\5xx_HAL\</path>
         <kind>object</kind>
         <file>hal_I2C.obj</file>
         <name>hal_I2C.obj</name>
      </input_file>
      <input_file id="fl-9">
         <path>.\5xx_HAL\</path>
         <kind>object</kind>
         <file>hal_InfoMem.obj</file>
         <name>hal_InfoMem.obj</name>
      </input_file>
      <input_file id="fl-a">
         <path>.\5xx_HAL\</path>
         <kind>object</kind>
         <file>hal_RTC.obj</file>
         <name>hal_RTC.obj</name>
      </input_file>
      <input_file id="fl-b">
         <path>.\5xx_HAL\</path>
         <kind>object</kind>
         <file>hal_SDCard.obj</file>
         <name>hal_SDCard.obj</name>
      </input_file>
      <input_file id="fl-c">
         <path>.\5xx_HAL\</path>
         <kind>object</kind>
         <file>hal_TB0.obj</file>
         <name>hal_TB0.obj</name>
      </input_file>
      <input_file id="fl-d">
         <path>.\5xx_HAL\</path>
         <kind>object</kind>
         <file>hal_UCA0.obj</file>
         <name>hal_UCA0.obj</name>
      </input_file>
      <input_file id="fl-e">
         <path>.\5xx_HAL\</path>
         <kind>object</kind>
         <file>hal_UCS.obj</file>
         <name>hal_UCS.obj</name>
      </input_file>
      <input_file id="fl-f">
         <path>.\5xx_HAL\</path>
         <kind>object</kind>
         <file>hal_UartA0.obj</file>
         <name>hal_UartA0.obj</name>
      </input_file>
      <input_file id="fl-10">
         <path>.\5xx_HAL\</path>
         <kind>object</kind>
         <file>hal_pmm.obj</file>
         <name>hal_pmm.obj</name>
      </input_file>
      <input_file id="fl-11">
         <path>.\BMPX80\</path>
         <kind>object</kind>
         <file>bmpX80.obj</file>
         <name>bmpX80.obj</name>
      </input_file>
      <input_file id="fl-12">
         <path>.\Bluetooth_SD\</path>
         <kind>object</kind>
         <file>RN42.obj</file>
         <name>RN42.obj</name>
      </input_file>
      <input_file id="fl-13">
         <path>.\CAT24C16\</path>
         <kind>object</kind>
         <file>cat24c16.obj</file>
         <name>cat24c16.obj</name>
      </input_file>
      <input_file id="fl-14">
         <path>.\EXG\</path>
         <kind>object</kind>
         <file>ads1292.obj</file>
         <name>ads1292.obj</name>
      </input_file>
      <input_file id="fl-15">
         <path>.\EXG\</path>
         <kind>object</kind>
         <file>exg.obj</file>
         <name>exg.obj</name>
      </input_file>
      <input_file id="fl-16">
         <path>.\FatFs\</path>
         <kind>object</kind>
         <file>ff.obj</file>
         <name>ff.obj</name>
      </input_file>
      <input_file id="fl-17">
         <path>.\FatFs\</path>
         <kind>object</kind>
         <file>mmc.obj</file>
         <name>mmc.obj</name>
      </input_file>
      <input_file id="fl-18">
         <path>.\FatFs\option\</path>
         <kind>object</kind>
         <file>ccsbcs.obj</file>
         <name>ccsbcs.obj</name>
      </input_file>
      <input_file id="fl-19">
         <path>.\FatFs\option\</path>
         <kind>object</kind>
         <file>syscall.obj</file>
         <name>syscall.obj</name>
      </input_file>
      <input_file id="fl-1a">
         <path>.\GSR\</path>
         <kind>object</kind>
         <file>gsr.obj</file>
         <name>gsr.obj</name>
      </input_file>
      <input_file id="fl-1b">
         <path>.\LSM303DLHC\</path>
         <kind>object</kind>
         <file>lsm303dlhc.obj</file>
         <name>lsm303dlhc.obj</name>
      </input_file>
      <input_file id="fl-1c">
         <path>.\MPU9150\Pansenti\</path>
         <kind>object</kind>
         <file>MPUQuaternion.obj</file>
         <name>MPUQuaternion.obj</name>
      </input_file>
      <input_file id="fl-1d">
         <path>.\MPU9150\Pansenti\</path>
         <kind>object</kind>
         <file>MPUVector3.obj</file>
         <name>MPUVector3.obj</name>
      </input_file>
      <input_file id="fl-1e">
         <path>.\MPU9150\core\driver\eMPL\</path>
         <kind>object</kind>
         <file>inv_gyro.obj</file>
         <name>inv_gyro.obj</name>
      </input_file>
      <input_file id="fl-1f">
         <path>.\MPU9150\core\driver\eMPL\</path>
         <kind>object</kind>
         <file>inv_gyro_dmp_android.obj</file>
         <name>inv_gyro_dmp_android.obj</name>
      </input_file>
      <input_file id="fl-20">
         <path>.\MPU9150\core\driver\msp430\F5xx_F6xx_Core_Lib\</path>
         <kind>object</kind>
         <file>HAL_FLASH.obj</file>
         <name>HAL_FLASH.obj</name>
      </input_file>
      <input_file id="fl-21">
         <path>.\MPU9150\core\driver\msp430\F5xx_F6xx_Core_Lib\</path>
         <kind>object</kind>
         <file>HAL_PMAP.obj</file>
         <name>HAL_PMAP.obj</name>
      </input_file>
      <input_file id="fl-22">
         <path>.\MPU9150\core\driver\msp430\F5xx_F6xx_Core_Lib\</path>
         <kind>object</kind>
         <file>HAL_TLV.obj</file>
         <name>HAL_TLV.obj</name>
      </input_file>
      <input_file id="fl-23">
         <path>.\MPU9150\core\driver\msp430\USB_eMPL\</path>
         <kind>object</kind>
         <file>log_msp430.obj</file>
         <name>log_msp430.obj</name>
      </input_file>
      <input_file id="fl-24">
         <path>.\MPU9150\core\driver\msp430\</path>
         <kind>object</kind>
         <file>msp430_i2c.obj</file>
         <name>msp430_i2c.obj</name>
      </input_file>
      <input_file id="fl-25">
         <path>.\MPU9150\core\driver\msp430\</path>
         <kind>object</kind>
         <file>msp430_interrupt.obj</file>
         <name>msp430_interrupt.obj</name>
      </input_file>
      <input_file id="fl-26">
         <path>.\MPU9150\core\driver\msp430\</path>
         <kind>object</kind>
         <file>msp430_uart.obj</file>
         <name>msp430_uart.obj</name>
      </input_file>
      <input_file id="fl-27">
         <path>.\MPU9150\core\eMPL-hal\</path>
         <kind>object</kind>
         <file>eMPL_outputs.obj</file>
         <name>eMPL_outputs.obj</name>
      </input_file>
      <input_file id="fl-28">
         <path>.\MPU9150\core\mllite\</path>
         <kind>object</kind>
         <file>data_builder.obj</file>
         <name>data_builder.obj</name>
      </input_file>
      <input_file id="fl-29">
         <path>.\MPU9150\core\mllite\</path>
         <kind>object</kind>
         <file>hal_outputs.obj</file>
         <name>hal_outputs.obj</name>
      </input_file>
      <input_file id="fl-2a">
         <path>.\MPU9150\core\mllite\</path>
         <kind>object</kind>
         <file>message_layer.obj</file>
         <name>message_layer.obj</name>
      </input_file>
      <input_file id="fl-2b">
         <path>.\MPU9150\core\mllite\</path>
         <kind>object</kind>
         <file>ml_math_func.obj</file>
         <name>ml_math_func.obj</name>
      </input_file>
      <input_file id="fl-2c">
         <path>.\MPU9150\core\mllite\</path>
         <kind>object</kind>
         <file>mlmath.obj</file>
         <name>mlmath.obj</name>
      </input_file>
      <input_file id="fl-2d">
         <path>.\MPU9150\core\mllite\</path>
         <kind>object</kind>
         <file>mpl.obj</file>
         <name>mpl.obj</name>
      </input_file>
      <input_file id="fl-2e">
         <path>.\MPU9150\core\mllite\</path>
         <kind>object</kind>
         <file>results_holder.obj</file>
         <name>results_holder.obj</name>
      </input_file>
      <input_file id="fl-2f">
         <path>.\MPU9150\core\mllite\</path>
         <kind>object</kind>
         <file>start_manager.obj</file>
         <name>start_manager.obj</name>
      </input_file>
      <input_file id="fl-30">
         <path>.\MPU9150\core\mllite\</path>
         <kind>object</kind>
         <file>storage_manager.obj</file>
         <name>storage_manager.obj</name>
      </input_file>
      <input_file id="fl-31">
         <path>.\MPU9150\</path>
         <kind>object</kind>
         <file>mllite.obj</file>
         <name>mllite.obj</name>
      </input_file>
      <input_file id="fl-32">
         <path>.\MPU9150\</path>
         <kind>object</kind>
         <file>mpu9150.obj</file>
         <name>mpu9150.obj</name>
      </input_file>
      <input_file id="fl-33">
         <path>.\msp430_clock\</path>
         <kind>object</kind>
         <file>msp430_clock.obj</file>
         <name>msp430_clock.obj</name>
      </input_file>
      <input_file id="fl-34">
         <path>.\shimmer_calibration\</path>
         <kind>object</kind>
         <file>shimmer_calibration.obj</file>
         <name>shimmer_calibration.obj</name>
      </input_file>
      <input_file id="fl-3d">
         <path>..\MPU9150\core\mpl\</path>
         <kind>archive</kind>
         <file>libmplmpu.lib</file>
         <name>quaternion_supervisor.obj</name>
      </input_file>
      <input_file id="fl-3e">
         <path>..\MPU9150\core\mpl\</path>
         <kind>archive</kind>
         <file>libmplmpu.lib</file>
         <name>motion_no_motion.obj</name>
      </input_file>
      <input_file id="fl-3f">
         <path>..\MPU9150\core\mpl\</path>
         <kind>archive</kind>
         <file>libmplmpu.lib</file>
         <name>mag_disturb.obj</name>
      </input_file>
      <input_file id="fl-40">
         <path>..\MPU9150\core\mpl\</path>
         <kind>archive</kind>
         <file>libmplmpu.lib</file>
         <name>gyro_tc.obj</name>
      </input_file>
      <input_file id="fl-41">
         <path>..\MPU9150\core\mpl\</path>
         <kind>archive</kind>
         <file>libmplmpu.lib</file>
         <name>fusion_9axis.obj</name>
      </input_file>
      <input_file id="fl-42">
         <path>..\MPU9150\core\mpl\</path>
         <kind>archive</kind>
         <file>libmplmpu.lib</file>
         <name>fast_no_motion.obj</name>
      </input_file>
      <input_file id="fl-43">
         <path>..\MPU9150\core\mpl\</path>
         <kind>archive</kind>
         <file>libmplmpu.lib</file>
         <name>compass_vec_cal.obj</name>
      </input_file>
      <input_file id="fl-6d">
         <path>C:\ti\ccsv7\tools\compiler\ti-cgt-msp430_4.4.8\lib\</path>
         <kind>archive</kind>
         <file>rts430x_lc_rd.lib</file>
         <name>abs.obj</name>
      </input_file>
      <input_file id="fl-6e">
         <path>C:\ti\ccsv7\tools\compiler\ti-cgt-msp430_4.4.8\lib\</path>
         <kind>archive</kind>
         <file>rts430x_lc_rd.lib</file>
         <name>acos.obj</name>
      </input_file>
      <input_file id="fl-6f">
         <path>C:\ti\ccsv7\tools\compiler\ti-cgt-msp430_4.4.8\lib\</path>
         <kind>archive</kind>
         <file>rts430x_lc_rd.lib</file>
         <name>acosf.obj</name>
      </input_file>
      <input_file id="fl-70">
         <path>C:\ti\ccsv7\tools\compiler\ti-cgt-msp430_4.4.8\lib\</path>
         <kind>archive</kind>
         <file>rts430x_lc_rd.lib</file>
         <name>asin.obj</name>
      </input_file>
      <input_file id="fl-71">
         <path>C:\ti\ccsv7\tools\compiler\ti-cgt-msp430_4.4.8\lib\</path>
         <kind>archive</kind>
         <file>rts430x_lc_rd.lib</file>
         <name>asinf.obj</name>
      </input_file>
      <input_file id="fl-72">
         <path>C:\ti\ccsv7\tools\compiler\ti-cgt-msp430_4.4.8\lib\</path>
         <kind>archive</kind>
         <file>rts430x_lc_rd.lib</file>
         <name>asr32.obj</name>
      </input_file>
      <input_file id="fl-73">
         <path>C:\ti\ccsv7\tools\compiler\ti-cgt-msp430_4.4.8\lib\</path>
         <kind>archive</kind>
         <file>rts430x_lc_rd.lib</file>
         <name>asr64.obj</name>
      </input_file>
      <input_file id="fl-74">
         <path>C:\ti\ccsv7\tools\compiler\ti-cgt-msp430_4.4.8\lib\</path>
         <kind>archive</kind>
         <file>rts430x_lc_rd.lib</file>
         <name>atan.obj</name>
      </input_file>
      <input_file id="fl-75">
         <path>C:\ti\ccsv7\tools\compiler\ti-cgt-msp430_4.4.8\lib\</path>
         <kind>archive</kind>
         <file>rts430x_lc_rd.lib</file>
         <name>atan2.obj</name>
      </input_file>
      <input_file id="fl-76">
         <path>C:\ti\ccsv7\tools\compiler\ti-cgt-msp430_4.4.8\lib\</path>
         <kind>archive</kind>
         <file>rts430x_lc_rd.lib</file>
         <name>atan2f.obj</name>
      </input_file>
      <input_file id="fl-77">
         <path>C:\ti\ccsv7\tools\compiler\ti-cgt-msp430_4.4.8\lib\</path>
         <kind>archive</kind>
         <file>rts430x_lc_rd.lib</file>
         <name>atoi.obj</name>
      </input_file>
      <input_file id="fl-78">
         <path>C:\ti\ccsv7\tools\compiler\ti-cgt-msp430_4.4.8\lib\</path>
         <kind>archive</kind>
         <file>rts430x_lc_rd.lib</file>
         <name>atol.obj</name>
      </input_file>
      <input_file id="fl-79">
         <path>C:\ti\ccsv7\tools\compiler\ti-cgt-msp430_4.4.8\lib\</path>
         <kind>archive</kind>
         <file>rts430x_lc_rd.lib</file>
         <name>atoll.obj</name>
      </input_file>
      <input_file id="fl-7a">
         <path>C:\ti\ccsv7\tools\compiler\ti-cgt-msp430_4.4.8\lib\</path>
         <kind>archive</kind>
         <file>rts430x_lc_rd.lib</file>
         <name>boot.obj</name>
      </input_file>
      <input_file id="fl-7b">
         <path>C:\ti\ccsv7\tools\compiler\ti-cgt-msp430_4.4.8\lib\</path>
         <kind>archive</kind>
         <file>rts430x_lc_rd.lib</file>
         <name>boot_special.obj</name>
      </input_file>
      <input_file id="fl-7c">
         <path>C:\ti\ccsv7\tools\compiler\ti-cgt-msp430_4.4.8\lib\</path>
         <kind>archive</kind>
         <file>rts430x_lc_rd.lib</file>
         <name>ceil.obj</name>
      </input_file>
      <input_file id="fl-7d">
         <path>C:\ti\ccsv7\tools\compiler\ti-cgt-msp430_4.4.8\lib\</path>
         <kind>archive</kind>
         <file>rts430x_lc_rd.lib</file>
         <name>copy_decompress_none.obj</name>
      </input_file>
      <input_file id="fl-7e">
         <path>C:\ti\ccsv7\tools\compiler\ti-cgt-msp430_4.4.8\lib\</path>
         <kind>archive</kind>
         <file>rts430x_lc_rd.lib</file>
         <name>copy_decompress_rle.obj</name>
      </input_file>
      <input_file id="fl-7f">
         <path>C:\ti\ccsv7\tools\compiler\ti-cgt-msp430_4.4.8\lib\</path>
         <kind>archive</kind>
         <file>rts430x_lc_rd.lib</file>
         <name>copy_zero_init.obj</name>
      </input_file>
      <input_file id="fl-80">
         <path>C:\ti\ccsv7\tools\compiler\ti-cgt-msp430_4.4.8\lib\</path>
         <kind>archive</kind>
         <file>rts430x_lc_rd.lib</file>
         <name>cos.obj</name>
      </input_file>
      <input_file id="fl-81">
         <path>C:\ti\ccsv7\tools\compiler\ti-cgt-msp430_4.4.8\lib\</path>
         <kind>archive</kind>
         <file>rts430x_lc_rd.lib</file>
         <name>cosf.obj</name>
      </input_file>
      <input_file id="fl-82">
         <path>C:\ti\ccsv7\tools\compiler\ti-cgt-msp430_4.4.8\lib\</path>
         <kind>archive</kind>
         <file>rts430x_lc_rd.lib</file>
         <name>ctype.obj</name>
      </input_file>
      <input_file id="fl-83">
         <path>C:\ti\ccsv7\tools\compiler\ti-cgt-msp430_4.4.8\lib\</path>
         <kind>archive</kind>
         <file>rts430x_lc_rd.lib</file>
         <name>div16s.obj</name>
      </input_file>
      <input_file id="fl-84">
         <path>C:\ti\ccsv7\tools\compiler\ti-cgt-msp430_4.4.8\lib\</path>
         <kind>archive</kind>
         <file>rts430x_lc_rd.lib</file>
         <name>div16u.obj</name>
      </input_file>
      <input_file id="fl-85">
         <path>C:\ti\ccsv7\tools\compiler\ti-cgt-msp430_4.4.8\lib\</path>
         <kind>archive</kind>
         <file>rts430x_lc_rd.lib</file>
         <name>div32s.obj</name>
      </input_file>
      <input_file id="fl-86">
         <path>C:\ti\ccsv7\tools\compiler\ti-cgt-msp430_4.4.8\lib\</path>
         <kind>archive</kind>
         <file>rts430x_lc_rd.lib</file>
         <name>div32u.obj</name>
      </input_file>
      <input_file id="fl-87">
         <path>C:\ti\ccsv7\tools\compiler\ti-cgt-msp430_4.4.8\lib\</path>
         <kind>archive</kind>
         <file>rts430x_lc_rd.lib</file>
         <name>div64s.obj</name>
      </input_file>
      <input_file id="fl-88">
         <path>C:\ti\ccsv7\tools\compiler\ti-cgt-msp430_4.4.8\lib\</path>
         <kind>archive</kind>
         <file>rts430x_lc_rd.lib</file>
         <name>div64u.obj</name>
      </input_file>
      <input_file id="fl-89">
         <path>C:\ti\ccsv7\tools\compiler\ti-cgt-msp430_4.4.8\lib\</path>
         <kind>archive</kind>
         <file>rts430x_lc_rd.lib</file>
         <name>exit.obj</name>
      </input_file>
      <input_file id="fl-8a">
         <path>C:\ti\ccsv7\tools\compiler\ti-cgt-msp430_4.4.8\lib\</path>
         <kind>archive</kind>
         <file>rts430x_lc_rd.lib</file>
         <name>exit_gvars.obj</name>
      </input_file>
      <input_file id="fl-8b">
         <path>C:\ti\ccsv7\tools\compiler\ti-cgt-msp430_4.4.8\lib\</path>
         <kind>archive</kind>
         <file>rts430x_lc_rd.lib</file>
         <name>floor.obj</name>
      </input_file>
      <input_file id="fl-8c">
         <path>C:\ti\ccsv7\tools\compiler\ti-cgt-msp430_4.4.8\lib\</path>
         <kind>archive</kind>
         <file>rts430x_lc_rd.lib</file>
         <name>fmod.obj</name>
      </input_file>
      <input_file id="fl-8d">
         <path>C:\ti\ccsv7\tools\compiler\ti-cgt-msp430_4.4.8\lib\</path>
         <kind>archive</kind>
         <file>rts430x_lc_rd.lib</file>
         <name>fs_add.obj</name>
      </input_file>
      <input_file id="fl-8e">
         <path>C:\ti\ccsv7\tools\compiler\ti-cgt-msp430_4.4.8\lib\</path>
         <kind>archive</kind>
         <file>rts430x_lc_rd.lib</file>
         <name>fs_cmp.obj</name>
      </input_file>
      <input_file id="fl-8f">
         <path>C:\ti\ccsv7\tools\compiler\ti-cgt-msp430_4.4.8\lib\</path>
         <kind>archive</kind>
         <file>rts430x_lc_rd.lib</file>
         <name>fs_div.obj</name>
      </input_file>
      <input_file id="fl-90">
         <path>C:\ti\ccsv7\tools\compiler\ti-cgt-msp430_4.4.8\lib\</path>
         <kind>archive</kind>
         <file>rts430x_lc_rd.lib</file>
         <name>fs_itof.obj</name>
      </input_file>
      <input_file id="fl-91">
         <path>C:\ti\ccsv7\tools\compiler\ti-cgt-msp430_4.4.8\lib\</path>
         <kind>archive</kind>
         <file>rts430x_lc_rd.lib</file>
         <name>fs_ltof.obj</name>
      </input_file>
      <input_file id="fl-92">
         <path>C:\ti\ccsv7\tools\compiler\ti-cgt-msp430_4.4.8\lib\</path>
         <kind>archive</kind>
         <file>rts430x_lc_rd.lib</file>
         <name>fs_mpy.obj</name>
      </input_file>
      <input_file id="fl-93">
         <path>C:\ti\ccsv7\tools\compiler\ti-cgt-msp430_4.4.8\lib\</path>
         <kind>archive</kind>
         <file>rts430x_lc_rd.lib</file>
         <name>fs_neg.obj</name>
      </input_file>
      <input_file id="fl-94">
         <path>C:\ti\ccsv7\tools\compiler\ti-cgt-msp430_4.4.8\lib\</path>
         <kind>archive</kind>
         <file>rts430x_lc_rd.lib</file>
         <name>fs_toi.obj</name>
      </input_file>
      <input_file id="fl-95">
         <path>C:\ti\ccsv7\tools\compiler\ti-cgt-msp430_4.4.8\lib\</path>
         <kind>archive</kind>
         <file>rts430x_lc_rd.lib</file>
         <name>fs_tol.obj</name>
      </input_file>
      <input_file id="fl-96">
         <path>C:\ti\ccsv7\tools\compiler\ti-cgt-msp430_4.4.8\lib\</path>
         <kind>archive</kind>
         <file>rts430x_lc_rd.lib</file>
         <name>fs_tou.obj</name>
      </input_file>
      <input_file id="fl-97">
         <path>C:\ti\ccsv7\tools\compiler\ti-cgt-msp430_4.4.8\lib\</path>
         <kind>archive</kind>
         <file>rts430x_lc_rd.lib</file>
         <name>fs_toul.obj</name>
      </input_file>
      <input_file id="fl-98">
         <path>C:\ti\ccsv7\tools\compiler\ti-cgt-msp430_4.4.8\lib\</path>
         <kind>archive</kind>
         <file>rts430x_lc_rd.lib</file>
         <name>fs_ultof.obj</name>
      </input_file>
      <input_file id="fl-99">
         <path>C:\ti\ccsv7\tools\compiler\ti-cgt-msp430_4.4.8\lib\</path>
         <kind>archive</kind>
         <file>rts430x_lc_rd.lib</file>
         <name>fs_utof.obj</name>
      </input_file>
      <input_file id="fl-9a">
         <path>C:\ti\ccsv7\tools\compiler\ti-cgt-msp430_4.4.8\lib\</path>
         <kind>archive</kind>
         <file>rts430x_lc_rd.lib</file>
         <name>labs.obj</name>
      </input_file>
      <input_file id="fl-9b">
         <path>C:\ti\ccsv7\tools\compiler\ti-cgt-msp430_4.4.8\lib\</path>
         <kind>archive</kind>
         <file>rts430x_lc_rd.lib</file>
         <name>llabs.obj</name>
      </input_file>
      <input_file id="fl-9c">
         <path>C:\ti\ccsv7\tools\compiler\ti-cgt-msp430_4.4.8\lib\</path>
         <kind>archive</kind>
         <file>rts430x_lc_rd.lib</file>
         <name>log.obj</name>
      </input_file>
      <input_file id="fl-9d">
         <path>C:\ti\ccsv7\tools\compiler\ti-cgt-msp430_4.4.8\lib\</path>
         <kind>archive</kind>
         <file>rts430x_lc_rd.lib</file>
         <name>lsl16.obj</name>
      </input_file>
      <input_file id="fl-9e">
         <path>C:\ti\ccsv7\tools\compiler\ti-cgt-msp430_4.4.8\lib\</path>
         <kind>archive</kind>
         <file>rts430x_lc_rd.lib</file>
         <name>lsl32.obj</name>
      </input_file>
      <input_file id="fl-9f">
         <path>C:\ti\ccsv7\tools\compiler\ti-cgt-msp430_4.4.8\lib\</path>
         <kind>archive</kind>
         <file>rts430x_lc_rd.lib</file>
         <name>lsl64.obj</name>
      </input_file>
      <input_file id="fl-a0">
         <path>C:\ti\ccsv7\tools\compiler\ti-cgt-msp430_4.4.8\lib\</path>
         <kind>archive</kind>
         <file>rts430x_lc_rd.lib</file>
         <name>lsr32.obj</name>
      </input_file>
      <input_file id="fl-a1">
         <path>C:\ti\ccsv7\tools\compiler\ti-cgt-msp430_4.4.8\lib\</path>
         <kind>archive</kind>
         <file>rts430x_lc_rd.lib</file>
         <name>lsr64.obj</name>
      </input_file>
      <input_file id="fl-a2">
         <path>C:\ti\ccsv7\tools\compiler\ti-cgt-msp430_4.4.8\lib\</path>
         <kind>archive</kind>
         <file>rts430x_lc_rd.lib</file>
         <name>memcpy.obj</name>
      </input_file>
      <input_file id="fl-a3">
         <path>C:\ti\ccsv7\tools\compiler\ti-cgt-msp430_4.4.8\lib\</path>
         <kind>archive</kind>
         <file>rts430x_lc_rd.lib</file>
         <name>memmov.obj</name>
      </input_file>
      <input_file id="fl-a4">
         <path>C:\ti\ccsv7\tools\compiler\ti-cgt-msp430_4.4.8\lib\</path>
         <kind>archive</kind>
         <file>rts430x_lc_rd.lib</file>
         <name>memset.obj</name>
      </input_file>
      <input_file id="fl-a5">
         <path>C:\ti\ccsv7\tools\compiler\ti-cgt-msp430_4.4.8\lib\</path>
         <kind>archive</kind>
         <file>rts430x_lc_rd.lib</file>
         <name>mpu_init.obj</name>
      </input_file>
      <input_file id="fl-a6">
         <path>C:\ti\ccsv7\tools\compiler\ti-cgt-msp430_4.4.8\lib\</path>
         <kind>archive</kind>
         <file>rts430x_lc_rd.lib</file>
         <name>mult16.obj</name>
      </input_file>
      <input_file id="fl-a7">
         <path>C:\ti\ccsv7\tools\compiler\ti-cgt-msp430_4.4.8\lib\</path>
         <kind>archive</kind>
         <file>rts430x_lc_rd.lib</file>
         <name>mult1632_f5hw.obj</name>
      </input_file>
      <input_file id="fl-a8">
         <path>C:\ti\ccsv7\tools\compiler\ti-cgt-msp430_4.4.8\lib\</path>
         <kind>archive</kind>
         <file>rts430x_lc_rd.lib</file>
         <name>mult16_f5hw.obj</name>
      </input_file>
      <input_file id="fl-a9">
         <path>C:\ti\ccsv7\tools\compiler\ti-cgt-msp430_4.4.8\lib\</path>
         <kind>archive</kind>
         <file>rts430x_lc_rd.lib</file>
         <name>mult32.obj</name>
      </input_file>
      <input_file id="fl-aa">
         <path>C:\ti\ccsv7\tools\compiler\ti-cgt-msp430_4.4.8\lib\</path>
         <kind>archive</kind>
         <file>rts430x_lc_rd.lib</file>
         <name>mult3264.obj</name>
      </input_file>
      <input_file id="fl-ab">
         <path>C:\ti\ccsv7\tools\compiler\ti-cgt-msp430_4.4.8\lib\</path>
         <kind>archive</kind>
         <file>rts430x_lc_rd.lib</file>
         <name>mult3264_f5hw.obj</name>
      </input_file>
      <input_file id="fl-ac">
         <path>C:\ti\ccsv7\tools\compiler\ti-cgt-msp430_4.4.8\lib\</path>
         <kind>archive</kind>
         <file>rts430x_lc_rd.lib</file>
         <name>mult32_f5hw.obj</name>
      </input_file>
      <input_file id="fl-ad">
         <path>C:\ti\ccsv7\tools\compiler\ti-cgt-msp430_4.4.8\lib\</path>
         <kind>archive</kind>
         <file>rts430x_lc_rd.lib</file>
         <name>mult64.obj</name>
      </input_file>
      <input_file id="fl-ae">
         <path>C:\ti\ccsv7\tools\compiler\ti-cgt-msp430_4.4.8\lib\</path>
         <kind>archive</kind>
         <file>rts430x_lc_rd.lib</file>
         <name>mult64_f5hw.obj</name>
      </input_file>
      <input_file id="fl-af">
         <path>C:\ti\ccsv7\tools\compiler\ti-cgt-msp430_4.4.8\lib\</path>
         <kind>archive</kind>
         <file>rts430x_lc_rd.lib</file>
         <name>pow.obj</name>
      </input_file>
      <input_file id="fl-b0">
         <path>C:\ti\ccsv7\tools\compiler\ti-cgt-msp430_4.4.8\lib\</path>
         <kind>archive</kind>
         <file>rts430x_lc_rd.lib</file>
         <name>pre_init.obj</name>
      </input_file>
      <input_file id="fl-b1">
         <path>C:\ti\ccsv7\tools\compiler\ti-cgt-msp430_4.4.8\lib\</path>
         <kind>archive</kind>
         <file>rts430x_lc_rd.lib</file>
         <name>rem64u.obj</name>
      </input_file>
      <input_file id="fl-b2">
         <path>C:\ti\ccsv7\tools\compiler\ti-cgt-msp430_4.4.8\lib\</path>
         <kind>archive</kind>
         <file>rts430x_lc_rd.lib</file>
         <name>round.obj</name>
      </input_file>
      <input_file id="fl-b3">
         <path>C:\ti\ccsv7\tools\compiler\ti-cgt-msp430_4.4.8\lib\</path>
         <kind>archive</kind>
         <file>rts430x_lc_rd.lib</file>
         <name>sin.obj</name>
      </input_file>
      <input_file id="fl-b4">
         <path>C:\ti\ccsv7\tools\compiler\ti-cgt-msp430_4.4.8\lib\</path>
         <kind>archive</kind>
         <file>rts430x_lc_rd.lib</file>
         <name>sinf.obj</name>
      </input_file>
      <input_file id="fl-b5">
         <path>C:\ti\ccsv7\tools\compiler\ti-cgt-msp430_4.4.8\lib\</path>
         <kind>archive</kind>
         <file>rts430x_lc_rd.lib</file>
         <name>snprintf.obj</name>
      </input_file>
      <input_file id="fl-b6">
         <path>C:\ti\ccsv7\tools\compiler\ti-cgt-msp430_4.4.8\lib\</path>
         <kind>archive</kind>
         <file>rts430x_lc_rd.lib</file>
         <name>sprintf.obj</name>
      </input_file>
      <input_file id="fl-b7">
         <path>C:\ti\ccsv7\tools\compiler\ti-cgt-msp430_4.4.8\lib\</path>
         <kind>archive</kind>
         <file>rts430x_lc_rd.lib</file>
         <name>sqrt.obj</name>
      </input_file>
      <input_file id="fl-b8">
         <path>C:\ti\ccsv7\tools\compiler\ti-cgt-msp430_4.4.8\lib\</path>
         <kind>archive</kind>
         <file>rts430x_lc_rd.lib</file>
         <name>sqrtf.obj</name>
      </input_file>
      <input_file id="fl-b9">
         <path>C:\ti\ccsv7\tools\compiler\ti-cgt-msp430_4.4.8\lib\</path>
         <kind>archive</kind>
         <file>rts430x_lc_rd.lib</file>
         <name>strstr.obj</name>
      </input_file>
      <input_file id="fl-ba">
         <path>C:\ti\ccsv7\tools\compiler\ti-cgt-msp430_4.4.8\lib\</path>
         <kind>archive</kind>
         <file>rts430x_lc_rd.lib</file>
         <name>strtod.obj</name>
      </input_file>
      <input_file id="fl-bb">
         <path>C:\ti\ccsv7\tools\compiler\ti-cgt-msp430_4.4.8\lib\</path>
         <kind>archive</kind>
         <file>rts430x_lc_rd.lib</file>
         <name>strtoul.obj</name>
      </input_file>
      <input_file id="fl-bc">
         <path>C:\ti\ccsv7\tools\compiler\ti-cgt-msp430_4.4.8\lib\</path>
         <kind>archive</kind>
         <file>rts430x_lc_rd.lib</file>
         <name>vsprintf.obj</name>
      </input_file>
      <input_file id="fl-bd">
         <path>C:\ti\ccsv7\tools\compiler\ti-cgt-msp430_4.4.8\lib\</path>
         <kind>archive</kind>
         <file>rts430x_lc_rd.lib</file>
         <name>xatan.obj</name>
      </input_file>
      <input_file id="fl-be">
         <path>C:\ti\ccsv7\tools\compiler\ti-cgt-msp430_4.4.8\lib\</path>
         <kind>archive</kind>
         <file>rts430x_lc_rd.lib</file>
         <name>xdint.obj</name>
      </input_file>
      <input_file id="fl-bf">
         <path>C:\ti\ccsv7\tools\compiler\ti-cgt-msp430_4.4.8\lib\</path>
         <kind>archive</kind>
         <file>rts430x_lc_rd.lib</file>
         <name>xdnorm.obj</name>
      </input_file>
      <input_file id="fl-c0">
         <path>C:\ti\ccsv7\tools\compiler\ti-cgt-msp430_4.4.8\lib\</path>
         <kind>archive</kind>
         <file>rts430x_lc_rd.lib</file>
         <name>xdscale.obj</name>
      </input_file>
      <input_file id="fl-c1">
         <path>C:\ti\ccsv7\tools\compiler\ti-cgt-msp430_4.4.8\lib\</path>
         <kind>archive</kind>
         <file>rts430x_lc_rd.lib</file>
         <name>xdunscal.obj</name>
      </input_file>
      <input_file id="fl-c2">
         <path>C:\ti\ccsv7\tools\compiler\ti-cgt-msp430_4.4.8\lib\</path>
         <kind>archive</kind>
         <file>rts430x_lc_rd.lib</file>
         <name>xexp.obj</name>
      </input_file>
      <input_file id="fl-c3">
         <path>C:\ti\ccsv7\tools\compiler\ti-cgt-msp430_4.4.8\lib\</path>
         <kind>archive</kind>
         <file>rts430x_lc_rd.lib</file>
         <name>xfatan.obj</name>
      </input_file>
      <input_file id="fl-c4">
         <path>C:\ti\ccsv7\tools\compiler\ti-cgt-msp430_4.4.8\lib\</path>
         <kind>archive</kind>
         <file>rts430x_lc_rd.lib</file>
         <name>xfdint.obj</name>
      </input_file>
      <input_file id="fl-c5">
         <path>C:\ti\ccsv7\tools\compiler\ti-cgt-msp430_4.4.8\lib\</path>
         <kind>archive</kind>
         <file>rts430x_lc_rd.lib</file>
         <name>xfdnorm.obj</name>
      </input_file>
      <input_file id="fl-c6">
         <path>C:\ti\ccsv7\tools\compiler\ti-cgt-msp430_4.4.8\lib\</path>
         <kind>archive</kind>
         <file>rts430x_lc_rd.lib</file>
         <name>xfdscale.obj</name>
      </input_file>
      <input_file id="fl-c7">
         <path>C:\ti\ccsv7\tools\compiler\ti-cgt-msp430_4.4.8\lib\</path>
         <kind>archive</kind>
         <file>rts430x_lc_rd.lib</file>
         <name>xfdunsca.obj</name>
      </input_file>
      <input_file id="fl-c8">
         <path>C:\ti\ccsv7\tools\compiler\ti-cgt-msp430_4.4.8\lib\</path>
         <kind>archive</kind>
         <file>rts430x_lc_rd.lib</file>
         <name>xferaise.obj</name>
      </input_file>
      <input_file id="fl-c9">
         <path>C:\ti\ccsv7\tools\compiler\ti-cgt-msp430_4.4.8\lib\</path>
         <kind>archive</kind>
         <file>rts430x_lc_rd.lib</file>
         <name>xfsin.obj</name>
      </input_file>
      <input_file id="fl-ca">
         <path>C:\ti\ccsv7\tools\compiler\ti-cgt-msp430_4.4.8\lib\</path>
         <kind>archive</kind>
         <file>rts430x_lc_rd.lib</file>
         <name>xfvalues.obj</name>
      </input_file>
      <input_file id="fl-cb">
         <path>C:\ti\ccsv7\tools\compiler\ti-cgt-msp430_4.4.8\lib\</path>
         <kind>archive</kind>
         <file>rts430x_lc_rd.lib</file>
         <name>xlog.obj</name>
      </input_file>
      <input_file id="fl-cc">
         <path>C:\ti\ccsv7\tools\compiler\ti-cgt-msp430_4.4.8\lib\</path>
         <kind>archive</kind>
         <file>rts430x_lc_rd.lib</file>
         <name>xsin.obj</name>
      </input_file>
      <input_file id="fl-cd">
         <path>C:\ti\ccsv7\tools\compiler\ti-cgt-msp430_4.4.8\lib\</path>
         <kind>archive</kind>
         <file>rts430x_lc_rd.lib</file>
         <name>xvalues.obj</name>
      </input_file>
      <input_file id="fl-ce">
         <path>C:\ti\ccsv7\tools\compiler\ti-cgt-msp430_4.4.8\lib\</path>
         <kind>archive</kind>
         <file>rts430x_lc_rd.lib</file>
         <name>_lock.obj</name>
      </input_file>
      <input_file id="fl-cf">
         <path>C:\ti\ccsv7\tools\compiler\ti-cgt-msp430_4.4.8\lib\</path>
         <kind>archive</kind>
         <file>rts430x_lc_rd.lib</file>
         <name>_printfi_min.obj</name>
      </input_file>
      <input_file id="fl-d0">
         <path>C:\ti\ccsv7\tools\compiler\ti-cgt-msp430_4.4.8\lib\</path>
         <kind>archive</kind>
         <file>rts430x_lc_rd.lib</file>
         <name>args_main.obj</name>
      </input_file>
      <input_file id="fl-d1">
         <path>C:\ti\ccsv7\tools\compiler\ti-cgt-msp430_4.4.8\lib\</path>
         <kind>archive</kind>
         <file>rts430x_lc_rd.lib</file>
         <name>autoinit_wdt.obj</name>
      </input_file>
      <input_file id="fl-d2">
         <path>C:\ti\ccsv7\tools\compiler\ti-cgt-msp430_4.4.8\lib\</path>
         <kind>archive</kind>
         <file>rts430x_lc_rd.lib</file>
         <name>errno.obj</name>
      </input_file>
      <input_file id="fl-d3">
         <path>C:\ti\ccsv7\tools\compiler\ti-cgt-msp430_4.4.8\lib\</path>
         <kind>archive</kind>
         <file>rts430x_lc_rd.lib</file>
         <name>feraiseexcept.obj</name>
      </input_file>
      <input_file id="fl-d4">
         <path>C:\ti\ccsv7\tools\compiler\ti-cgt-msp430_4.4.8\lib\</path>
         <kind>archive</kind>
         <file>rts430x_lc_rd.lib</file>
         <name>fmodf.obj</name>
      </input_file>
      <input_file id="fl-d5">
         <path>C:\ti\ccsv7\tools\compiler\ti-cgt-msp430_4.4.8\lib\</path>
         <kind>archive</kind>
         <file>rts430x_lc_rd.lib</file>
         <name>lsr16.obj</name>
      </input_file>
      <input_file id="fl-d6">
         <path>C:\ti\ccsv7\tools\compiler\ti-cgt-msp430_4.4.8\lib\</path>
         <kind>archive</kind>
         <file>rts430x_lc_rd.lib</file>
         <name>memccpy.obj</name>
      </input_file>
      <input_file id="fl-d7">
         <path>C:\ti\ccsv7\tools\compiler\ti-cgt-msp430_4.4.8\lib\</path>
         <kind>archive</kind>
         <file>rts430x_lc_rd.lib</file>
         <name>mult1632.obj</name>
      </input_file>
      <input_file id="fl-d8">
         <path>C:\ti\ccsv7\tools\compiler\ti-cgt-msp430_4.4.8\lib\</path>
         <kind>archive</kind>
         <file>rts430x_lc_rd.lib</file>
         <name>raise.obj</name>
      </input_file>
      <input_file id="fl-d9">
         <path>C:\ti\ccsv7\tools\compiler\ti-cgt-msp430_4.4.8\lib\</path>
         <kind>archive</kind>
         <file>rts430x_lc_rd.lib</file>
         <name>signal.obj</name>
      </input_file>
      <input_file id="fl-da">
         <path>C:\ti\ccsv7\tools\compiler\ti-cgt-msp430_4.4.8\lib\</path>
         <kind>archive</kind>
         <file>rts430x_lc_rd.lib</file>
         <name>strlen.obj</name>
      </input_file>
   </input_file_list>
   <object_component_list>
      <object_component id="oc-85">
         <name>.bss</name>
         <uninitialized>true</uninitialized>
         <run_address>0x1c00</run_address>
         <size>0x11c2</size>
         <input_file_ref idref="fl-2"/>
      </object_component>
      <object_component id="oc-87">
         <name>.bss</name>
         <uninitialized>true</uninitialized>
         <run_address>0x4a60</run_address>
         <size>0x4</size>
         <input_file_ref idref="fl-3"/>
      </object_component>
      <object_component id="oc-89">
         <name>.bss</name>
         <uninitialized>true</uninitialized>
         <run_address>0x4a2e</run_address>
         <size>0xc</size>
         <input_file_ref idref="fl-7"/>
      </object_component>
      <object_component id="oc-8b">
         <name>.bss</name>
         <uninitialized>true</uninitialized>
         <run_address>0x4a0e</run_address>
         <size>0x11</size>
         <input_file_ref idref="fl-8"/>
      </object_component>
      <object_component id="oc-8c">
         <name>.bss</name>
         <uninitialized>true</uninitialized>
         <run_address>0x4a64</run_address>
         <size>0x4</size>
         <input_file_ref idref="fl-a"/>
      </object_component>
      <object_component id="oc-8d">
         <name>.bss</name>
         <uninitialized>true</uninitialized>
         <run_address>0x49ea</run_address>
         <size>0x12</size>
         <input_file_ref idref="fl-d"/>
      </object_component>
      <object_component id="oc-8e">
         <name>.bss</name>
         <uninitialized>true</uninitialized>
         <run_address>0x45d6</run_address>
         <size>0x92</size>
         <input_file_ref idref="fl-f"/>
      </object_component>
      <object_component id="oc-8f">
         <name>.bss</name>
         <uninitialized>true</uninitialized>
         <run_address>0x4a6f</run_address>
         <size>0x2</size>
         <input_file_ref idref="fl-11"/>
      </object_component>
      <object_component id="oc-90">
         <name>.bss</name>
         <uninitialized>true</uninitialized>
         <run_address>0x4058</run_address>
         <size>0x15d</size>
         <input_file_ref idref="fl-12"/>
      </object_component>
      <object_component id="oc-93">
         <name>.bss</name>
         <uninitialized>true</uninitialized>
         <run_address>0x4970</run_address>
         <size>0x31</size>
         <input_file_ref idref="fl-14"/>
      </object_component>
      <object_component id="oc-94">
         <name>.bss</name>
         <uninitialized>true</uninitialized>
         <run_address>0x4a46</run_address>
         <size>0xa</size>
         <input_file_ref idref="fl-15"/>
      </object_component>
      <object_component id="oc-95">
         <name>.bss</name>
         <uninitialized>true</uninitialized>
         <run_address>0x37ea</run_address>
         <size>0x206</size>
         <input_file_ref idref="fl-16"/>
      </object_component>
      <object_component id="oc-97">
         <name>.bss</name>
         <uninitialized>true</uninitialized>
         <run_address>0x4a6c</run_address>
         <size>0x3</size>
         <input_file_ref idref="fl-17"/>
      </object_component>
      <object_component id="oc-99">
         <name>.bss</name>
         <uninitialized>true</uninitialized>
         <run_address>0x4a20</run_address>
         <size>0xe</size>
         <input_file_ref idref="fl-1a"/>
      </object_component>
      <object_component id="oc-9a">
         <name>.bss</name>
         <uninitialized>true</uninitialized>
         <run_address>0x49fc</run_address>
         <size>0x12</size>
         <input_file_ref idref="fl-1b"/>
      </object_component>
      <object_component id="oc-9c">
         <name>.bss</name>
         <uninitialized>true</uninitialized>
         <run_address>0x4668</run_address>
         <size>0x84</size>
         <input_file_ref idref="fl-1e"/>
      </object_component>
      <object_component id="oc-9e">
         <name>.bss</name>
         <uninitialized>true</uninitialized>
         <run_address>0x49d6</run_address>
         <size>0x14</size>
         <input_file_ref idref="fl-1f"/>
      </object_component>
      <object_component id="oc-a0">
         <name>.bss</name>
         <uninitialized>true</uninitialized>
         <run_address>0x4a3a</run_address>
         <size>0xc</size>
         <input_file_ref idref="fl-25"/>
      </object_component>
      <object_component id="oc-a2">
         <name>.bss</name>
         <uninitialized>true</uninitialized>
         <run_address>0x49a2</run_address>
         <size>0x1e</size>
         <input_file_ref idref="fl-27"/>
      </object_component>
      <object_component id="oc-a3">
         <name>.bss</name>
         <uninitialized>true</uninitialized>
         <run_address>0x39f0</run_address>
         <size>0x1ba</size>
         <input_file_ref idref="fl-28"/>
      </object_component>
      <object_component id="oc-a4">
         <name>.bss</name>
         <uninitialized>true</uninitialized>
         <run_address>0x43be</run_address>
         <size>0xcc</size>
         <input_file_ref idref="fl-29"/>
      </object_component>
      <object_component id="oc-a6">
         <name>.bss</name>
         <uninitialized>true</uninitialized>
         <run_address>0x4a68</run_address>
         <size>0x4</size>
         <input_file_ref idref="fl-2a"/>
      </object_component>
      <object_component id="oc-a7">
         <name>.bss</name>
         <uninitialized>true</uninitialized>
         <run_address>0x46ec</run_address>
         <size>0x78</size>
         <input_file_ref idref="fl-2e"/>
      </object_component>
      <object_component id="oc-a8">
         <name>.bss</name>
         <uninitialized>true</uninitialized>
         <run_address>0x491e</run_address>
         <size>0x52</size>
         <input_file_ref idref="fl-2f"/>
      </object_component>
      <object_component id="oc-a9">
         <name>.bss</name>
         <uninitialized>true</uninitialized>
         <run_address>0x3eec</run_address>
         <size>0x16c</size>
         <input_file_ref idref="fl-30"/>
      </object_component>
      <object_component id="oc-aa">
         <name>.bss</name>
         <uninitialized>true</uninitialized>
         <run_address>0x3d64</run_address>
         <size>0x188</size>
         <input_file_ref idref="fl-31"/>
      </object_component>
      <object_component id="oc-ad">
         <name>.bss</name>
         <uninitialized>true</uninitialized>
         <run_address>0x484e</run_address>
         <size>0x68</size>
         <input_file_ref idref="fl-33"/>
      </object_component>
      <object_component id="oc-ae">
         <name>.bss</name>
         <uninitialized>true</uninitialized>
         <run_address>0x2dc2</run_address>
         <size>0x80c</size>
         <input_file_ref idref="fl-34"/>
      </object_component>
      <object_component id="oc-b0">
         <name>.bss</name>
         <uninitialized>true</uninitialized>
         <run_address>0x47dc</run_address>
         <size>0x72</size>
         <input_file_ref idref="fl-3d"/>
      </object_component>
      <object_component id="oc-b6">
         <name>.bss</name>
         <uninitialized>true</uninitialized>
         <run_address>0x49c0</run_address>
         <size>0x16</size>
         <input_file_ref idref="fl-3e"/>
      </object_component>
      <object_component id="oc-bd">
         <name>.bss</name>
         <uninitialized>true</uninitialized>
         <run_address>0x453a</run_address>
         <size>0x9c</size>
         <input_file_ref idref="fl-3f"/>
      </object_component>
      <object_component id="oc-c3">
         <name>.bss</name>
         <uninitialized>true</uninitialized>
         <run_address>0x3baa</run_address>
         <size>0x1ba</size>
         <input_file_ref idref="fl-40"/>
      </object_component>
      <object_component id="oc-c9">
         <name>.bss</name>
         <uninitialized>true</uninitialized>
         <run_address>0x42e6</run_address>
         <size>0xd8</size>
         <input_file_ref idref="fl-41"/>
      </object_component>
      <object_component id="oc-ce">
         <name>.bss</name>
         <uninitialized>true</uninitialized>
         <run_address>0x41b6</run_address>
         <size>0x130</size>
         <input_file_ref idref="fl-42"/>
      </object_component>
      <object_component id="oc-d3">
         <name>.bss</name>
         <uninitialized>true</uninitialized>
         <run_address>0x35ce</run_address>
         <size>0x21c</size>
         <input_file_ref idref="fl-43"/>
      </object_component>
      <object_component id="oc-2a4">
         <name>.bss</name>
         <uninitialized>true</uninitialized>
         <run_address>0x48b6</run_address>
         <size>0x68</size>
         <input_file_ref idref="fl-ca"/>
      </object_component>
      <object_component id="oc-2b4">
         <name>.bss</name>
         <uninitialized>true</uninitialized>
         <run_address>0x4764</run_address>
         <size>0x78</size>
         <input_file_ref idref="fl-cd"/>
      </object_component>
      <object_component id="oc-333">
         <name>.bss:_lock</name>
         <uninitialized>true</uninitialized>
         <run_address>0x4a58</run_address>
         <size>0x4</size>
         <input_file_ref idref="fl-ce"/>
      </object_component>
      <object_component id="oc-339">
         <name>.bss:_unlock</name>
         <uninitialized>true</uninitialized>
         <run_address>0x4a5c</run_address>
         <size>0x4</size>
         <input_file_ref idref="fl-ce"/>
      </object_component>
      <object_component id="oc-2cd">
         <name>.bss</name>
         <uninitialized>true</uninitialized>
         <run_address>0x4a72</run_address>
         <size>0x2</size>
         <input_file_ref idref="fl-d2"/>
      </object_component>
      <object_component id="oc-2d1">
         <name>.bss</name>
         <uninitialized>true</uninitialized>
         <run_address>0x4a50</run_address>
         <size>0x8</size>
         <input_file_ref idref="fl-d3"/>
      </object_component>
      <object_component id="oc-2f0">
         <name>.bss</name>
         <uninitialized>true</uninitialized>
         <run_address>0x448a</run_address>
         <size>0xb0</size>
         <input_file_ref idref="fl-d9"/>
      </object_component>
      <object_component id="oc-11f">
         <name>.stack</name>
         <uninitialized>true</uninitialized>
         <run_address>0x5a00</run_address>
         <size>0x4</size>
         <input_file_ref idref="fl-7a"/>
      </object_component>
      <object_component id="oc-609">
         <name>.stack</name>
         <uninitialized>true</uninitialized>
         <run_address>0x5a00</run_address>
         <size>0x0</size>
      </object_component>
      <object_component id="oc-39c">
         <name>.text:UpdateSdConfig</name>
         <load_address>0x697e</load_address>
         <run_address>0x697e</run_address>
         <size>0x1f02</size>
         <input_file_ref idref="fl-2"/>
      </object_component>
      <object_component id="oc-39a">
         <name>.text:ParseConfig</name>
         <load_address>0x8880</load_address>
         <run_address>0x8880</run_address>
         <size>0x1606</size>
         <input_file_ref idref="fl-2"/>
      </object_component>
      <object_component id="oc-35e">
         <name>.text:StreamData</name>
         <load_address>0x9e86</load_address>
         <run_address>0x9e86</run_address>
         <size>0x1438</size>
         <input_file_ref idref="fl-2"/>
      </object_component>
      <object_component id="oc-580">
         <name>.text:inv_compute_bias</name>
         <load_address>0xb2be</load_address>
         <run_address>0xb2be</run_address>
         <size>0xa04</size>
         <input_file_ref idref="fl-43"/>
      </object_component>
      <object_component id="oc-581">
         <name>.text:inv_center_sum</name>
         <load_address>0xbcc2</load_address>
         <run_address>0xbcc2</run_address>
         <size>0x858</size>
         <input_file_ref idref="fl-43"/>
      </object_component>
      <object_component id="oc-556">
         <name>.text:inv_process_compass_only_cal</name>
         <load_address>0xc51a</load_address>
         <run_address>0xc51a</run_address>
         <size>0x742</size>
         <input_file_ref idref="fl-43"/>
      </object_component>
      <object_component id="oc-40f">
         <name>.text:MPU9150_DmpInit</name>
         <load_address>0xcc5c</load_address>
         <run_address>0xcc5c</run_address>
         <size>0x696</size>
         <input_file_ref idref="fl-31"/>
      </object_component>
      <object_component id="oc-342">
         <name>.text:UartSendRsp</name>
         <load_address>0xd2f2</load_address>
         <run_address>0xd2f2</run_address>
         <size>0x65a</size>
         <input_file_ref idref="fl-2"/>
      </object_component>
      <object_component id="oc-54b">
         <name>.text:inv_perform_9x_fusion</name>
         <load_address>0xd94c</load_address>
         <run_address>0xd94c</run_address>
         <size>0x65a</size>
         <input_file_ref idref="fl-41"/>
      </object_component>
      <object_component id="oc-48e">
         <name>.text:get_st_biases</name>
         <load_address>0xdfa6</load_address>
         <run_address>0xdfa6</run_address>
         <size>0x650</size>
         <input_file_ref idref="fl-1e"/>
      </object_component>
      <object_component id="oc-33b">
         <name>.text:Init</name>
         <load_address>0xe5f6</load_address>
         <run_address>0xe5f6</run_address>
         <size>0x64a</size>
         <input_file_ref idref="fl-2"/>
      </object_component>
      <object_component id="oc-359">
         <name>.text:StartStreaming</name>
         <load_address>0xec40</load_address>
         <run_address>0xec40</run_address>
         <size>0x52e</size>
         <input_file_ref idref="fl-2"/>
      </object_component>
      <object_component id="oc-42d">
         <name>.text:chk_mounted</name>
         <load_address>0xf16e</load_address>
         <run_address>0xf16e</run_address>
         <size>0x4ee</size>
         <input_file_ref idref="fl-16"/>
      </object_component>
      <object_component id="oc-347">
         <name>.text:MPU_saveCalibration</name>
         <load_address>0xf65c</load_address>
         <run_address>0xf65c</run_address>
         <size>0x48c</size>
         <input_file_ref idref="fl-31"/>
      </object_component>
      <object_component id="oc-57e">
         <name>.text:inv_set_terms</name>
         <load_address>0xfae8</load_address>
         <run_address>0xfae8</run_address>
         <size>0x448</size>
         <input_file_ref idref="fl-43"/>
      </object_component>
      <object_component id="oc-54d">
         <name>.text:inv_max_change</name>
         <load_address>0xff30</load_address>
         <run_address>0xff30</run_address>
         <size>0x50</size>
         <input_file_ref idref="fl-42"/>
      </object_component>
      <object_component id="oc-559">
         <name>.text:inv_check_magnetic_disturbance</name>
         <load_address>0x10000</load_address>
         <run_address>0x10000</run_address>
         <size>0x42c</size>
         <input_file_ref idref="fl-3f"/>
      </object_component>
      <object_component id="oc-460">
         <name>.text:runSetCommands</name>
         <load_address>0x1042c</load_address>
         <run_address>0x1042c</run_address>
         <size>0x3fe</size>
         <input_file_ref idref="fl-12"/>
      </object_component>
      <object_component id="oc-341">
         <name>.text:UartProcessCmd</name>
         <load_address>0x1082a</load_address>
         <run_address>0x1082a</run_address>
         <size>0x3fa</size>
         <input_file_ref idref="fl-2"/>
      </object_component>
      <object_component id="oc-4b8">
         <name>.text:pansenti_sensor_fusion</name>
         <load_address>0x10c24</load_address>
         <run_address>0x10c24</run_address>
         <size>0x3ec</size>
         <input_file_ref idref="fl-31"/>
      </object_component>
      <object_component id="oc-42a">
         <name>.text:__divull</name>
         <load_address>0x11010</load_address>
         <run_address>0x11010</run_address>
         <size>0x39a</size>
         <input_file_ref idref="fl-88"/>
      </object_component>
      <object_component id="oc-553">
         <name>.text:inv_gtc_compute_slope</name>
         <load_address>0x113aa</load_address>
         <run_address>0x113aa</run_address>
         <size>0x38e</size>
         <input_file_ref idref="fl-40"/>
      </object_component>
      <object_component id="oc-4bb">
         <name>.text:inv_get_sensor_type_euler</name>
         <load_address>0x11738</load_address>
         <run_address>0x11738</run_address>
         <size>0x388</size>
         <input_file_ref idref="fl-27"/>
      </object_component>
      <object_component id="oc-571">
         <name>.text:accel_fusion</name>
         <load_address>0x11ac0</load_address>
         <run_address>0x11ac0</run_address>
         <size>0x372</size>
         <input_file_ref idref="fl-3d"/>
      </object_component>
      <object_component id="oc-56c">
         <name>.text:inv_process_dmp_quaternion</name>
         <load_address>0x11e32</load_address>
         <run_address>0x11e32</run_address>
         <size>0x336</size>
         <input_file_ref idref="fl-3d"/>
      </object_component>
      <object_component id="oc-516">
         <name>.text:MPUQuaternionQuaternionToEuler</name>
         <load_address>0x12168</load_address>
         <run_address>0x12168</run_address>
         <size>0x312</size>
         <input_file_ref idref="fl-1c"/>
      </object_component>
      <object_component id="oc-3c2">
         <name>.text:f_write</name>
         <load_address>0x1247a</load_address>
         <run_address>0x1247a</run_address>
         <size>0x2dc</size>
         <input_file_ref idref="fl-16"/>
      </object_component>
      <object_component id="oc-310">
         <name>.text:main</name>
         <load_address>0x12756</load_address>
         <run_address>0x12756</run_address>
         <size>0x2d4</size>
         <input_file_ref idref="fl-2"/>
      </object_component>
      <object_component id="oc-407">
         <name>.text:ShimmerCalib_default</name>
         <load_address>0x12a2a</load_address>
         <run_address>0x12a2a</run_address>
         <size>0x2d2</size>
         <input_file_ref idref="fl-34"/>
      </object_component>
      <object_component id="oc-54f">
         <name>.text:inv_fast_nomot_check_data</name>
         <load_address>0x12cfc</load_address>
         <run_address>0x12cfc</run_address>
         <size>0x2c6</size>
         <input_file_ref idref="fl-42"/>
      </object_component>
      <object_component id="oc-385">
         <name>.text:InfoMem_write</name>
         <load_address>0x12fc2</load_address>
         <run_address>0x12fc2</run_address>
         <size>0x2ba</size>
         <input_file_ref idref="fl-9"/>
      </object_component>
      <object_component id="oc-3c3">
         <name>.text:f_lseek</name>
         <load_address>0x1327c</load_address>
         <run_address>0x1327c</run_address>
         <size>0x2b0</size>
         <input_file_ref idref="fl-16"/>
      </object_component>
      <object_component id="oc-3af">
         <name>.text:RcFindSmallest</name>
         <load_address>0x1352c</load_address>
         <run_address>0x1352c</run_address>
         <size>0x2ac</size>
         <input_file_ref idref="fl-2"/>
      </object_component>
      <object_component id="oc-3e7">
         <name>.text:MPU_getDmpData</name>
         <load_address>0x137d8</load_address>
         <run_address>0x137d8</run_address>
         <size>0x2a6</size>
         <input_file_ref idref="fl-31"/>
      </object_component>
      <object_component id="oc-344">
         <name>.text:ConfigureChannels</name>
         <load_address>0x13a7e</load_address>
         <run_address>0x13a7e</run_address>
         <size>0x290</size>
         <input_file_ref idref="fl-2"/>
      </object_component>
      <object_component id="oc-4a0">
         <name>.text:create_name</name>
         <load_address>0x13d0e</load_address>
         <run_address>0x13d0e</run_address>
         <size>0x286</size>
         <input_file_ref idref="fl-16"/>
      </object_component>
      <object_component id="oc-37b">
         <name>.text:UartCallback</name>
         <load_address>0x13f94</load_address>
         <run_address>0x13f94</run_address>
         <size>0x278</size>
         <input_file_ref idref="fl-2"/>
      </object_component>
      <object_component id="oc-357">
         <name>.text:SetBasedir</name>
         <load_address>0x1420c</load_address>
         <run_address>0x1420c</run_address>
         <size>0x274</size>
         <input_file_ref idref="fl-2"/>
      </object_component>
      <object_component id="oc-587">
         <name>.text:inv_check_peaks</name>
         <load_address>0x14480</load_address>
         <run_address>0x14480</run_address>
         <size>0x274</size>
         <input_file_ref idref="fl-43"/>
      </object_component>
      <object_component id="oc-5aa">
         <name>.text:_Log</name>
         <load_address>0x146f4</load_address>
         <run_address>0x146f4</run_address>
         <size>0x26c</size>
         <input_file_ref idref="fl-cb"/>
      </object_component>
      <object_component id="oc-549">
         <name>.text:inv_generate_accel_gyro_quaternion</name>
         <load_address>0x14960</load_address>
         <run_address>0x14960</run_address>
         <size>0x26c</size>
         <input_file_ref idref="fl-3d"/>
      </object_component>
      <object_component id="oc-454">
         <name>.text:dmp_read_fifo</name>
         <load_address>0x14bcc</load_address>
         <run_address>0x14bcc</run_address>
         <size>0x258</size>
         <input_file_ref idref="fl-1f"/>
      </object_component>
      <object_component id="oc-574">
         <name>.text:inv_filter_correction_angle</name>
         <load_address>0x14e24</load_address>
         <run_address>0x14e24</run_address>
         <size>0x258</size>
         <input_file_ref idref="fl-41"/>
      </object_component>
      <object_component id="oc-41c">
         <name>.text:strtod</name>
         <load_address>0x1507c</load_address>
         <run_address>0x1507c</run_address>
         <size>0x258</size>
         <input_file_ref idref="fl-ba"/>
      </object_component>
      <object_component id="oc-44f">
         <name>.text:gyro_read_fifo</name>
         <load_address>0x152d4</load_address>
         <run_address>0x152d4</run_address>
         <size>0x252</size>
         <input_file_ref idref="fl-1e"/>
      </object_component>
      <object_component id="oc-39b">
         <name>.text:SetDefaultConfiguration</name>
         <load_address>0x15526</load_address>
         <run_address>0x15526</run_address>
         <size>0x250</size>
         <input_file_ref idref="fl-2"/>
      </object_component>
      <object_component id="oc-56a">
         <name>.text:inv_compute_quat_from_accel</name>
         <load_address>0x15776</load_address>
         <run_address>0x15776</run_address>
         <size>0x248</size>
         <input_file_ref idref="fl-3d"/>
      </object_component>
      <object_component id="oc-4c4">
         <name>.text:setupUART</name>
         <load_address>0x159be</load_address>
         <run_address>0x159be</run_address>
         <size>0x248</size>
         <input_file_ref idref="fl-12"/>
      </object_component>
      <object_component id="oc-426">
         <name>.text:f_read</name>
         <load_address>0x15c06</load_address>
         <run_address>0x15c06</run_address>
         <size>0x23c</size>
         <input_file_ref idref="fl-16"/>
      </object_component>
      <object_component id="oc-3e3">
         <name>.text:SampleTimerStart</name>
         <load_address>0x15e42</load_address>
         <run_address>0x15e42</run_address>
         <size>0x22e</size>
         <input_file_ref idref="fl-2"/>
      </object_component>
      <object_component id="oc-3b3">
         <name>.text:f_open</name>
         <load_address>0x16070</load_address>
         <run_address>0x16070</run_address>
         <size>0x22c</size>
         <input_file_ref idref="fl-16"/>
      </object_component>
      <object_component id="oc-55c">
         <name>.text:_FSin</name>
         <load_address>0x1629c</load_address>
         <run_address>0x1629c</run_address>
         <size>0x22a</size>
         <input_file_ref idref="fl-c9"/>
      </object_component>
      <object_component id="oc-561">
         <name>.text:_Sin</name>
         <load_address>0x164c6</load_address>
         <run_address>0x164c6</run_address>
         <size>0x22a</size>
         <input_file_ref idref="fl-cc"/>
      </object_component>
      <object_component id="oc-3b2">
         <name>.text:f_mkdir</name>
         <load_address>0x166f0</load_address>
         <run_address>0x166f0</run_address>
         <size>0x228</size>
         <input_file_ref idref="fl-16"/>
      </object_component>
      <object_component id="oc-576">
         <name>.text:inv_q_multf</name>
         <load_address>0x16918</load_address>
         <run_address>0x16918</run_address>
         <size>0x21c</size>
         <input_file_ref idref="fl-2b"/>
      </object_component>
      <object_component id="oc-4c1">
         <name>.text:dmp_set_gyro_bias</name>
         <load_address>0x16b34</load_address>
         <run_address>0x16b34</run_address>
         <size>0x216</size>
         <input_file_ref idref="fl-1f"/>
      </object_component>
      <object_component id="oc-4c9">
         <name>.text:setup_compass</name>
         <load_address>0x16d4a</load_address>
         <run_address>0x16d4a</run_address>
         <size>0x204</size>
         <input_file_ref idref="fl-1e"/>
      </object_component>
      <object_component id="oc-39e">
         <name>.text:Config2SdHead</name>
         <load_address>0x16f4e</load_address>
         <run_address>0x16f4e</run_address>
         <size>0x1fe</size>
         <input_file_ref idref="fl-2"/>
      </object_component>
      <object_component id="oc-57a">
         <name>.text:inv_fast_nomot_parameter</name>
         <load_address>0x1714c</load_address>
         <run_address>0x1714c</run_address>
         <size>0x1fc</size>
         <input_file_ref idref="fl-42"/>
      </object_component>
      <object_component id="oc-56b">
         <name>.text:inv_generate_gyro_quaternion</name>
         <load_address>0x17348</load_address>
         <run_address>0x17348</run_address>
         <size>0x1fc</size>
         <input_file_ref idref="fl-3d"/>
      </object_component>
      <object_component id="oc-520">
         <name>.text:inv_quaternion_to_rotation</name>
         <load_address>0x17544</load_address>
         <run_address>0x17544</run_address>
         <size>0x1fc</size>
         <input_file_ref idref="fl-2b"/>
      </object_component>
      <object_component id="oc-517">
         <name>.text:MPUQuaternionEulerToQuaternion</name>
         <load_address>0x17740</load_address>
         <run_address>0x17740</run_address>
         <size>0x1f8</size>
         <input_file_ref idref="fl-1c"/>
      </object_component>
      <object_component id="oc-358">
         <name>.text:MakeBasedir</name>
         <load_address>0x17938</load_address>
         <run_address>0x17938</run_address>
         <size>0x1ea</size>
         <input_file_ref idref="fl-2"/>
      </object_component>
      <object_component id="oc-52e">
         <name>.text:inv_run_motion_no_motion</name>
         <load_address>0x17b22</load_address>
         <run_address>0x17b22</run_address>
         <size>0x1ea</size>
         <input_file_ref idref="fl-3e"/>
      </object_component>
      <object_component id="oc-578">
         <name>.text:inv_q_normalizef</name>
         <load_address>0x17d0c</load_address>
         <run_address>0x17d0c</run_address>
         <size>0x1de</size>
         <input_file_ref idref="fl-2b"/>
      </object_component>
      <object_component id="oc-410">
         <name>.text:gyro_reset_fifo</name>
         <load_address>0x17eea</load_address>
         <run_address>0x17eea</run_address>
         <size>0x1d4</size>
         <input_file_ref idref="fl-1e"/>
      </object_component>
      <object_component id="oc-3e9">
         <name>.text:MPL_getValue</name>
         <load_address>0x180be</load_address>
         <run_address>0x180be</run_address>
         <size>0x1ce</size>
         <input_file_ref idref="fl-31"/>
      </object_component>
      <object_component id="oc-52d">
         <name>.text:inv_generate_fast_nomot</name>
         <load_address>0x1828c</load_address>
         <run_address>0x1828c</run_address>
         <size>0x1ce</size>
         <input_file_ref idref="fl-42"/>
      </object_component>
      <object_component id="oc-384">
         <name>.text:strtoul</name>
         <load_address>0x1845a</load_address>
         <run_address>0x1845a</run_address>
         <size>0x1cc</size>
         <input_file_ref idref="fl-bb"/>
      </object_component>
      <object_component id="oc-33f">
         <name>.text:MPL_calibrateGo</name>
         <load_address>0x18626</load_address>
         <run_address>0x18626</run_address>
         <size>0x1c8</size>
         <input_file_ref idref="fl-2"/>
      </object_component>
      <object_component id="oc-583">
         <name>.text:inv_combine_compass_data</name>
         <load_address>0x187ee</load_address>
         <run_address>0x187ee</run_address>
         <size>0x1c6</size>
         <input_file_ref idref="fl-43"/>
      </object_component>
      <object_component id="oc-5a3">
         <name>.text:inv_compass_angle</name>
         <load_address>0x189b4</load_address>
         <run_address>0x189b4</run_address>
         <size>0x1c2</size>
         <input_file_ref idref="fl-2b"/>
      </object_component>
      <object_component id="oc-322">
         <name>.text:fmod</name>
         <load_address>0x18b76</load_address>
         <run_address>0x18b76</run_address>
         <size>0x1c0</size>
         <input_file_ref idref="fl-8c"/>
      </object_component>
      <object_component id="oc-59b">
         <name>.text:fmodf</name>
         <load_address>0x18d36</load_address>
         <run_address>0x18d36</run_address>
         <size>0x1c0</size>
         <input_file_ref idref="fl-d4"/>
      </object_component>
      <object_component id="oc-465">
         <name>.text:gyro_init</name>
         <load_address>0x18ef6</load_address>
         <run_address>0x18ef6</run_address>
         <size>0x1c0</size>
         <input_file_ref idref="fl-1e"/>
      </object_component>
      <object_component id="oc-585">
         <name>.text:inv_check_sim</name>
         <load_address>0x190b6</load_address>
         <run_address>0x190b6</run_address>
         <size>0x1ba</size>
         <input_file_ref idref="fl-43"/>
      </object_component>
      <object_component id="oc-590">
         <name>.text:ComputeAngleVelocity</name>
         <load_address>0x19270</load_address>
         <run_address>0x19270</run_address>
         <size>0x1b4</size>
         <input_file_ref idref="fl-3f"/>
      </object_component>
      <object_component id="oc-570">
         <name>.text:inv_normalize_quat</name>
         <load_address>0x19424</load_address>
         <run_address>0x19424</run_address>
         <size>0x1ac</size>
         <input_file_ref idref="fl-3d"/>
      </object_component>
      <object_component id="oc-436">
         <name>.text:dir_register</name>
         <load_address>0x195d0</load_address>
         <run_address>0x195d0</run_address>
         <size>0x1a8</size>
         <input_file_ref idref="fl-16"/>
      </object_component>
      <object_component id="oc-374">
         <name>.text:Board_init</name>
         <load_address>0x19778</load_address>
         <run_address>0x19778</run_address>
         <size>0x1a6</size>
         <input_file_ref idref="fl-4"/>
      </object_component>
      <object_component id="oc-487">
         <name>.text:dmp_enable_feature</name>
         <load_address>0x1991e</load_address>
         <run_address>0x1991e</run_address>
         <size>0x1a4</size>
         <input_file_ref idref="fl-1f"/>
      </object_component>
      <object_component id="oc-569">
         <name>.text:inv_q_mult</name>
         <load_address>0x19ac2</load_address>
         <run_address>0x19ac2</run_address>
         <size>0x1a4</size>
         <input_file_ref idref="fl-2b"/>
      </object_component>
      <object_component id="oc-4f0">
         <name>.text:dmp_set_tap_thresh</name>
         <load_address>0x19c66</load_address>
         <run_address>0x19c66</run_address>
         <size>0x19e</size>
         <input_file_ref idref="fl-1f"/>
      </object_component>
      <object_component id="oc-459">
         <name>.text:read_from_mpl</name>
         <load_address>0x19e04</load_address>
         <run_address>0x19e04</run_address>
         <size>0x19e</size>
         <input_file_ref idref="fl-31"/>
      </object_component>
      <object_component id="oc-480">
         <name>.text:dmp_set_orientation</name>
         <load_address>0x19fa2</load_address>
         <run_address>0x19fa2</run_address>
         <size>0x19a</size>
         <input_file_ref idref="fl-1f"/>
      </object_component>
      <object_component id="oc-57d">
         <name>.text:inv_ignore_compass_data</name>
         <load_address>0x1a13c</load_address>
         <run_address>0x1a13c</run_address>
         <size>0x192</size>
         <input_file_ref idref="fl-43"/>
      </object_component>
      <object_component id="oc-4a2">
         <name>.text:put_fat</name>
         <load_address>0x1a2ce</load_address>
         <run_address>0x1a2ce</run_address>
         <size>0x18c</size>
         <input_file_ref idref="fl-16"/>
      </object_component>
      <object_component id="oc-464">
         <name>.text:MPU_initStructures</name>
         <load_address>0x1a45a</load_address>
         <run_address>0x1a45a</run_address>
         <size>0x188</size>
         <input_file_ref idref="fl-1e"/>
      </object_component>
      <object_component id="oc-349">
         <name>.text:Write2SD</name>
         <load_address>0x1a5e2</load_address>
         <run_address>0x1a5e2</run_address>
         <size>0x182</size>
         <input_file_ref idref="fl-2"/>
      </object_component>
      <object_component id="oc-519">
         <name>.text:MPUQuaternionMultiply</name>
         <load_address>0x1a764</load_address>
         <run_address>0x1a764</run_address>
         <size>0x17e</size>
         <input_file_ref idref="fl-1c"/>
      </object_component>
      <object_component id="oc-39f">
         <name>.text:ShimmerCalib_file2Ram</name>
         <load_address>0x1a8e2</load_address>
         <run_address>0x1a8e2</run_address>
         <size>0x17e</size>
         <input_file_ref idref="fl-34"/>
      </object_component>
      <object_component id="oc-445">
         <name>.text:dir_next</name>
         <load_address>0x1aa60</load_address>
         <run_address>0x1aa60</run_address>
         <size>0x17e</size>
         <input_file_ref idref="fl-16"/>
      </object_component>
      <object_component id="oc-346">
         <name>.text:RcNodeR10</name>
         <load_address>0x1abde</load_address>
         <run_address>0x1abde</run_address>
         <size>0x17c</size>
         <input_file_ref idref="fl-2"/>
      </object_component>
      <object_component id="oc-340">
         <name>.text:SetupDock</name>
         <load_address>0x1ad5a</load_address>
         <run_address>0x1ad5a</run_address>
         <size>0x17a</size>
         <input_file_ref idref="fl-2"/>
      </object_component>
      <object_component id="oc-444">
         <name>.text:get_fileinfo</name>
         <load_address>0x1aed4</load_address>
         <run_address>0x1aed4</run_address>
         <size>0x17a</size>
         <input_file_ref idref="fl-16"/>
      </object_component>
      <object_component id="oc-586">
         <name>.text:inv_bias_stability</name>
         <load_address>0x1b04e</load_address>
         <run_address>0x1b04e</run_address>
         <size>0x176</size>
         <input_file_ref idref="fl-43"/>
      </object_component>
      <object_component id="oc-3f0">
         <name>.text:EXG_readData</name>
         <load_address>0x1b1c4</load_address>
         <run_address>0x1b1c4</run_address>
         <size>0x16c</size>
         <input_file_ref idref="fl-15"/>
      </object_component>
      <object_component id="oc-51a">
         <name>.text:atan2</name>
         <load_address>0x1b330</load_address>
         <run_address>0x1b330</run_address>
         <size>0x168</size>
         <input_file_ref idref="fl-75"/>
      </object_component>
      <object_component id="oc-51e">
         <name>.text:atan2f</name>
         <load_address>0x1b498</load_address>
         <run_address>0x1b498</run_address>
         <size>0x168</size>
         <input_file_ref idref="fl-76"/>
      </object_component>
      <object_component id="oc-3a0">
         <name>.text:ShimmerCalib_ram2File</name>
         <load_address>0x1b600</load_address>
         <run_address>0x1b600</run_address>
         <size>0x156</size>
         <input_file_ref idref="fl-34"/>
      </object_component>
      <object_component id="oc-49e">
         <name>.text:disk_initialize</name>
         <load_address>0x1b756</load_address>
         <run_address>0x1b756</run_address>
         <size>0x14a</size>
         <input_file_ref idref="fl-17"/>
      </object_component>
      <object_component id="oc-379">
         <name>.text:ClkAssignment</name>
         <load_address>0x1b8a0</load_address>
         <run_address>0x1b8a0</run_address>
         <size>0x146</size>
         <input_file_ref idref="fl-2"/>
      </object_component>
      <object_component id="oc-472">
         <name>.text:gyro_set_sensors</name>
         <load_address>0x1b9e6</load_address>
         <run_address>0x1b9e6</run_address>
         <size>0x146</size>
         <input_file_ref idref="fl-1e"/>
      </object_component>
      <object_component id="oc-408">
         <name>.text:ShimmerCalibFromInfo</name>
         <load_address>0x1bb2c</load_address>
         <run_address>0x1bb2c</run_address>
         <size>0x144</size>
         <input_file_ref idref="fl-2"/>
      </object_component>
      <object_component id="oc-545">
         <name>.text:_Atan</name>
         <load_address>0x1bc70</load_address>
         <run_address>0x1bc70</run_address>
         <size>0x142</size>
         <input_file_ref idref="fl-bd"/>
      </object_component>
      <object_component id="oc-546">
         <name>.text:_FAtan</name>
         <load_address>0x1bdb2</load_address>
         <run_address>0x1bdb2</run_address>
         <size>0x142</size>
         <input_file_ref idref="fl-c3"/>
      </object_component>
      <object_component id="oc-442">
         <name>.text:get_fat</name>
         <load_address>0x1bef4</load_address>
         <run_address>0x1bef4</run_address>
         <size>0x142</size>
         <input_file_ref idref="fl-16"/>
      </object_component>
      <object_component id="oc-490">
         <name>.text:gyro_self_test</name>
         <load_address>0x1c036</load_address>
         <run_address>0x1c036</run_address>
         <size>0x142</size>
         <input_file_ref idref="fl-1e"/>
      </object_component>
      <object_component id="oc-500">
         <name>.text:__divlli</name>
         <load_address>0x1c178</load_address>
         <run_address>0x1c178</run_address>
         <size>0x140</size>
         <input_file_ref idref="fl-87"/>
      </object_component>
      <object_component id="oc-4c6">
         <name>.text:gyro_set_bypass</name>
         <load_address>0x1c2b8</load_address>
         <run_address>0x1c2b8</run_address>
         <size>0x13c</size>
         <input_file_ref idref="fl-1e"/>
      </object_component>
      <object_component id="oc-37f">
         <name>.text:Dma2ConversionDone</name>
         <load_address>0x1c3f4</load_address>
         <run_address>0x1c3f4</run_address>
         <size>0x136</size>
         <input_file_ref idref="fl-2"/>
      </object_component>
      <object_component id="oc-411">
         <name>.text:gyro_run_self_test</name>
         <load_address>0x1c52a</load_address>
         <run_address>0x1c52a</run_address>
         <size>0x134</size>
         <input_file_ref idref="fl-1e"/>
      </object_component>
      <object_component id="oc-4a8">
         <name>.text:_setfield</name>
         <load_address>0x1c65e</load_address>
         <run_address>0x1c65e</run_address>
         <size>0x132</size>
         <input_file_ref idref="fl-cf"/>
      </object_component>
      <object_component id="oc-491">
         <name>.text:compass_self_test</name>
         <load_address>0x1c790</load_address>
         <run_address>0x1c790</run_address>
         <size>0x132</size>
         <input_file_ref idref="fl-1e"/>
      </object_component>
      <object_component id="oc-397">
         <name>.text:MPL_gyroCalibrate</name>
         <load_address>0x1c8c2</load_address>
         <run_address>0x1c8c2</run_address>
         <size>0x130</size>
         <input_file_ref idref="fl-31"/>
[...]
      </symbol>
      <symbol id="sm-1daa">
         <name>__remul</name>
         <value>0x22f24</value>
         <object_component_ref idref="oc-159"/>
      </symbol>
      <symbol id="sm-1dc2">
         <name>__divlli</name>
         <value>0x1c178</value>
         <object_component_ref idref="oc-500"/>
      </symbol>
      <symbol id="sm-1df4">
         <name>__divull</name>
         <value>0x11010</value>
         <object_component_ref idref="oc-42a"/>
      </symbol>
      <symbol id="sm-1e02">
         <name>C$$EXIT</name>
         <value>0x26316</value>
         <object_component_ref idref="oc-311"/>
      </symbol>
      <symbol id="sm-1e03">
         <name>abort</name>
         <value>0x26316</value>
         <object_component_ref idref="oc-311"/>
      </symbol>
      <symbol id="sm-1e1b">
         <name>floor</name>
         <value>0x1f25e</value>
         <object_component_ref idref="oc-421"/>
      </symbol>
      <symbol id="sm-1e47">
         <name>fmod</name>
         <value>0x18b76</value>
         <object_component_ref idref="oc-322"/>
      </symbol>
      <symbol id="sm-1e70">
         <name>__fs_add</name>
         <value>0x1c9f8</value>
         <object_component_ref idref="oc-179"/>
      </symbol>
      <symbol id="sm-1e71">
         <name>__fs_sub</name>
         <value>0x1c9f2</value>
         <object_component_ref idref="oc-179"/>
      </symbol>
      <symbol id="sm-1e8a">
         <name>__fs_cmp</name>
         <value>0x2393c</value>
         <object_component_ref idref="oc-17e"/>
      </symbol>
      <symbol id="sm-1eae">
         <name>__fs_div</name>
         <value>0x21004</value>
         <object_component_ref idref="oc-183"/>
      </symbol>
      <symbol id="sm-1ec5">
         <name>__fs_itof</name>
         <value>0x24926</value>
         <object_component_ref idref="oc-188"/>
      </symbol>
      <symbol id="sm-1edf">
         <name>__fs_ltof</name>
         <value>0x23986</value>
         <object_component_ref idref="oc-18d"/>
      </symbol>
      <symbol id="sm-1f09">
         <name>__fs_mpy</name>
         <value>0x1f9ce</value>
         <object_component_ref idref="oc-192"/>
      </symbol>
      <symbol id="sm-1f17">
         <name>__fs_neg</name>
         <value>0x26156</value>
         <object_component_ref idref="oc-197"/>
      </symbol>
      <symbol id="sm-1f33">
         <name>__fs_toi</name>
         <value>0x223ae</value>
         <object_component_ref idref="oc-19c"/>
      </symbol>
      <symbol id="sm-1f51">
         <name>__fs_tol</name>
         <value>0x218f0</value>
         <object_component_ref idref="oc-1a1"/>
      </symbol>
      <symbol id="sm-1f6a">
         <name>__fs_tou</name>
         <value>0x23c0a</value>
         <object_component_ref idref="oc-1a6"/>
      </symbol>
      <symbol id="sm-1f83">
         <name>__fs_toul</name>
         <value>0x23812</value>
         <object_component_ref idref="oc-1ab"/>
      </symbol>
      <symbol id="sm-1f98">
         <name>__fs_ultof</name>
         <value>0x24c90</value>
         <object_component_ref idref="oc-1b0"/>
      </symbol>
      <symbol id="sm-1fac">
         <name>__fs_utof</name>
         <value>0x256e2</value>
         <object_component_ref idref="oc-1b5"/>
      </symbol>
      <symbol id="sm-1fb9">
         <name>labs</name>
         <value>0x26060</value>
         <object_component_ref idref="oc-502"/>
      </symbol>
      <symbol id="sm-1fc6">
         <name>llabs</name>
         <value>0x25c7c</value>
         <object_component_ref idref="oc-535"/>
      </symbol>
      <symbol id="sm-1fd2">
         <name>log</name>
         <value>0x262d2</value>
         <object_component_ref idref="oc-5a9"/>
      </symbol>
      <symbol id="sm-1fdf">
         <name>I_LSL</name>
         <value>0x26160</value>
         <object_component_ref idref="oc-1c9"/>
      </symbol>
      <symbol id="sm-1fef">
         <name>L_LSL_3</name>
         <value>0x2430a</value>
         <object_component_ref idref="oc-41e"/>
      </symbol>
      <symbol id="sm-1ff0">
         <name>L_LSL_2</name>
         <value>0x2430e</value>
         <object_component_ref idref="oc-41e"/>
      </symbol>
      <symbol id="sm-1ff1">
         <name>L_LSL_1</name>
         <value>0x24312</value>
         <object_component_ref idref="oc-41e"/>
      </symbol>
      <symbol id="sm-1ff2">
         <name>L_LSL_7</name>
         <value>0x242fa</value>
         <object_component_ref idref="oc-41e"/>
      </symbol>
      <symbol id="sm-1ff3">
         <name>L_LSL_6</name>
         <value>0x242fe</value>
         <object_component_ref idref="oc-41e"/>
      </symbol>
      <symbol id="sm-1ff4">
         <name>L_LSL_5</name>
         <value>0x24302</value>
         <object_component_ref idref="oc-41e"/>
      </symbol>
      <symbol id="sm-1ff5">
         <name>L_LSL_4</name>
         <value>0x24306</value>
         <object_component_ref idref="oc-41e"/>
      </symbol>
      <symbol id="sm-1ff6">
         <name>L_LSL_9</name>
         <value>0x242f2</value>
         <object_component_ref idref="oc-41e"/>
      </symbol>
      <symbol id="sm-1ff7">
         <name>L_LSL_8</name>
         <value>0x242f6</value>
         <object_component_ref idref="oc-41e"/>
      </symbol>
      <symbol id="sm-1ff8">
         <name>L_LSL</name>
         <value>0x25f7a</value>
         <object_component_ref idref="oc-371"/>
      </symbol>
      <symbol id="sm-1ff9">
         <name>L_LSL_12</name>
         <value>0x242e6</value>
         <object_component_ref idref="oc-41e"/>
      </symbol>
      <symbol id="sm-1ffa">
         <name>L_LSL_13</name>
         <value>0x242e2</value>
         <object_component_ref idref="oc-41e"/>
      </symbol>
      <symbol id="sm-1ffb">
         <name>L_LSL_10</name>
         <value>0x242ee</value>
         <object_component_ref idref="oc-41e"/>
      </symbol>
      <symbol id="sm-1ffc">
         <name>L_LSL_11</name>
         <value>0x242ea</value>
         <object_component_ref idref="oc-41e"/>
      </symbol>
      <symbol id="sm-1ffd">
         <name>L_LSL_14</name>
         <value>0x242de</value>
         <object_component_ref idref="oc-41e"/>
      </symbol>
      <symbol id="sm-1ffe">
         <name>L_LSL_15</name>
         <value>0x242da</value>
         <object_component_ref idref="oc-41e"/>
      </symbol>
      <symbol id="sm-200e">
         <name>__lslll</name>
         <value>0x245a4</value>
         <object_component_ref idref="oc-423"/>
      </symbol>
      <symbol id="sm-201e">
         <name>L_LSR_12</name>
         <value>0x24324</value>
         <object_component_ref idref="oc-43f"/>
      </symbol>
      <symbol id="sm-201f">
         <name>L_LSR_13</name>
         <value>0x24320</value>
         <object_component_ref idref="oc-43f"/>
      </symbol>
      <symbol id="sm-2020">
         <name>L_LSR_10</name>
         <value>0x2432c</value>
         <object_component_ref idref="oc-43f"/>
      </symbol>
      <symbol id="sm-2021">
         <name>L_LSR_11</name>
         <value>0x24328</value>
         <object_component_ref idref="oc-43f"/>
      </symbol>
      <symbol id="sm-2022">
         <name>L_LSR_14</name>
         <value>0x2431c</value>
         <object_component_ref idref="oc-43f"/>
      </symbol>
      <symbol id="sm-2023">
         <name>L_LSR_15</name>
         <value>0x24318</value>
         <object_component_ref idref="oc-43f"/>
      </symbol>
      <symbol id="sm-2024">
         <name>L_LSR</name>
         <value>0x25f8a</value>
         <object_component_ref idref="oc-49c"/>
      </symbol>
      <symbol id="sm-2025">
         <name>L_LSR_3</name>
         <value>0x24348</value>
         <object_component_ref idref="oc-43f"/>
      </symbol>
      <symbol id="sm-2026">
         <name>L_LSR_2</name>
         <value>0x2434c</value>
         <object_component_ref idref="oc-43f"/>
      </symbol>
      <symbol id="sm-2027">
         <name>L_LSR_1</name>
         <value>0x24350</value>
         <object_component_ref idref="oc-43f"/>
      </symbol>
      <symbol id="sm-2028">
         <name>L_LSR_7</name>
         <value>0x24338</value>
         <object_component_ref idref="oc-43f"/>
      </symbol>
      <symbol id="sm-2029">
         <name>L_LSR_6</name>
         <value>0x2433c</value>
         <object_component_ref idref="oc-43f"/>
      </symbol>
      <symbol id="sm-202a">
         <name>L_LSR_5</name>
         <value>0x24340</value>
         <object_component_ref idref="oc-43f"/>
      </symbol>
      <symbol id="sm-202b">
         <name>L_LSR_4</name>
         <value>0x24344</value>
         <object_component_ref idref="oc-43f"/>
      </symbol>
      <symbol id="sm-202c">
         <name>L_LSR_9</name>
         <value>0x24330</value>
         <object_component_ref idref="oc-43f"/>
      </symbol>
      <symbol id="sm-202d">
         <name>L_LSR_8</name>
         <value>0x24334</value>
         <object_component_ref idref="oc-43f"/>
      </symbol>
      <symbol id="sm-203d">
         <name>__lsrll</name>
         <value>0x245de</value>
         <object_component_ref idref="oc-41a"/>
      </symbol>
      <symbol id="sm-204b">
         <name>memcpy</name>
         <value>0x25db2</value>
         <object_component_ref idref="oc-2fc"/>
      </symbol>
      <symbol id="sm-205a">
         <name>memmove</name>
         <value>0x24e0a</value>
         <object_component_ref idref="oc-593"/>
      </symbol>
      <symbol id="sm-2068">
         <name>memset</name>
         <value>0x25c92</value>
         <object_component_ref idref="oc-44c"/>
      </symbol>
      <symbol id="sm-209b">
         <name>__mpyi_f5hw</name>
         <value>0x25cbe</value>
         <object_component_ref idref="oc-324"/>
      </symbol>
      <symbol id="sm-20c7">
         <name>__mpysll_f5hw</name>
         <value>0x25144</value>
         <object_component_ref idref="oc-57c"/>
      </symbol>
      <symbol id="sm-20dd">
         <name>__mpyl_f5hw</name>
         <value>0x257b0</value>
         <object_component_ref idref="oc-405"/>
      </symbol>
      <symbol id="sm-20fe">
         <name>__mpyll_f5hw</name>
         <value>0x22c56</value>
         <object_component_ref idref="oc-428"/>
      </symbol>
      <symbol id="sm-2119">
         <name>_system_pre_init</name>
         <value>0x26312</value>
         <object_component_ref idref="oc-30b"/>
      </symbol>
      <symbol id="sm-2125">
         <name>__remull</name>
         <value>0x23180</value>
         <object_component_ref idref="oc-429"/>
      </symbol>
      <symbol id="sm-2135">
         <name>round</name>
         <value>0x21c44</value>
         <object_component_ref idref="oc-422"/>
      </symbol>
      <symbol id="sm-2141">
         <name>sin</name>
         <value>0x262e4</value>
         <object_component_ref idref="oc-542"/>
      </symbol>
      <symbol id="sm-214d">
         <name>sinf</name>
         <value>0x262ea</value>
         <object_component_ref idref="oc-534"/>
      </symbol>
      <symbol id="sm-2168">
         <name>sprintf</name>
         <value>0x23d60</value>
         <object_component_ref idref="oc-3b5"/>
      </symbol>
      <symbol id="sm-217a">
         <name>sqrt</name>
         <value>0x1ce86</value>
         <object_component_ref idref="oc-53f"/>
      </symbol>
      <symbol id="sm-218c">
         <name>sqrtf</name>
         <value>0x1cfa4</value>
         <object_component_ref idref="oc-51f"/>
      </symbol>
      <symbol id="sm-219f">
         <name>strstr</name>
         <value>0x24446</value>
         <object_component_ref idref="oc-418"/>
      </symbol>
      <symbol id="sm-21d3">
         <name>strtold</name>
         <value>0x1507c</value>
         <object_component_ref idref="oc-41c"/>
      </symbol>
      <symbol id="sm-21d4">
         <name>strtod</name>
         <value>0x1507c</value>
         <object_component_ref idref="oc-41c"/>
      </symbol>
      <symbol id="sm-21d5">
         <name>strtof</name>
         <value>0x1507c</value>
         <object_component_ref idref="oc-41c"/>
      </symbol>
      <symbol id="sm-21fa">
         <name>strtoul</name>
         <value>0x1845a</value>
         <object_component_ref idref="oc-384"/>
      </symbol>
      <symbol id="sm-2221">
         <name>_Atan</name>
         <value>0x1bc70</value>
         <object_component_ref idref="oc-545"/>
      </symbol>
      <symbol id="sm-222d">
         <name>_Dint</name>
         <value>0x26302</value>
         <object_component_ref idref="oc-499"/>
      </symbol>
      <symbol id="sm-2239">
         <name>_Dnorm</name>
         <value>0x26306</value>
         <object_component_ref idref="oc-367"/>
      </symbol>
      <symbol id="sm-2245">
         <name>_Dscale</name>
         <value>0x2630a</value>
         <object_component_ref idref="oc-368"/>
      </symbol>
      <symbol id="sm-2251">
         <name>_Dunscale</name>
         <value>0x2630e</value>
         <object_component_ref idref="oc-560"/>
      </symbol>
      <symbol id="sm-227e">
         <name>_FAtan</name>
         <value>0x1bdb2</value>
         <object_component_ref idref="oc-546"/>
      </symbol>
      <symbol id="sm-2298">
         <name>_FDint</name>
         <value>0x20e50</value>
         <object_component_ref idref="oc-504"/>
      </symbol>
      <symbol id="sm-22aa">
         <name>_FDnorm</name>
         <value>0x21236</value>
         <object_component_ref idref="oc-3f5"/>
      </symbol>
      <symbol id="sm-22c7">
         <name>_FDscale</name>
         <value>0x1d0c2</value>
         <object_component_ref idref="oc-3f6"/>
      </symbol>
      <symbol id="sm-22d9">
         <name>_FDunscale</name>
         <value>0x22548</value>
         <object_component_ref idref="oc-547"/>
      </symbol>
      <symbol id="sm-22e8">
         <name>_Feraise</name>
         <value>0x24884</value>
         <object_component_ref idref="oc-369"/>
      </symbol>
      <symbol id="sm-230f">
         <name>_FSin</name>
         <value>0x1629c</value>
         <object_component_ref idref="oc-55c"/>
      </symbol>
      <symbol id="sm-231f">
         <name>_FZero</name>
         <value>0x491a</value>
         <object_component_ref idref="oc-2a4"/>
      </symbol>
      <symbol id="sm-2320">
         <name>_FRteps</name>
         <value>0x4906</value>
         <object_component_ref idref="oc-2a4"/>
      </symbol>
      <symbol id="sm-2321">
         <name>_FSnan</name>
         <value>0x48f6</value>
         <object_component_ref idref="oc-2a4"/>
      </symbol>
      <symbol id="sm-2322">
         <name>_FNan</name>
         <value>0x48e6</value>
         <object_component_ref idref="oc-2a4"/>
      </symbol>
      <symbol id="sm-2323">
         <name>_FInf</name>
         <value>0x48d6</value>
         <object_component_ref idref="oc-2a4"/>
      </symbol>
      <symbol id="sm-2324">
         <name>_FEps</name>
         <value>0x48c6</value>
         <object_component_ref idref="oc-2a4"/>
      </symbol>
      <symbol id="sm-2325">
         <name>_FXbig</name>
         <value>0x4916</value>
         <object_component_ref idref="oc-2a4"/>
      </symbol>
      <symbol id="sm-2326">
         <name>_FDenorm</name>
         <value>0x48b6</value>
         <object_component_ref idref="oc-2a4"/>
      </symbol>
      <symbol id="sm-234f">
         <name>_Log</name>
         <value>0x146f4</value>
         <object_component_ref idref="oc-5aa"/>
      </symbol>
      <symbol id="sm-2376">
         <name>_Sin</name>
         <value>0x164c6</value>
         <object_component_ref idref="oc-561"/>
      </symbol>
      <symbol id="sm-2387">
         <name>_Rteps</name>
         <value>0x47c4</value>
         <object_component_ref idref="oc-2b4"/>
      </symbol>
      <symbol id="sm-2388">
         <name>_Zero</name>
         <value>0x47d8</value>
         <object_component_ref idref="oc-2b4"/>
      </symbol>
      <symbol id="sm-2389">
         <name>_Hugeval</name>
         <value>0x4784</value>
         <object_component_ref idref="oc-2b4"/>
      </symbol>
      <symbol id="sm-238a">
         <name>_Snan</name>
         <value>0x47b4</value>
         <object_component_ref idref="oc-2b4"/>
      </symbol>
      <symbol id="sm-238b">
         <name>_Nan</name>
         <value>0x47a4</value>
         <object_component_ref idref="oc-2b4"/>
      </symbol>
      <symbol id="sm-238c">
         <name>_Inf</name>
         <value>0x4794</value>
         <object_component_ref idref="oc-2b4"/>
      </symbol>
      <symbol id="sm-238d">
         <name>_Xbig</name>
         <value>0x47d4</value>
         <object_component_ref idref="oc-2b4"/>
      </symbol>
      <symbol id="sm-238e">
         <name>_Eps</name>
         <value>0x4774</value>
         <object_component_ref idref="oc-2b4"/>
      </symbol>
      <symbol id="sm-238f">
         <name>_Denorm</name>
         <value>0x4764</value>
         <object_component_ref idref="oc-2b4"/>
      </symbol>
      <symbol id="sm-23a3">
         <name>_nop</name>
         <value>0x2631e</value>
         <object_component_ref idref="oc-373"/>
      </symbol>
      <symbol id="sm-23a4">
         <name>_lock</name>
         <value>0x4a58</value>
         <object_component_ref idref="oc-333"/>
      </symbol>
      <symbol id="sm-23a5">
         <name>_unlock</name>
         <value>0x4a5c</value>
         <object_component_ref idref="oc-339"/>
      </symbol>
      <symbol id="sm-23e6">
         <name>__TI_printfi_minimal</name>
         <value>0x1ed92</value>
         <object_component_ref idref="oc-43b"/>
      </symbol>
      <symbol id="sm-2403">
         <name>_auto_init_hold_wdt</name>
         <value>0x2196e</value>
         <object_component_ref idref="oc-30c"/>
      </symbol>
      <symbol id="sm-240d">
         <name>_Errno</name>
         <value>0x4a72</value>
         <object_component_ref idref="oc-2cd"/>
      </symbol>
      <symbol id="sm-2420">
         <name>feraiseexcept</name>
         <value>0x24a94</value>
         <object_component_ref idref="oc-3f7"/>
      </symbol>
      <symbol id="sm-2421">
         <name>_Tls_setup__Fenv</name>
         <value>0x4a54</value>
         <object_component_ref idref="oc-2d1"/>
      </symbol>
      <symbol id="sm-2422">
         <name>_Fenv</name>
         <value>0x4a50</value>
         <object_component_ref idref="oc-2d1"/>
      </symbol>
      <symbol id="sm-244e">
         <name>fmodf</name>
         <value>0x18d36</value>
         <object_component_ref idref="oc-59b"/>
      </symbol>
      <symbol id="sm-245b">
         <name>I_LSR</name>
         <value>0x2616a</value>
         <object_component_ref idref="oc-2dd"/>
      </symbol>
      <symbol id="sm-246a">
         <name>memccpy</name>
         <value>0x25a02</value>
         <object_component_ref idref="oc-510"/>
      </symbol>
      <symbol id="sm-2482">
         <name>raise</name>
         <value>0x24c5e</value>
         <object_component_ref idref="oc-45c"/>
      </symbol>
      <symbol id="sm-2497">
         <name>signal</name>
         <value>0x24814</value>
         <object_component_ref idref="oc-4c2"/>
      </symbol>
      <symbol id="sm-24a4">
         <name>strlen</name>
         <value>0x26098</value>
         <object_component_ref idref="oc-4a7"/>
      </symbol>
   </symbol_table>
   <title>Link successful</title>
</link_info>
